Component: ARM Compiler 5.06 update 2 (build 183) Tool: armlink [4d35b7]

==============================================================================

Section Cross References

    main.o(i.InitHardware) refers to system_stm32f10x.o(i.SystemInit) for SystemInit
    main.o(i.InitHardware) refers to rcc.o(i.InitRCC) for InitRCC
    main.o(i.InitHardware) refers to nvic.o(i.InitNVIC) for InitNVIC
    main.o(i.InitHardware) refers to uart1.o(i.InitUART1) for InitUART1
    main.o(i.InitHardware) refers to uart2.o(i.InitUART2) for InitUART2
    main.o(i.InitHardware) refers to timer.o(i.InitTimer) for InitTimer
    main.o(i.InitHardware) refers to led.o(i.InitLED) for InitLED
    main.o(i.InitHardware) refers to systick.o(i.InitSysTick) for InitSysTick
    main.o(i.InitHardware) refers to adc.o(i.InitADC) for InitADC
    main.o(i.InitHardware) refers to radio.o(i.InitLORA) for InitLORA
    main.o(i.InitSoftware) refers to packunpack.o(i.InitPackUnpack) for InitPackUnpack
    main.o(i.InitSoftware) refers to prochostcmd.o(i.InitProcHostCmd) for InitProcHostCmd
    main.o(i.InitSoftware) refers to senddatatohost.o(i.InitSendDataToHost) for InitSendDataToHost
    main.o(i.InitSoftware) refers to route.o(i.InitRoute) for InitRoute
    main.o(i.Proc1SecTask) refers to memseta.o(.text) for __aeabi_memclr4
    main.o(i.Proc1SecTask) refers to timer.o(i.Get1SecFlag) for Get1SecFlag
    main.o(i.Proc1SecTask) refers to prochostcmd.o(i.ProcCloudCmd) for ProcCloudCmd
    main.o(i.Proc1SecTask) refers to rand.o(.text) for rand
    main.o(i.Proc1SecTask) refers to route.o(i.RouteTimerTasks) for RouteTimerTasks
    main.o(i.Proc1SecTask) refers to timer.o(i.Clr1SecFlag) for Clr1SecFlag
    main.o(i.Proc1SecTask) refers to main.o(.data) for s_iCnt
    main.o(i.Proc2msTask) refers to timer.o(i.Get2msFlag) for Get2msFlag
    main.o(i.Proc2msTask) refers to uart1.o(i.ReadUART1) for ReadUART1
    main.o(i.Proc2msTask) refers to prochostcmd.o(i.ProcHostCmd) for ProcHostCmd
    main.o(i.Proc2msTask) refers to timer.o(i.millis) for millis
    main.o(i.Proc2msTask) refers to rand.o(.text) for srand
    main.o(i.Proc2msTask) refers to adc.o(i.ReadADCBuf) for ReadADCBuf
    main.o(i.Proc2msTask) refers to adc.o(i.ClearADCBuf) for ClearADCBuf
    main.o(i.Proc2msTask) refers to ffltui.o(.text) for __aeabi_ui2f
    main.o(i.Proc2msTask) refers to f2d.o(.text) for __aeabi_f2d
    main.o(i.Proc2msTask) refers to dmul.o(.text) for __aeabi_dmul
    main.o(i.Proc2msTask) refers to d2f.o(.text) for __aeabi_d2f
    main.o(i.Proc2msTask) refers to dadd.o(.text) for __aeabi_drsub
    main.o(i.Proc2msTask) refers to ddiv.o(.text) for __aeabi_ddiv
    main.o(i.Proc2msTask) refers to ffixi.o(.text) for __aeabi_f2iz
    main.o(i.Proc2msTask) refers to led.o(i.LEDFlicker) for LEDFlicker
    main.o(i.Proc2msTask) refers to timer.o(i.Clr2msFlag) for Clr2msFlag
    main.o(i.Proc2msTask) refers to main.o(.data) for s_iCnt4
    main.o(i.Proc2msTask) refers to main.o(.bss) for s_arrWaveData
    main.o(i.SetSmpPrd) refers to main.o(.data) for Smp_Period
    main.o(i.main) refers to main.o(i.InitHardware) for InitHardware
    main.o(i.main) refers to main.o(i.InitSoftware) for InitSoftware
    main.o(i.main) refers to uart1.o(i.debug) for debug
    main.o(i.main) refers to main.o(i.Proc2msTask) for Proc2msTask
    main.o(i.main) refers to main.o(i.Proc1SecTask) for Proc1SecTask
    led.o(i.ConfigLEDGPIO) refers to stm32f10x_rcc.o(i.RCC_APB2PeriphClockCmd) for RCC_APB2PeriphClockCmd
    led.o(i.ConfigLEDGPIO) refers to stm32f10x_gpio.o(i.GPIO_Init) for GPIO_Init
    led.o(i.ConfigLEDGPIO) refers to stm32f10x_gpio.o(i.GPIO_WriteBit) for GPIO_WriteBit
    led.o(i.InitLED) refers to led.o(i.ConfigLEDGPIO) for ConfigLEDGPIO
    led.o(i.LEDFlicker) refers to stm32f10x_gpio.o(i.GPIO_ReadOutputDataBit) for GPIO_ReadOutputDataBit
    led.o(i.LEDFlicker) refers to stm32f10x_gpio.o(i.GPIO_WriteBit) for GPIO_WriteBit
    led.o(i.LEDFlicker) refers to led.o(.data) for s_iCnt
    packunpack.o(i.GetUnPackRslt) refers to memcpya.o(.text) for __aeabi_memcpy
    packunpack.o(i.GetUnPackRslt) refers to packunpack.o(.bss) for s_ptPack
    packunpack.o(i.InitPackUnpack) refers to memseta.o(.text) for __aeabi_memclr
    packunpack.o(i.InitPackUnpack) refers to packunpack.o(.bss) for s_ptPack
    packunpack.o(i.InitPackUnpack) refers to packunpack.o(.data) for s_iPackLen
    packunpack.o(i.PackData) refers to packunpack.o(i.CalculatePackCheckSum) for CalculatePackCheckSum
    packunpack.o(i.UnPackData) refers to timer.o(i.millis) for millis
    packunpack.o(i.UnPackData) refers to packunpack.o(i.UnpackWithCheckSum) for UnpackWithCheckSum
    packunpack.o(i.UnPackData) refers to uart1.o(i.debug) for debug
    packunpack.o(i.UnPackData) refers to packunpack.o(.bss) for s_ptPack
    packunpack.o(i.UnPackData) refers to packunpack.o(.data) for s_iGotPackId
    packunpack.o(i.UnpackWithCheckSum) refers to packunpack.o(i.CalculatePackCheckSum) for CalculatePackCheckSum
[...]
    i.TIM3_IRQHandler                        0x080032c0   Section        0  adc.o(i.TIM3_IRQHandler)
    i.TIM5_IRQHandler                        0x080032e8   Section        0  timer.o(i.TIM5_IRQHandler)
    i.TIM_ClearITPendingBit                  0x08003330   Section        0  stm32f10x_tim.o(i.TIM_ClearITPendingBit)
    i.TIM_Cmd                                0x08003336   Section        0  stm32f10x_tim.o(i.TIM_Cmd)
    i.TIM_GetITStatus                        0x0800334e   Section        0  stm32f10x_tim.o(i.TIM_GetITStatus)
    i.TIM_ITConfig                           0x08003370   Section        0  stm32f10x_tim.o(i.TIM_ITConfig)
    i.TIM_SelectOutputTrigger                0x08003382   Section        0  stm32f10x_tim.o(i.TIM_SelectOutputTrigger)
    i.TIM_TimeBaseInit                       0x08003394   Section        0  stm32f10x_tim.o(i.TIM_TimeBaseInit)
    i.TimDelayDec                            0x08003438   Section        0  systick.o(i.TimDelayDec)
    TimDelayDec                              0x08003439   Thumb Code    18  systick.o(i.TimDelayDec)
    i.USART1_IRQHandler                      0x08003450   Section        0  uart1.o(i.USART1_IRQHandler)
    i.USART2_IRQHandler                      0x080034ec   Section        0  uart2.o(i.USART2_IRQHandler)
    i.USART_ClearFlag                        0x08003588   Section        0  stm32f10x_usart.o(i.USART_ClearFlag)
    i.USART_ClearITPendingBit                0x0800359a   Section        0  stm32f10x_usart.o(i.USART_ClearITPendingBit)
    i.USART_Cmd                              0x080035b8   Section        0  stm32f10x_usart.o(i.USART_Cmd)
    i.USART_GetFlagStatus                    0x080035d0   Section        0  stm32f10x_usart.o(i.USART_GetFlagStatus)
    i.USART_GetITStatus                      0x080035ea   Section        0  stm32f10x_usart.o(i.USART_GetITStatus)
    i.USART_ITConfig                         0x0800363e   Section        0  stm32f10x_usart.o(i.USART_ITConfig)
    i.USART_Init                             0x08003688   Section        0  stm32f10x_usart.o(i.USART_Init)
    i.USART_ReceiveData                      0x08003760   Section        0  stm32f10x_usart.o(i.USART_ReceiveData)
    i.USART_SendData                         0x0800376a   Section        0  stm32f10x_usart.o(i.USART_SendData)
    i.USART_StructInit                       0x08003772   Section        0  stm32f10x_usart.o(i.USART_StructInit)
    i.UnPackData                             0x0800378c   Section        0  packunpack.o(i.UnPackData)
    i.UnpackWithCheckSum                     0x08003874   Section        0  packunpack.o(i.UnpackWithCheckSum)
    UnpackWithCheckSum                       0x08003875   Thumb Code    26  packunpack.o(i.UnpackWithCheckSum)
    i.UpdateParent                           0x08003890   Section        0  route.o(i.UpdateParent)
    UpdateParent                             0x08003891   Thumb Code    44  route.o(i.UpdateParent)
    i.UpdateRouTab2                          0x080038c4   Section        0  route.o(i.UpdateRouTab2)
    i.UpdateTable                            0x08003918   Section        0  route.o(i.UpdateTable)
    UpdateTable                              0x08003919   Thumb Code    62  route.o(i.UpdateTable)
    i.UsageFault_Handler                     0x0800395c   Section        0  stm32f10x_it.o(i.UsageFault_Handler)
    i.WriteADCBuf                            0x08003960   Section        0  adc.o(i.WriteADCBuf)
    i.WriteReceiveBuf1                       0x08003978   Section        0  uart1.o(i.WriteReceiveBuf1)
    WriteReceiveBuf1                         0x08003979   Thumb Code    20  uart1.o(i.WriteReceiveBuf1)
    i.WriteReceiveBuf2                       0x08003990   Section        0  uart2.o(i.WriteReceiveBuf2)
    WriteReceiveBuf2                         0x08003991   Thumb Code    20  uart2.o(i.WriteReceiveBuf2)
    i.WriteUART1                             0x080039a8   Section        0  uart1.o(i.WriteUART1)
    i.WriteUART2                             0x08003a08   Section        0  uart2.o(i.WriteUART2)
    i.__0sprintf                             0x08003a84   Section        0  printfa.o(i.__0sprintf)
    i.__0vsprintf                            0x08003aac   Section        0  printfa.o(i.__0vsprintf)
    i.__free$realloc                         0x08003ad0   Section        0  mallocr.o(i.__free$realloc)
    i.__malloc$realloc                       0x08003b2c   Section        0  mallocr.o(i.__malloc$realloc)
    i.__scatterload_copy                     0x08003b7c   Section       14  handlers.o(i.__scatterload_copy)
    i.__scatterload_null                     0x08003b8a   Section        2  handlers.o(i.__scatterload_null)
    i.__scatterload_zeroinit                 0x08003b8c   Section       14  handlers.o(i.__scatterload_zeroinit)
    i._fp_digits                             0x08003b9c   Section        0  printfa.o(i._fp_digits)
    _fp_digits                               0x08003b9d   Thumb Code   334  printfa.o(i._fp_digits)
    i._is_digit                              0x08003d00   Section        0  scanf_fp.o(i._is_digit)
    i._printf_core                           0x08003d10   Section        0  printfa.o(i._printf_core)
    _printf_core                             0x08003d11   Thumb Code  1744  printfa.o(i._printf_core)
    i._printf_post_padding                   0x080043ec   Section        0  printfa.o(i._printf_post_padding)
    _printf_post_padding                     0x080043ed   Thumb Code    36  printfa.o(i._printf_post_padding)
    i._printf_pre_padding                    0x08004410   Section        0  printfa.o(i._printf_pre_padding)
    _printf_pre_padding                      0x08004411   Thumb Code    46  printfa.o(i._printf_pre_padding)
    i._sputc                                 0x0800443e   Section        0  printfa.o(i._sputc)
    _sputc                                   0x0800443f   Thumb Code    10  printfa.o(i._sputc)
    i.add_item_to_array                      0x08004448   Section        0  cjson.o(i.add_item_to_array)
    add_item_to_array                        0x08004449   Thumb Code    54  cjson.o(i.add_item_to_array)
    i.add_item_to_object                     0x0800447e   Section        0  cjson.o(i.add_item_to_object)
    add_item_to_object                       0x0800447f   Thumb Code   122  cjson.o(i.add_item_to_object)
    i.buffer_skip_whitespace                 0x080044f8   Section        0  cjson.o(i.buffer_skip_whitespace)
    buffer_skip_whitespace                   0x080044f9   Thumb Code    72  cjson.o(i.buffer_skip_whitespace)
    i.cJSON_AddItemToObject                  0x08004540   Section        0  cjson.o(i.cJSON_AddItemToObject)
    i.cJSON_AddNumberToObject                0x08004560   Section        0  cjson.o(i.cJSON_AddNumberToObject)
    i.cJSON_AddStringToObject                0x0800459c   Section        0  cjson.o(i.cJSON_AddStringToObject)
    i.cJSON_CreateNumber                     0x080045d0   Section        0  cjson.o(i.cJSON_CreateNumber)
    i.cJSON_CreateObject                     0x08004634   Section        0  cjson.o(i.cJSON_CreateObject)
    i.cJSON_CreateString                     0x0800464c   Section        0  cjson.o(i.cJSON_CreateString)
    i.cJSON_Delete                           0x08004680   Section        0  cjson.o(i.cJSON_Delete)
    i.cJSON_GetObjectItem                    0x080046d8   Section        0  cjson.o(i.cJSON_GetObjectItem)
    i.cJSON_New_Item                         0x080046ea   Section        0  cjson.o(i.cJSON_New_Item)
    cJSON_New_Item                           0x080046eb   Thumb Code    26  cjson.o(i.cJSON_New_Item)
    i.cJSON_Parse                            0x08004704   Section        0  cjson.o(i.cJSON_Parse)
    i.cJSON_ParseWithLengthOpts              0x08004714   Section        0  cjson.o(i.cJSON_ParseWithLengthOpts)
    i.cJSON_ParseWithOpts                    0x080047e8   Section        0  cjson.o(i.cJSON_ParseWithOpts)
    i.cJSON_Print                            0x08004810   Section        0  cjson.o(i.cJSON_Print)
    i.cJSON_strdup                           0x08004824   Section        0  cjson.o(i.cJSON_strdup)
    cJSON_strdup                             0x08004825   Thumb Code    56  cjson.o(i.cJSON_strdup)
    i.case_insensitive_strcmp                0x0800485c   Section        0  cjson.o(i.case_insensitive_strcmp)
    case_insensitive_strcmp                  0x0800485d   Thumb Code    72  cjson.o(i.case_insensitive_strcmp)
    i.cast_away_const                        0x080048a4   Section        0  cjson.o(i.cast_away_const)
    cast_away_const                          0x080048a5   Thumb Code     2  cjson.o(i.cast_away_const)
    i.compare_double                         0x080048a8   Section        0  cjson.o(i.compare_double)
    compare_double                           0x080048a9   Thumb Code   112  cjson.o(i.compare_double)
    i.debug                                  0x0800491c   Section        0  uart1.o(i.debug)
    i.ensure                                 0x08004964   Section        0  cjson.o(i.ensure)
    ensure                                   0x08004965   Thumb Code   184  cjson.o(i.ensure)
    i.find                                   0x08004a1c   Section        0  route.o(i.find)
    find                                     0x08004a1d   Thumb Code    48  route.o(i.find)
    i.getAddress                             0x08004a50   Section        0  radio.o(i.getAddress)
    i.get_decimal_point                      0x08004ae4   Section        0  cjson.o(i.get_decimal_point)
    get_decimal_point                        0x08004ae5   Thumb Code     4  cjson.o(i.get_decimal_point)
    i.get_object_item                        0x08004ae8   Section        0  cjson.o(i.get_object_item)
    get_object_item                          0x08004ae9   Thumb Code    82  cjson.o(i.get_object_item)
    i.internal_alloc                         0x08004b3c   Section        0  mallocr.o(i.internal_alloc)
    internal_alloc                           0x08004b3d   Thumb Code    76  mallocr.o(i.internal_alloc)
    i.isLoRaReady                            0x08004b8c   Section        0  radio.o(i.isLoRaReady)
    i.main                                   0x08004b94   Section        0  main.o(i.main)
    i.millis                                 0x08004bd4   Section        0  timer.o(i.millis)
    i.parse_array                            0x08004be0   Section        0  cjson.o(i.parse_array)
    parse_array                              0x08004be1   Thumb Code   248  cjson.o(i.parse_array)
    i.parse_hex4                             0x08004cd8   Section        0  cjson.o(i.parse_hex4)
    parse_hex4                               0x08004cd9   Thumb Code    90  cjson.o(i.parse_hex4)
    i.parse_number                           0x08004d34   Section        0  cjson.o(i.parse_number)
    parse_number                             0x08004d35   Thumb Code   298  cjson.o(i.parse_number)
    i.parse_object                           0x08004e6c   Section        0  cjson.o(i.parse_object)
    parse_object                             0x08004e6d   Thumb Code   318  cjson.o(i.parse_object)
    i.parse_string                           0x08004faa   Section        0  cjson.o(i.parse_string)
    parse_string                             0x08004fab   Thumb Code   396  cjson.o(i.parse_string)
    i.parse_value                            0x08005138   Section        0  cjson.o(i.parse_value)
    parse_value                              0x08005139   Thumb Code   290  cjson.o(i.parse_value)
    i.print                                  0x08005274   Section        0  cjson.o(i.print)
    print                                    0x08005275   Thumb Code   178  cjson.o(i.print)
    i.print_array                            0x08005326   Section        0  cjson.o(i.print_array)
    print_array                              0x08005327   Thumb Code   178  cjson.o(i.print_array)
    i.print_number                           0x080053d8   Section        0  cjson.o(i.print_number)
    print_number                             0x080053d9   Thumb Code   304  cjson.o(i.print_number)
    i.print_object                           0x0800552c   Section        0  cjson.o(i.print_object)
    print_object                             0x0800552d   Thumb Code   372  cjson.o(i.print_object)
    i.print_string                           0x080056a0   Section        0  cjson.o(i.print_string)
    print_string                             0x080056a1   Thumb Code    16  cjson.o(i.print_string)
    i.print_string_ptr                       0x080056b0   Section        0  cjson.o(i.print_string_ptr)
    print_string_ptr                         0x080056b1   Thumb Code   360  cjson.o(i.print_string_ptr)
    i.print_value                            0x08005824   Section        0  cjson.o(i.print_value)
    print_value                              0x08005825   Thumb Code   236  cjson.o(i.print_value)
    i.readRegisters                          0x08005928   Section        0  radio.o(i.readRegisters)
    readRegisters                            0x08005929   Thumb Code   114  radio.o(i.readRegisters)
    i.realloc                                0x080059a0   Section        0  mallocr.o(i.realloc)
    i.skip_utf8_bom                          0x08005a0c   Section        0  cjson.o(i.skip_utf8_bom)
    skip_utf8_bom                            0x08005a0d   Thumb Code    56  cjson.o(i.skip_utf8_bom)
    i.strtod                                 0x08005a48   Section        0  strtod.o(i.strtod)
    i.suffix_object                          0x08005a64   Section        0  cjson.o(i.suffix_object)
    suffix_object                            0x08005a65   Thumb Code     6  cjson.o(i.suffix_object)
    i.update_offset                          0x08005a6a   Section        0  cjson.o(i.update_offset)
    update_offset                            0x08005a6b   Thumb Code    36  cjson.o(i.update_offset)
    i.utf16_literal_to_utf8                  0x08005a8e   Section        0  cjson.o(i.utf16_literal_to_utf8)
    utf16_literal_to_utf8                    0x08005a8f   Thumb Code   300  cjson.o(i.utf16_literal_to_utf8)
    .constdata                               0x08005bba   Section       64  ctype_c.o(.constdata)
    .data                                    0x20000000   Section        6  main.o(.data)
    Smp_Period                               0x20000000   Data           2  main.o(.data)
    s_iCnt4                                  0x20000002   Data           2  main.o(.data)
    s_iPointCnt                              0x20000004   Data           1  main.o(.data)
    s_iCnt                                   0x20000005   Data           1  main.o(.data)
    .data                                    0x20000006   Section        2  led.o(.data)
    s_iCnt                                   0x20000006   Data           2  led.o(.data)
    .data                                    0x20000008   Section        8  packunpack.o(.data)
    s_iPackLen                               0x20000008   Data           1  packunpack.o(.data)
    s_iGotPackId                             0x20000009   Data           1  packunpack.o(.data)
    s_iRestByteNum                           0x2000000a   Data           1  packunpack.o(.data)
    s_millis_last                            0x2000000c   Data           4  packunpack.o(.data)
    .data                                    0x20000010   Section        8  prochostcmd.o(.data)
    lastRecCmdID                             0x20000010   Data           1  prochostcmd.o(.data)
    MsgNo                                    0x20000014   Data           4  prochostcmd.o(.data)
    .data                                    0x20000018   Section       20  cjson.o(.data)
    global_error                             0x20000018   Data           8  cjson.o(.data)
    global_hooks                             0x20000020   Data          12  cjson.o(.data)
    .data                                    0x2000002c   Section        9  route.o(.data)
    s_structRouteTable                       0x2000002c   Data           8  route.o(.data)
    IndexOfParent                            0x20000034   Data           1  route.o(.data)
    .data                                    0x20000038   Section       12  timer.o(.data)
    s_i2msFlag                               0x20000038   Data           1  timer.o(.data)
    s_i1secFlag                              0x20000039   Data           1  timer.o(.data)
    s_millis_cur                             0x2000003c   Data           4  timer.o(.data)
    s_iCnt2                                  0x20000040   Data           2  timer.o(.data)
    s_iCnt1000                               0x20000042   Data           2  timer.o(.data)
    .data                                    0x20000044   Section        1  uart1.o(.data)
    s_iUART1TxSts                            0x20000044   Data           1  uart1.o(.data)
    .data                                    0x20000046   Section        2  adc.o(.data)
    s_arrADC1Data                            0x20000046   Data           2  adc.o(.data)
    .data                                    0x20000048   Section        8  dac.o(.data)
    s_strDAC1WaveBuf                         0x20000048   Data           8  dac.o(.data)
    .data                                    0x20000050   Section        6  radio.o(.data)
    s_curMode                                0x20000050   Data           1  radio.o(.data)
    s_Aux                                    0x20000051   Data           1  radio.o(.data)
    s_address                                0x20000052   Data           2  radio.o(.data)
    s_RadioBuf                               0x20000054   Data           2  radio.o(.data)
    .data                                    0x20000056   Section        1  uart2.o(.data)
    s_iUART2TxSts                            0x20000056   Data           1  uart2.o(.data)
    .data                                    0x20000057   Section       20  stm32f10x_rcc.o(.data)
    APBAHBPrescTable                         0x20000057   Data          16  stm32f10x_rcc.o(.data)
    ADCPrescTable                            0x20000067   Data           4  stm32f10x_rcc.o(.data)
    .data                                    0x2000006c   Section       20  system_stm32f10x.o(.data)
    .data                                    0x20000080   Section        4  systick.o(.data)
    s_iTimDelayCnt                           0x20000080   Data           4  systick.o(.data)
    .data                                    0x20000084   Section        4  rand.o(.data)
    _rand_state                              0x20000084   Data           4  rand.o(.data)
    .data                                    0x20000088   Section        4  mvars.o(.data)
    .data                                    0x2000008c   Section        4  mvars.o(.data)
    .bss                                     0x20000090   Section       70  main.o(.bss)
    s_arrWaveData                            0x20000090   Data          70  main.o(.bss)
    .bss                                     0x200000d6   Section       64  packunpack.o(.bss)
    s_ptPack                                 0x200000d6   Data          64  packunpack.o(.bss)
    .bss                                     0x20000116   Section       10  prochostcmd.o(.bss)
    IdBuff                                   0x20000116   Data          10  prochostcmd.o(.bss)
    .bss                                     0x20000120   Section      128  route.o(.bss)
    s_structRouteBuf                         0x20000120   Data         128  route.o(.bss)
    .bss                                     0x200001a0   Section     4120  uart1.o(.bss)
    s_structUART1SendCirQue                  0x200001a0   Data          12  uart1.o(.bss)
    s_structUART1RecCirQue                   0x200001ac   Data          12  uart1.o(.bss)
    s_arrSendBuf1                            0x200001b8   Data        2048  uart1.o(.bss)
    s_arrRecBuf1                             0x200009b8   Data        2048  uart1.o(.bss)
    .bss                                     0x200011b8   Section      212  adc.o(.bss)
    s_structADCCirQue                        0x200011b8   Data          12  adc.o(.bss)
    s_arrADCBuf                              0x200011c4   Data         200  adc.o(.bss)
    .bss                                     0x2000128c   Section     2072  uart2.o(.bss)
    s_structUART2SendCirQue                  0x2000128c   Data          12  uart2.o(.bss)
    s_structUART2RecCirQue                   0x20001298   Data          12  uart2.o(.bss)
    s_arrSendBuf2                            0x200012a4   Data        1024  uart2.o(.bss)
    s_arrRecBuf2                             0x200016a4   Data        1024  uart2.o(.bss)
    HEAP                                     0x20001aa8   Section     2048  startup_stm32f10x_hd.o(HEAP)
    STACK                                    0x200022a8   Section     2048  startup_stm32f10x_hd.o(STACK)

    Global Symbols

    Symbol Name                              Value     Ov Type        Size  Object(Section)

    BuildAttributes$$THM_ISAv4$P$D$K$B$S$PE$A:L22UL41UL21$X:L11$S22US41US21$IEEE1$IW$USESV6$~STKCKD$USESV7$~SHL$OTIME$ROPI$IEEEJ$EBA8$MICROLIB$REQ8$PRES8$EABIv2 0x00000000   Number         0  anon$$obj.o ABSOLUTE
    __ARM_use_no_argv                        0x00000000   Number         0  main.o ABSOLUTE
    _printf_a                                0x00000000   Number         0  stubs.o ABSOLUTE
    _printf_c                                0x00000000   Number         0  stubs.o ABSOLUTE
    _printf_charcount                        0x00000000   Number         0  stubs.o ABSOLUTE
    _printf_d                                0x00000000   Number         0  stubs.o ABSOLUTE
    _printf_e                                0x00000000   Number         0  stubs.o ABSOLUTE
    _printf_f                                0x00000000   Number         0  stubs.o ABSOLUTE
    _printf_flags                            0x00000000   Number         0  stubs.o ABSOLUTE
    _printf_fp_dec                           0x00000000   Number         0  stubs.o ABSOLUTE
    _printf_fp_hex                           0x00000000   Number         0  stubs.o ABSOLUTE
    _printf_g                                0x00000000   Number         0  stubs.o ABSOLUTE
    _printf_i                                0x00000000   Number         0  stubs.o ABSOLUTE
    _printf_int_dec                          0x00000000   Number         0  stubs.o ABSOLUTE
    _printf_l                                0x00000000   Number         0  stubs.o ABSOLUTE
    _printf_lc                               0x00000000   Number         0  stubs.o ABSOLUTE
    _printf_ll                               0x00000000   Number         0  stubs.o ABSOLUTE
    _printf_lld                              0x00000000   Number         0  stubs.o ABSOLUTE
    _printf_lli                              0x00000000   Number         0  stubs.o ABSOLUTE
    _printf_llo                              0x00000000   Number         0  stubs.o ABSOLUTE
    _printf_llu                              0x00000000   Number         0  stubs.o ABSOLUTE
    _printf_llx                              0x00000000   Number         0  stubs.o ABSOLUTE
    _printf_longlong_dec                     0x00000000   Number         0  stubs.o ABSOLUTE
    _printf_longlong_hex                     0x00000000   Number         0  stubs.o ABSOLUTE
    _printf_longlong_oct                     0x00000000   Number         0  stubs.o ABSOLUTE
    _printf_ls                               0x00000000   Number         0  stubs.o ABSOLUTE
    _printf_mbtowc                           0x00000000   Number         0  stubs.o ABSOLUTE
    _printf_n                                0x00000000   Number         0  stubs.o ABSOLUTE
    _printf_o                                0x00000000   Number         0  stubs.o ABSOLUTE
    _printf_p                                0x00000000   Number         0  stubs.o ABSOLUTE
    _printf_percent                          0x00000000   Number         0  stubs.o ABSOLUTE
    _printf_pre_padding                      0x00000000   Number         0  stubs.o ABSOLUTE
    _printf_return_value                     0x00000000   Number         0  stubs.o ABSOLUTE
    _printf_s                                0x00000000   Number         0  stubs.o ABSOLUTE
    _printf_sizespec                         0x00000000   Number         0  stubs.o ABSOLUTE
    _printf_str                              0x00000000   Number         0  stubs.o ABSOLUTE
    _printf_truncate_signed                  0x00000000   Number         0  stubs.o ABSOLUTE
    _printf_truncate_unsigned                0x00000000   Number         0  stubs.o ABSOLUTE
    _printf_u                                0x00000000   Number         0  stubs.o ABSOLUTE
    _printf_wc                               0x00000000   Number         0  stubs.o ABSOLUTE
    _printf_wctomb                           0x00000000   Number         0  stubs.o ABSOLUTE
    _printf_widthprec                        0x00000000   Number         0  stubs.o ABSOLUTE
    _printf_x                                0x00000000   Number         0  stubs.o ABSOLUTE
    __cpp_initialize__aeabi_                  - Undefined Weak Reference
    __cxa_finalize                            - Undefined Weak Reference
    __decompress                              - Undefined Weak Reference
    _clock_init                               - Undefined Weak Reference
    _microlib_exit                            - Undefined Weak Reference
    _scanf_int                                - Undefined Weak Reference
    _scanf_longlong                           - Undefined Weak Reference
    _scanf_string                             - Undefined Weak Reference
    __Vectors_Size                           0x00000130   Number         0  startup_stm32f10x_hd.o ABSOLUTE
    __Vectors                                0x08000000   Data           4  startup_stm32f10x_hd.o(RESET)
    __Vectors_End                            0x08000130   Data           0  startup_stm32f10x_hd.o(RESET)
    __main                                   0x08000131   Thumb Code     0  entry.o(.ARM.Collect$$$$00000000)
    _main_stk                                0x08000131   Thumb Code     0  entry2.o(.ARM.Collect$$$$00000001)
    _main_scatterload                        0x08000135   Thumb Code     0  entry5.o(.ARM.Collect$$$$00000004)
    __main_after_scatterload                 0x08000139   Thumb Code     0  entry5.o(.ARM.Collect$$$$00000004)
    _main_clock                              0x08000139   Thumb Code     0  entry7b.o(.ARM.Collect$$$$00000008)
    _main_cpp_init                           0x08000139   Thumb Code     0  entry8b.o(.ARM.Collect$$$$0000000A)
    _main_init                               0x08000139   Thumb Code     0  entry9a.o(.ARM.Collect$$$$0000000B)
    __rt_final_cpp                           0x08000141   Thumb Code     0  entry10a.o(.ARM.Collect$$$$0000000D)
    __rt_final_exit                          0x08000141   Thumb Code     0  entry11a.o(.ARM.Collect$$$$0000000F)
    Reset_Handler                            0x08000145   Thumb Code     8  startup_stm32f10x_hd.o(.text)
    ADC1_2_IRQHandler                        0x0800015f   Thumb Code     0  startup_stm32f10x_hd.o(.text)
    ADC3_IRQHandler                          0x0800015f   Thumb Code     0  startup_stm32f10x_hd.o(.text)
    CAN1_RX1_IRQHandler                      0x0800015f   Thumb Code     0  startup_stm32f10x_hd.o(.text)
    CAN1_SCE_IRQHandler                      0x0800015f   Thumb Code     0  startup_stm32f10x_hd.o(.text)
    DMA1_Channel1_IRQHandler                 0x0800015f   Thumb Code     0  startup_stm32f10x_hd.o(.text)
    DMA1_Channel2_IRQHandler                 0x0800015f   Thumb Code     0  startup_stm32f10x_hd.o(.text)
    DMA1_Channel3_IRQHandler                 0x0800015f   Thumb Code     0  startup_stm32f10x_hd.o(.text)
    DMA1_Channel4_IRQHandler                 0x0800015f   Thumb Code     0  startup_stm32f10x_hd.o(.text)
    DMA1_Channel5_IRQHandler                 0x0800015f   Thumb Code     0  startup_stm32f10x_hd.o(.text)
    DMA1_Channel6_IRQHandler                 0x0800015f   Thumb Code     0  startup_stm32f10x_hd.o(.text)
    DMA1_Channel7_IRQHandler                 0x0800015f   Thumb Code     0  startup_stm32f10x_hd.o(.text)
    DMA2_Channel1_IRQHandler                 0x0800015f   Thumb Code     0  startup_stm32f10x_hd.o(.text)
    DMA2_Channel2_IRQHandler                 0x0800015f   Thumb Code     0  startup_stm32f10x_hd.o(.text)
    DMA2_Channel4_5_IRQHandler               0x0800015f   Thumb Code     0  startup_stm32f10x_hd.o(.text)
    EXTI0_IRQHandler                         0x0800015f   Thumb Code     0  startup_stm32f10x_hd.o(.text)
    EXTI15_10_IRQHandler                     0x0800015f   Thumb Code     0  startup_stm32f10x_hd.o(.text)
    EXTI1_IRQHandler                         0x0800015f   Thumb Code     0  startup_stm32f10x_hd.o(.text)
    EXTI2_IRQHandler                         0x0800015f   Thumb Code     0  startup_stm32f10x_hd.o(.text)
    EXTI3_IRQHandler                         0x0800015f   Thumb Code     0  startup_stm32f10x_hd.o(.text)
    EXTI9_5_IRQHandler                       0x0800015f   Thumb Code     0  startup_stm32f10x_hd.o(.text)
    FLASH_IRQHandler                         0x0800015f   Thumb Code     0  startup_stm32f10x_hd.o(.text)
    FSMC_IRQHandler                          0x0800015f   Thumb Code     0  startup_stm32f10x_hd.o(.text)
    I2C1_ER_IRQHandler                       0x0800015f   Thumb Code     0  startup_stm32f10x_hd.o(.text)
    I2C1_EV_IRQHandler                       0x0800015f   Thumb Code     0  startup_stm32f10x_hd.o(.text)
    I2C2_ER_IRQHandler                       0x0800015f   Thumb Code     0  startup_stm32f10x_hd.o(.text)
    I2C2_EV_IRQHandler                       0x0800015f   Thumb Code     0  startup_stm32f10x_hd.o(.text)
    PVD_IRQHandler                           0x0800015f   Thumb Code     0  startup_stm32f10x_hd.o(.text)
    RCC_IRQHandler                           0x0800015f   Thumb Code     0  startup_stm32f10x_hd.o(.text)
    RTCAlarm_IRQHandler                      0x0800015f   Thumb Code     0  startup_stm32f10x_hd.o(.text)
    RTC_IRQHandler                           0x0800015f   Thumb Code     0  startup_stm32f10x_hd.o(.text)
    SDIO_IRQHandler                          0x0800015f   Thumb Code     0  startup_stm32f10x_hd.o(.text)
    SPI1_IRQHandler                          0x0800015f   Thumb Code     0  startup_stm32f10x_hd.o(.text)
    SPI2_IRQHandler                          0x0800015f   Thumb Code     0  startup_stm32f10x_hd.o(.text)
    SPI3_IRQHandler                          0x0800015f   Thumb Code     0  startup_stm32f10x_hd.o(.text)
    TAMPER_IRQHandler                        0x0800015f   Thumb Code     0  startup_stm32f10x_hd.o(.text)
    TIM1_BRK_IRQHandler                      0x0800015f   Thumb Code     0  startup_stm32f10x_hd.o(.text)
    TIM1_CC_IRQHandler                       0x0800015f   Thumb Code     0  startup_stm32f10x_hd.o(.text)
    TIM1_TRG_COM_IRQHandler                  0x0800015f   Thumb Code     0  startup_stm32f10x_hd.o(.text)
    TIM1_UP_IRQHandler                       0x0800015f   Thumb Code     0  startup_stm32f10x_hd.o(.text)
    TIM4_IRQHandler                          0x0800015f   Thumb Code     0  startup_stm32f10x_hd.o(.text)
    TIM6_IRQHandler                          0x0800015f   Thumb Code     0  startup_stm32f10x_hd.o(.text)
    TIM7_IRQHandler                          0x0800015f   Thumb Code     0  startup_stm32f10x_hd.o(.text)
    TIM8_BRK_IRQHandler                      0x0800015f   Thumb Code     0  startup_stm32f10x_hd.o(.text)
    TIM8_CC_IRQHandler                       0x0800015f   Thumb Code     0  startup_stm32f10x_hd.o(.text)
    TIM8_TRG_COM_IRQHandler                  0x0800015f   Thumb Code     0  startup_stm32f10x_hd.o(.text)
    TIM8_UP_IRQHandler                       0x0800015f   Thumb Code     0  startup_stm32f10x_hd.o(.text)
    UART4_IRQHandler                         0x0800015f   Thumb Code     0  startup_stm32f10x_hd.o(.text)
    UART5_IRQHandler                         0x0800015f   Thumb Code     0  startup_stm32f10x_hd.o(.text)
    USART3_IRQHandler                        0x0800015f   Thumb Code     0  startup_stm32f10x_hd.o(.text)
    USBWakeUp_IRQHandler                     0x0800015f   Thumb Code     0  startup_stm32f10x_hd.o(.text)
    USB_HP_CAN1_TX_IRQHandler                0x0800015f   Thumb Code     0  startup_stm32f10x_hd.o(.text)
    USB_LP_CAN1_RX0_IRQHandler               0x0800015f   Thumb Code     0  startup_stm32f10x_hd.o(.text)
    WWDG_IRQHandler                          0x0800015f   Thumb Code     0  startup_stm32f10x_hd.o(.text)
    tolower                                  0x08000169   Thumb Code    12  tolower.o(.text)
    rand                                     0x08000175   Thumb Code    20  rand.o(.text)
    srand                                    0x08000189   Thumb Code     6  rand.o(.text)
    __aeabi_memcpy                           0x08000199   Thumb Code    36  memcpya.o(.text)
    __aeabi_memcpy4                          0x08000199   Thumb Code     0  memcpya.o(.text)
    __aeabi_memcpy8                          0x08000199   Thumb Code     0  memcpya.o(.text)
    __aeabi_memset                           0x080001bd   Thumb Code    14  memseta.o(.text)
    __aeabi_memset4                          0x080001bd   Thumb Code     0  memseta.o(.text)
    __aeabi_memset8                          0x080001bd   Thumb Code     0  memseta.o(.text)
    __aeabi_memclr                           0x080001cb   Thumb Code     4  memseta.o(.text)
    __aeabi_memclr4                          0x080001cb   Thumb Code     0  memseta.o(.text)
    __aeabi_memclr8                          0x080001cb   Thumb Code     0  memseta.o(.text)
    _memset$wrapper                          0x080001cf   Thumb Code    18  memseta.o(.text)
    strlen                                   0x080001e1   Thumb Code    14  strlen.o(.text)
    strcmp                                   0x080001ef   Thumb Code    28  strcmp.o(.text)
    strcpy                                   0x0800020b   Thumb Code    18  strcpy.o(.text)
    strncmp                                  0x0800021d   Thumb Code    30  strncmp.o(.text)
    __0sscanf                                0x0800023d   Thumb Code    48  __0sscanf.o(.text)
    _scanf_real                              0x08000375   Thumb Code     0  scanf_fp.o(.text)
    _scanf_really_real                       0x08000375   Thumb Code   556  scanf_fp.o(.text)
    __aeabi_dadd                             0x080005ad   Thumb Code   322  dadd.o(.text)
    __aeabi_dsub                             0x080006ef   Thumb Code     6  dadd.o(.text)
    __aeabi_drsub                            0x080006f5   Thumb Code     6  dadd.o(.text)
    __aeabi_dmul                             0x080006fb   Thumb Code   228  dmul.o(.text)
    __aeabi_ddiv                             0x080007df   Thumb Code   222  ddiv.o(.text)
    __aeabi_ui2f                             0x080008bd   Thumb Code    10  ffltui.o(.text)
    __aeabi_i2d                              0x080008c7   Thumb Code    34  dflti.o(.text)
    __aeabi_ui2d                             0x080008e9   Thumb Code    26  dfltui.o(.text)
    __aeabi_f2iz                             0x08000903   Thumb Code    50  ffixi.o(.text)
    __aeabi_d2iz                             0x08000935   Thumb Code    62  dfixi.o(.text)
    __aeabi_f2d                              0x08000973   Thumb Code    38  f2d.o(.text)
    __aeabi_cdcmpeq                          0x08000999   Thumb Code     0  cdcmple.o(.text)
    __aeabi_cdcmple                          0x08000999   Thumb Code    48  cdcmple.o(.text)
    __aeabi_cdrcmple                         0x080009c9   Thumb Code    48  cdrcmple.o(.text)
    __aeabi_d2f                              0x080009f9   Thumb Code    56  d2f.o(.text)
    __aeabi_uidiv                            0x08000a31   Thumb Code     0  uidiv.o(.text)
    __aeabi_uidivmod                         0x08000a31   Thumb Code    44  uidiv.o(.text)
    __aeabi_uldivmod                         0x08000a5d   Thumb Code    98  uldiv.o(.text)
    __aeabi_llsl                             0x08000abf   Thumb Code    30  llshl.o(.text)
    _ll_shift_l                              0x08000abf   Thumb Code     0  llshl.o(.text)
    __aeabi_llsr                             0x08000add   Thumb Code    32  llushr.o(.text)
    _ll_ushift_r                             0x08000add   Thumb Code     0  llushr.o(.text)
    __aeabi_lasr                             0x08000afd   Thumb Code    36  llsshr.o(.text)
    _ll_sshift_r                             0x08000afd   Thumb Code     0  llsshr.o(.text)
    __vfscanf_char                           0x08000b2d   Thumb Code    20  scanf_char.o(.text)
    _sgetc                                   0x08000b49   Thumb Code    30  _sgetc.o(.text)
    _sbackspace                              0x08000b67   Thumb Code    34  _sgetc.o(.text)
    __strtod_int                             0x08000bbf   Thumb Code    88  strtod.o(.text)
    __I$use$fp                               0x08000c25   Thumb Code     0  iusefp.o(.text)
    _float_round                             0x08000c25   Thumb Code    18  fepilogue.o(.text)
    _float_epilogue                          0x08000c37   Thumb Code    92  fepilogue.o(.text)
    _double_round                            0x08000c93   Thumb Code    30  depilogue.o(.text)
    _double_epilogue                         0x08000cb1   Thumb Code   156  depilogue.o(.text)
    __aeabi_ul2d                             0x08000d4d   Thumb Code    24  dfltul.o(.text)
    __aeabi_d2ulz                            0x08000d65   Thumb Code    48  dfixul.o(.text)
    __scatterload                            0x08000d95   Thumb Code    28  init.o(.text)
    __scatterload_rt2                        0x08000d95   Thumb Code     0  init.o(.text)
    isspace                                  0x08000db9   Thumb Code    10  isspace_c.o(.text)
    __vfscanf                                0x08000dc5   Thumb Code   808  _scanf.o(.text)
    __ctype_lookup                           0x080010f1   Thumb Code    34  ctype_c.o(.text)
    ADC_Cmd                                  0x08001119   Thumb Code    22  stm32f10x_adc.o(i.ADC_Cmd)
    ADC_DMACmd                               0x0800112f   Thumb Code    22  stm32f10x_adc.o(i.ADC_DMACmd)
    ADC_DeInit                               0x08001145   Thumb Code    78  stm32f10x_adc.o(i.ADC_DeInit)
    ADC_ExternalTrigConvCmd                  0x080011a1   Thumb Code    22  stm32f10x_adc.o(i.ADC_ExternalTrigConvCmd)
    ADC_GetCalibrationStatus                 0x080011b7   Thumb Code    20  stm32f10x_adc.o(i.ADC_GetCalibrationStatus)
    ADC_GetResetCalibrationStatus            0x080011cb   Thumb Code    20  stm32f10x_adc.o(i.ADC_GetResetCalibrationStatus)
    ADC_Init                                 0x080011e1   Thumb Code    70  stm32f10x_adc.o(i.ADC_Init)
    ADC_RegularChannelConfig                 0x08001231   Thumb Code   184  stm32f10x_adc.o(i.ADC_RegularChannelConfig)
    ADC_ResetCalibration                     0x080012e9   Thumb Code    10  stm32f10x_adc.o(i.ADC_ResetCalibration)
    ADC_StartCalibration                     0x080012f3   Thumb Code    10  stm32f10x_adc.o(i.ADC_StartCalibration)
    ADC_TempSensorVrefintCmd                 0x080012fd   Thumb Code    30  stm32f10x_adc.o(i.ADC_TempSensorVrefintCmd)
    BusFault_Handler                         0x08001321   Thumb Code     4  stm32f10x_it.o(i.BusFault_Handler)
    ClearADCBuf                              0x0800135d   Thumb Code    10  adc.o(i.ClearADCBuf)
    ClearU16Queue                            0x0800136d   Thumb Code    10  u16queue.o(i.ClearU16Queue)
    Clr1SecFlag                              0x08001379   Thumb Code     8  timer.o(i.Clr1SecFlag)
    Clr2msFlag                               0x08001385   Thumb Code     8  timer.o(i.Clr2msFlag)
    DMA2_Channel3_IRQHandler                 0x080019b1   Thumb Code    46  dac.o(i.DMA2_Channel3_IRQHandler)
    DMA_ClearITPendingBit                    0x080019f1   Thumb Code    18  stm32f10x_dma.o(i.DMA_ClearITPendingBit)
    DMA_Cmd                                  0x08001a0d   Thumb Code    24  stm32f10x_dma.o(i.DMA_Cmd)
    DMA_DeInit                               0x08001a25   Thumb Code   324  stm32f10x_dma.o(i.DMA_DeInit)
    DMA_GetITStatus                          0x08001b71   Thumb Code    36  stm32f10x_dma.o(i.DMA_GetITStatus)
    DMA_ITConfig                             0x08001b9d   Thumb Code    18  stm32f10x_dma.o(i.DMA_ITConfig)
    DMA_Init                                 0x08001baf   Thumb Code    60  stm32f10x_dma.o(i.DMA_Init)
    DeQueue                                  0x08001beb   Thumb Code    68  queue.o(i.DeQueue)
    DeU16Queue                               0x08001c2f   Thumb Code    72  u16queue.o(i.DeU16Queue)
    DebugMon_Handler                         0x08001c77   Thumb Code     2  stm32f10x_it.o(i.DebugMon_Handler)
    DelayNms                                 0x08001ca5   Thumb Code    20  systick.o(i.DelayNms)
    DelayNus                                 0x08001cbd   Thumb Code    26  systick.o(i.DelayNus)
    EXTI4_IRQHandler                         0x08001d41   Thumb Code    78  radio.o(i.EXTI4_IRQHandler)
    EXTI_ClearITPendingBit                   0x08001d99   Thumb Code     6  stm32f10x_exti.o(i.EXTI_ClearITPendingBit)
    EXTI_GetITStatus                         0x08001da5   Thumb Code    34  stm32f10x_exti.o(i.EXTI_GetITStatus)
    EXTI_Init                                0x08001dcd   Thumb Code   142  stm32f10x_exti.o(i.EXTI_Init)
    EnQueue                                  0x08001e61   Thumb Code    72  queue.o(i.EnQueue)
    EnU16Queue                               0x08001ea9   Thumb Code    76  u16queue.o(i.EnU16Queue)
    FLASH_PrefetchBufferCmd                  0x08001f35   Thumb Code    22  stm32f10x_flash.o(i.FLASH_PrefetchBufferCmd)
    FLASH_SetLatency                         0x08001f51   Thumb Code    18  stm32f10x_flash.o(i.FLASH_SetLatency)
    GPIO_EXTILineConfig                      0x08001f69   Thumb Code    60  stm32f10x_gpio.o(i.GPIO_EXTILineConfig)
    GPIO_Init                                0x08001fa9   Thumb Code   278  stm32f10x_gpio.o(i.GPIO_Init)
    GPIO_ReadInputDataBit                    0x080020bf   Thumb Code    18  stm32f10x_gpio.o(i.GPIO_ReadInputDataBit)
    GPIO_ReadOutputDataBit                   0x080020d1   Thumb Code    18  stm32f10x_gpio.o(i.GPIO_ReadOutputDataBit)
    GPIO_WriteBit                            0x080020e3   Thumb Code    10  stm32f10x_gpio.o(i.GPIO_WriteBit)
    Get1SecFlag                              0x080020ed   Thumb Code     6  timer.o(i.Get1SecFlag)
    Get2msFlag                               0x080020f9   Thumb Code     6  timer.o(i.Get2msFlag)
    GetUART1TxSts                            0x08002111   Thumb Code     6  uart1.o(i.GetUART1TxSts)
    GetUnPackRslt                            0x0800211d   Thumb Code    16  packunpack.o(i.GetUnPackRslt)
    HardFault_Handler                        0x08002131   Thumb Code     4  stm32f10x_it.o(i.HardFault_Handler)
    InitADC                                  0x08002135   Thumb Code    34  adc.o(i.InitADC)
    InitLED                                  0x08002195   Thumb Code     8  led.o(i.InitLED)
    InitLORA                                 0x0800219d   Thumb Code    44  radio.o(i.InitLORA)
    InitNVIC                                 0x080021d5   Thumb Code     8  nvic.o(i.InitNVIC)
    InitPackUnpack                           0x080021dd   Thumb Code    30  packunpack.o(i.InitPackUnpack)
    InitProcHostCmd                          0x08002211   Thumb Code     2  prochostcmd.o(i.InitProcHostCmd)
    InitQueue                                0x08002213   Thumb Code    36  queue.o(i.InitQueue)
    InitRCC                                  0x08002237   Thumb Code     8  rcc.o(i.InitRCC)
    InitRoute                                0x0800229d   Thumb Code    42  route.o(i.InitRoute)
    InitSendDataToHost                       0x080022c7   Thumb Code     2  senddatatohost.o(i.InitSendDataToHost)
    InitSysTick                              0x080022dd   Thumb Code    92  systick.o(i.InitSysTick)
    InitTimer                                0x08002345   Thumb Code    24  timer.o(i.InitTimer)
    InitU16Queue                             0x0800235d   Thumb Code    38  u16queue.o(i.InitU16Queue)
    InitUART1                                0x08002383   Thumb Code    16  uart1.o(i.InitUART1)
    InitUART2                                0x080023d9   Thumb Code    16  uart2.o(i.InitUART2)
    LEDFlicker                               0x0800246d   Thumb Code    80  led.o(i.LEDFlicker)
    MemManage_Handler                        0x080024c9   Thumb Code     4  stm32f10x_it.o(i.MemManage_Handler)
    NMI_Handler                              0x080024cd   Thumb Code     2  stm32f10x_it.o(i.NMI_Handler)
    NVIC_Init                                0x08002501   Thumb Code   100  misc.o(i.NVIC_Init)
    NVIC_PriorityGroupConfig                 0x08002571   Thumb Code    10  misc.o(i.NVIC_PriorityGroupConfig)
    PackData                                 0x08002585   Thumb Code    38  packunpack.o(i.PackData)
    PendSV_Handler                           0x080025ab   Thumb Code     2  stm32f10x_it.o(i.PendSV_Handler)
    ProcCloudCmd                             0x08002755   Thumb Code   288  prochostcmd.o(i.ProcCloudCmd)
    ProcCmdPack                              0x08002919   Thumb Code     2  prochostcmd.o(i.ProcCmdPack)
    ProcDatePack                             0x0800291d   Thumb Code   200  prochostcmd.o(i.ProcDatePack)
    ProcHostCmd                              0x08002a55   Thumb Code   118  prochostcmd.o(i.ProcHostCmd)
    QueueEmpty                               0x08002ae9   Thumb Code    14  queue.o(i.QueueEmpty)
    RCC_ADCCLKConfig                         0x08002af9   Thumb Code    18  stm32f10x_rcc.o(i.RCC_ADCCLKConfig)
    RCC_AHBPeriphClockCmd                    0x08002b11   Thumb Code    26  stm32f10x_rcc.o(i.RCC_AHBPeriphClockCmd)
    RCC_APB1PeriphClockCmd                   0x08002b31   Thumb Code    26  stm32f10x_rcc.o(i.RCC_APB1PeriphClockCmd)
    RCC_APB2PeriphClockCmd                   0x08002b51   Thumb Code    26  stm32f10x_rcc.o(i.RCC_APB2PeriphClockCmd)
    RCC_APB2PeriphResetCmd                   0x08002b71   Thumb Code    26  stm32f10x_rcc.o(i.RCC_APB2PeriphResetCmd)
    RCC_DeInit                               0x08002b91   Thumb Code    64  stm32f10x_rcc.o(i.RCC_DeInit)
    RCC_GetClocksFreq                        0x08002bdd   Thumb Code   192  stm32f10x_rcc.o(i.RCC_GetClocksFreq)
    RCC_GetFlagStatus                        0x08002cb1   Thumb Code    56  stm32f10x_rcc.o(i.RCC_GetFlagStatus)
    RCC_GetSYSCLKSource                      0x08002ced   Thumb Code    10  stm32f10x_rcc.o(i.RCC_GetSYSCLKSource)
    RCC_HCLKConfig                           0x08002cfd   Thumb Code    18  stm32f10x_rcc.o(i.RCC_HCLKConfig)
    RCC_HSEConfig                            0x08002d15   Thumb Code    70  stm32f10x_rcc.o(i.RCC_HSEConfig)
    RCC_PCLK1Config                          0x08002d61   Thumb Code    18  stm32f10x_rcc.o(i.RCC_PCLK1Config)
    RCC_PCLK2Config                          0x08002d79   Thumb Code    20  stm32f10x_rcc.o(i.RCC_PCLK2Config)
    RCC_PLLCmd                               0x08002d91   Thumb Code     6  stm32f10x_rcc.o(i.RCC_PLLCmd)
    RCC_PLLConfig                            0x08002d9d   Thumb Code    24  stm32f10x_rcc.o(i.RCC_PLLConfig)
    RCC_SYSCLKConfig                         0x08002db9   Thumb Code    18  stm32f10x_rcc.o(i.RCC_SYSCLKConfig)
    RCC_WaitForHSEStartUp                    0x08002dd1   Thumb Code    56  stm32f10x_rcc.o(i.RCC_WaitForHSEStartUp)
    RadioSendData                            0x08002e09   Thumb Code   256  radio.o(i.RadioSendData)
    ReadADCBuf                               0x08002f69   Thumb Code    22  adc.o(i.ReadADCBuf)
    ReadUART1                                0x08002fbd   Thumb Code    24  uart1.o(i.ReadUART1)
    ReadUART2                                0x08002fd9   Thumb Code    24  uart2.o(i.ReadUART2)
    RouteTimerTasks                          0x08003009   Thumb Code     8  route.o(i.RouteTimerTasks)
    SVC_Handler                              0x08003011   Thumb Code     2  stm32f10x_it.o(i.SVC_Handler)
    SendCmdPack                              0x08003013   Thumb Code    84  senddatatohost.o(i.SendCmdPack)
    SendRouteToNeighbor                      0x080030f1   Thumb Code    50  senddatatohost.o(i.SendRouteToNeighbor)
    SysTick_Handler                          0x0800320d   Thumb Code     8  systick.o(i.SysTick_Handler)
    SystemInit                               0x08003215   Thumb Code    78  system_stm32f10x.o(i.SystemInit)
    TIM2_IRQHandler                          0x08003275   Thumb Code    62  timer.o(i.TIM2_IRQHandler)
    TIM3_IRQHandler                          0x080032c1   Thumb Code    30  adc.o(i.TIM3_IRQHandler)
    TIM5_IRQHandler                          0x080032e9   Thumb Code    58  timer.o(i.TIM5_IRQHandler)
    TIM_ClearITPendingBit                    0x08003331   Thumb Code     6  stm32f10x_tim.o(i.TIM_ClearITPendingBit)
    TIM_Cmd                                  0x08003337   Thumb Code    24  stm32f10x_tim.o(i.TIM_Cmd)
    TIM_GetITStatus                          0x0800334f   Thumb Code    34  stm32f10x_tim.o(i.TIM_GetITStatus)
    TIM_ITConfig                             0x08003371   Thumb Code    18  stm32f10x_tim.o(i.TIM_ITConfig)
    TIM_SelectOutputTrigger                  0x08003383   Thumb Code    18  stm32f10x_tim.o(i.TIM_SelectOutputTrigger)
    TIM_TimeBaseInit                         0x08003395   Thumb Code   122  stm32f10x_tim.o(i.TIM_TimeBaseInit)
    USART1_IRQHandler                        0x08003451   Thumb Code   144  uart1.o(i.USART1_IRQHandler)
    USART2_IRQHandler                        0x080034ed   Thumb Code   144  uart2.o(i.USART2_IRQHandler)
    USART_ClearFlag                          0x08003589   Thumb Code    18  stm32f10x_usart.o(i.USART_ClearFlag)
    USART_ClearITPendingBit                  0x0800359b   Thumb Code    30  stm32f10x_usart.o(i.USART_ClearITPendingBit)
    USART_Cmd                                0x080035b9   Thumb Code    24  stm32f10x_usart.o(i.USART_Cmd)
    USART_GetFlagStatus                      0x080035d1   Thumb Code    26  stm32f10x_usart.o(i.USART_GetFlagStatus)
    USART_GetITStatus                        0x080035eb   Thumb Code    84  stm32f10x_usart.o(i.USART_GetITStatus)
    USART_ITConfig                           0x0800363f   Thumb Code    74  stm32f10x_usart.o(i.USART_ITConfig)
    USART_Init                               0x08003689   Thumb Code   210  stm32f10x_usart.o(i.USART_Init)
    USART_ReceiveData                        0x08003761   Thumb Code    10  stm32f10x_usart.o(i.USART_ReceiveData)
    USART_SendData                           0x0800376b   Thumb Code     8  stm32f10x_usart.o(i.USART_SendData)
    USART_StructInit                         0x08003773   Thumb Code    24  stm32f10x_usart.o(i.USART_StructInit)
    UnPackData                               0x0800378d   Thumb Code   204  packunpack.o(i.UnPackData)
    UpdateRouTab2                            0x080038c5   Thumb Code    82  route.o(i.UpdateRouTab2)
    UsageFault_Handler                       0x0800395d   Thumb Code     4  stm32f10x_it.o(i.UsageFault_Handler)
    WriteADCBuf                              0x08003961   Thumb Code    20  adc.o(i.WriteADCBuf)
    WriteUART1                               0x080039a9   Thumb Code    52  uart1.o(i.WriteUART1)
    WriteUART2                               0x08003a09   Thumb Code    60  uart2.o(i.WriteUART2)
    __0sprintf                               0x08003a85   Thumb Code    34  printfa.o(i.__0sprintf)
    __1sprintf                               0x08003a85   Thumb Code     0  printfa.o(i.__0sprintf)
    __2sprintf                               0x08003a85   Thumb Code     0  printfa.o(i.__0sprintf)
    __c89sprintf                             0x08003a85   Thumb Code     0  printfa.o(i.__0sprintf)
    sprintf                                  0x08003a85   Thumb Code     0  printfa.o(i.__0sprintf)
    __0vsprintf                              0x08003aad   Thumb Code    30  printfa.o(i.__0vsprintf)
    __1vsprintf                              0x08003aad   Thumb Code     0  printfa.o(i.__0vsprintf)
    __2vsprintf                              0x08003aad   Thumb Code     0  printfa.o(i.__0vsprintf)
    __c89vsprintf                            0x08003aad   Thumb Code     0  printfa.o(i.__0vsprintf)
    vsprintf                                 0x08003aad   Thumb Code     0  printfa.o(i.__0vsprintf)
    free                                     0x08003ad1   Thumb Code    88  mallocr.o(i.__free$realloc)
    malloc                                   0x08003b2d   Thumb Code    64  mallocr.o(i.__malloc$realloc)
    __scatterload_copy                       0x08003b7d   Thumb Code    14  handlers.o(i.__scatterload_copy)
    __scatterload_null                       0x08003b8b   Thumb Code     2  handlers.o(i.__scatterload_null)
    __scatterload_zeroinit                   0x08003b8d   Thumb Code    14  handlers.o(i.__scatterload_zeroinit)
    _is_digit                                0x08003d01   Thumb Code    14  scanf_fp.o(i._is_digit)
    cJSON_AddItemToObject                    0x08004541   Thumb Code    26  cjson.o(i.cJSON_AddItemToObject)
    cJSON_AddNumberToObject                  0x08004561   Thumb Code    56  cjson.o(i.cJSON_AddNumberToObject)
    cJSON_AddStringToObject                  0x0800459d   Thumb Code    48  cjson.o(i.cJSON_AddStringToObject)
    cJSON_CreateNumber                       0x080045d1   Thumb Code    82  cjson.o(i.cJSON_CreateNumber)
    cJSON_CreateObject                       0x08004635   Thumb Code    20  cjson.o(i.cJSON_CreateObject)
    cJSON_CreateString                       0x0800464d   Thumb Code    46  cjson.o(i.cJSON_CreateString)
    cJSON_Delete                             0x08004681   Thumb Code    84  cjson.o(i.cJSON_Delete)
    cJSON_GetObjectItem                      0x080046d9   Thumb Code    18  cjson.o(i.cJSON_GetObjectItem)
    cJSON_Parse                              0x08004705   Thumb Code    16  cjson.o(i.cJSON_Parse)
    cJSON_ParseWithLengthOpts                0x08004715   Thumb Code   204  cjson.o(i.cJSON_ParseWithLengthOpts)
    cJSON_ParseWithOpts                      0x080047e9   Thumb Code    40  cjson.o(i.cJSON_ParseWithOpts)
    cJSON_Print                              0x08004811   Thumb Code    16  cjson.o(i.cJSON_Print)
    debug                                    0x0800491d   Thumb Code    72  uart1.o(i.debug)
    getAddress                               0x08004a51   Thumb Code    82  radio.o(i.getAddress)
    isLoRaReady                              0x08004b8d   Thumb Code     8  radio.o(i.isLoRaReady)
    main                                     0x08004b95   Thumb Code    26  main.o(i.main)
    millis                                   0x08004bd5   Thumb Code     6  timer.o(i.millis)
    realloc                                  0x080059a1   Thumb Code   102  mallocr.o(i.realloc)
    strtod                                   0x08005a49   Thumb Code    28  strtod.o(i.strtod)
    __ctype_categories                       0x08005bba   Data          64  ctype_c.o(.constdata)
    Region$$Table$$Base                      0x08005bfc   Number         0  anon$$obj.o(Region$$Table)
    Region$$Table$$Limit                     0x08005c1c   Number         0  anon$$obj.o(Region$$Table)
    SystemCoreClock                          0x2000006c   Data           4  system_stm32f10x.o(.data)
    AHBPrescTable                            0x20000070   Data          16  system_stm32f10x.o(.data)
    __microlib_freelist                      0x20000088   Data           4  mvars.o(.data)
    __microlib_freelist_initialised          0x2000008c   Data           4  mvars.o(.data)
    __heap_base                              0x20001aa8   Data           0  startup_stm32f10x_hd.o(HEAP)
    __heap_limit                             0x200022a8   Data           0  startup_stm32f10x_hd.o(HEAP)
    __initial_sp                             0x20002aa8   Data           0  startup_stm32f10x_hd.o(STACK)



==============================================================================

Memory Map of the image

  Image Entry point : 0x08000145

  Load Region LR_1 (Base: 0x08000000, Size: 0x00005cac, Max: 0xffffffff, ABSOLUTE)

    Execution Region ER_RO (Base: 0x08000000, Size: 0x00005c1c, Max: 0xffffffff, ABSOLUTE)

    Base Addr    Size         Type   Attr      Idx    E Section Name        Object

    0x08000000   0x00000130   Data   RO         3782    RESET               startup_stm32f10x_hd.o
    0x08000130   0x00000000   Code   RO         3791  * .ARM.Collect$$$$00000000  mc_w.l(entry.o)
    0x08000130   0x00000004   Code   RO         4138    .ARM.Collect$$$$00000001  mc_w.l(entry2.o)
    0x08000134   0x00000004   Code   RO         4141    .ARM.Collect$$$$00000004  mc_w.l(entry5.o)
    0x08000138   0x00000000   Code   RO         4143    .ARM.Collect$$$$00000008  mc_w.l(entry7b.o)
    0x08000138   0x00000000   Code   RO         4145    .ARM.Collect$$$$0000000A  mc_w.l(entry8b.o)
    0x08000138   0x00000008   Code   RO         4146    .ARM.Collect$$$$0000000B  mc_w.l(entry9a.o)
    0x08000140   0x00000000   Code   RO         4148    .ARM.Collect$$$$0000000D  mc_w.l(entry10a.o)
    0x08000140   0x00000000   Code   RO         4150    .ARM.Collect$$$$0000000F  mc_w.l(entry11a.o)
    0x08000140   0x00000004   Code   RO         4139    .ARM.Collect$$$$00002712  mc_w.l(entry2.o)
    0x08000144   0x00000024   Code   RO         3783  * .text               startup_stm32f10x_hd.o
    0x08000168   0x0000000c   Code   RO         3794    .text               mc_w.l(tolower.o)
    0x08000174   0x00000024   Code   RO         3796    .text               mc_w.l(rand.o)
    0x08000198   0x00000024   Code   RO         3799    .text               mc_w.l(memcpya.o)
    0x080001bc   0x00000024   Code   RO         3801    .text               mc_w.l(memseta.o)
    0x080001e0   0x0000000e   Code   RO         3807    .text               mc_w.l(strlen.o)
    0x080001ee   0x0000001c   Code   RO         3809    .text               mc_w.l(strcmp.o)
    0x0800020a   0x00000012   Code   RO         3813    .text               mc_w.l(strcpy.o)
    0x0800021c   0x0000001e   Code   RO         3815    .text               mc_w.l(strncmp.o)
    0x0800023a   0x00000002   PAD
    0x0800023c   0x00000038   Code   RO         4108    .text               mc_w.l(__0sscanf.o)
    0x08000274   0x00000338   Code   RO         4110    .text               mc_w.l(scanf_fp.o)
    0x080005ac   0x0000014e   Code   RO         4114    .text               mf_w.l(dadd.o)
    0x080006fa   0x000000e4   Code   RO         4116    .text               mf_w.l(dmul.o)
    0x080007de   0x000000de   Code   RO         4118    .text               mf_w.l(ddiv.o)
    0x080008bc   0x0000000a   Code   RO         4120    .text               mf_w.l(ffltui.o)
    0x080008c6   0x00000022   Code   RO         4122    .text               mf_w.l(dflti.o)
    0x080008e8   0x0000001a   Code   RO         4124    .text               mf_w.l(dfltui.o)
    0x08000902   0x00000032   Code   RO         4126    .text               mf_w.l(ffixi.o)
    0x08000934   0x0000003e   Code   RO         4128    .text               mf_w.l(dfixi.o)
    0x08000972   0x00000026   Code   RO         4130    .text               mf_w.l(f2d.o)
    0x08000998   0x00000030   Code   RO         4132    .text               mf_w.l(cdcmple.o)
    0x080009c8   0x00000030   Code   RO         4134    .text               mf_w.l(cdrcmple.o)
    0x080009f8   0x00000038   Code   RO         4136    .text               mf_w.l(d2f.o)
    0x08000a30   0x0000002c   Code   RO         4153    .text               mc_w.l(uidiv.o)
    0x08000a5c   0x00000062   Code   RO         4155    .text               mc_w.l(uldiv.o)
    0x08000abe   0x0000001e   Code   RO         4157    .text               mc_w.l(llshl.o)
    0x08000adc   0x00000020   Code   RO         4159    .text               mc_w.l(llushr.o)
    0x08000afc   0x00000024   Code   RO         4161    .text               mc_w.l(llsshr.o)
    0x08000b20   0x00000028   Code   RO         4165    .text               mc_w.l(scanf_char.o)
    0x08000b48   0x00000040   Code   RO         4167    .text               mc_w.l(_sgetc.o)
    0x08000b88   0x0000009c   Code   RO         4169    .text               mc_w.l(strtod.o)
    0x08000c24   0x00000000   Code   RO         4171    .text               mc_w.l(iusefp.o)
    0x08000c24   0x0000006e   Code   RO         4172    .text               mf_w.l(fepilogue.o)
    0x08000c92   0x000000ba   Code   RO         4174    .text               mf_w.l(depilogue.o)
    0x08000d4c   0x00000018   Code   RO         4176    .text               mf_w.l(dfltul.o)
    0x08000d64   0x00000030   Code   RO         4178    .text               mf_w.l(dfixul.o)
    0x08000d94   0x00000024   Code   RO         4180    .text               mc_w.l(init.o)
    0x08000db8   0x0000000a   Code   RO         4182    .text               mc_w.l(isspace_c.o)
    0x08000dc2   0x00000002   PAD
    0x08000dc4   0x0000032c   Code   RO         4184    .text               mc_w.l(_scanf.o)
    0x080010f0   0x00000028   Code   RO         4186    .text               mc_w.l(ctype_c.o)
    0x08001118   0x00000016   Code   RO         3200    i.ADC_Cmd           stm32f10x_adc.o
    0x0800112e   0x00000016   Code   RO         3201    i.ADC_DMACmd        stm32f10x_adc.o
    0x08001144   0x0000005c   Code   RO         3202    i.ADC_DeInit        stm32f10x_adc.o
    0x080011a0   0x00000016   Code   RO         3205    i.ADC_ExternalTrigConvCmd  stm32f10x_adc.o
    0x080011b6   0x00000014   Code   RO         3208    i.ADC_GetCalibrationStatus  stm32f10x_adc.o
    0x080011ca   0x00000014   Code   RO         3214    i.ADC_GetResetCalibrationStatus  stm32f10x_adc.o
    0x080011de   0x00000002   PAD
    0x080011e0   0x00000050   Code   RO         3218    i.ADC_Init          stm32f10x_adc.o
    0x08001230   0x000000b8   Code   RO         3222    i.ADC_RegularChannelConfig  stm32f10x_adc.o
    0x080012e8   0x0000000a   Code   RO         3223    i.ADC_ResetCalibration  stm32f10x_adc.o
    0x080012f2   0x0000000a   Code   RO         3227    i.ADC_StartCalibration  stm32f10x_adc.o
    0x080012fc   0x00000024   Code   RO         3229    i.ADC_TempSensorVrefintCmd  stm32f10x_adc.o
    0x08001320   0x00000004   Code   RO         3648    i.BusFault_Handler  stm32f10x_it.o
    0x08001324   0x00000036   Code   RO          207    i.CalculatePackCheckSum  packunpack.o
    0x0800135a   0x00000002   PAD
    0x0800135c   0x00000010   Code   RO         1609    i.ClearADCBuf       adc.o
    0x0800136c   0x0000000a   Code   RO         1666    i.ClearU16Queue     u16queue.o
    0x08001376   0x00000002   PAD
    0x08001378   0x0000000c   Code   RO         1398    i.Clr1SecFlag       timer.o
    0x08001384   0x0000000c   Code   RO         1399    i.Clr2msFlag        timer.o
    0x08001390   0x000000b4   Code   RO         1610    i.ConfigADC1        adc.o
    0x08001444   0x00000060   Code   RO         1611    i.ConfigDMA1Ch1     adc.o
    0x080014a4   0x00000080   Code   RO         1709    i.ConfigDMA2Ch3ForDAC1  dac.o
    0x08001524   0x00000068   Code   RO          164    i.ConfigLEDGPIO     led.o
    0x0800158c   0x000000b4   Code   RO         1781    i.ConfigLRGPIO      radio.o
    0x08001640   0x00000058   Code   RO         1782    i.ConfigLRMode      radio.o
    0x08001698   0x0000000c   Code   RO         3620    i.ConfigNVIC        nvic.o
    0x080016a4   0x00000064   Code   RO         1381    i.ConfigRCC         rcc.o
    0x08001708   0x0000005c   Code   RO         1400    i.ConfigTimer2      timer.o
    0x08001764   0x00000068   Code   RO         1612    i.ConfigTimer3      adc.o
    0x080017cc   0x00000060   Code   RO         1401    i.ConfigTimer5      timer.o
    0x0800182c   0x000000c4   Code   RO         1509    i.ConfigUART1       uart1.o
    0x080018f0   0x000000c0   Code   RO         1876    i.ConfigUART2       uart2.o
    0x080019b0   0x00000040   Code   RO         1711    i.DMA2_Channel3_IRQHandler  dac.o
    0x080019f0   0x0000001c   Code   RO         3495    i.DMA_ClearITPendingBit  stm32f10x_dma.o
    0x08001a0c   0x00000018   Code   RO         3496    i.DMA_Cmd           stm32f10x_dma.o
    0x08001a24   0x0000014c   Code   RO         3497    i.DMA_DeInit        stm32f10x_dma.o
    0x08001b70   0x0000002c   Code   RO         3500    i.DMA_GetITStatus   stm32f10x_dma.o
    0x08001b9c   0x00000012   Code   RO         3501    i.DMA_ITConfig      stm32f10x_dma.o
    0x08001bae   0x0000003c   Code   RO         3502    i.DMA_Init          stm32f10x_dma.o
    0x08001bea   0x00000044   Code   RO         1465    i.DeQueue           queue.o
    0x08001c2e   0x00000048   Code   RO         1667    i.DeU16Queue        u16queue.o
    0x08001c76   0x00000002   Code   RO         3649    i.DebugMon_Handler  stm32f10x_it.o
    0x08001c78   0x0000002c   Code   RO         1275    i.DecreaseLiveTime  route.o
    0x08001ca4   0x00000018   Code   RO         3739    i.DelayNms          systick.o
    0x08001cbc   0x0000001a   Code   RO         3740    i.DelayNus          systick.o
    0x08001cd6   0x00000002   PAD
    0x08001cd8   0x00000068   Code   RO         1276    i.DeleteTable       route.o
    0x08001d40   0x00000058   Code   RO         1785    i.EXTI4_IRQHandler  radio.o
    0x08001d98   0x0000000c   Code   RO         3567    i.EXTI_ClearITPendingBit  stm32f10x_exti.o
    0x08001da4   0x00000028   Code   RO         3571    i.EXTI_GetITStatus  stm32f10x_exti.o
    0x08001dcc   0x00000094   Code   RO         3572    i.EXTI_Init         stm32f10x_exti.o
    0x08001e60   0x00000048   Code   RO         1466    i.EnQueue           queue.o
    0x08001ea8   0x0000004c   Code   RO         1668    i.EnU16Queue        u16queue.o
    0x08001ef4   0x00000020   Code   RO         1510    i.EnableUART1Tx     uart1.o
    0x08001f14   0x00000020   Code   RO         1877    i.EnableUART2Tx     uart2.o
    0x08001f34   0x0000001c   Code   RO         1995    i.FLASH_PrefetchBufferCmd  stm32f10x_flash.o
    0x08001f50   0x00000018   Code   RO         2000    i.FLASH_SetLatency  stm32f10x_flash.o
    0x08001f68   0x00000040   Code   RO         2155    i.GPIO_EXTILineConfig  stm32f10x_gpio.o
    0x08001fa8   0x00000116   Code   RO         2158    i.GPIO_Init         stm32f10x_gpio.o
    0x080020be   0x00000012   Code   RO         2162    i.GPIO_ReadInputDataBit  stm32f10x_gpio.o
    0x080020d0   0x00000012   Code   RO         2164    i.GPIO_ReadOutputDataBit  stm32f10x_gpio.o
    0x080020e2   0x0000000a   Code   RO         2169    i.GPIO_WriteBit     stm32f10x_gpio.o
    0x080020ec   0x0000000c   Code   RO         1402    i.Get1SecFlag       timer.o
    0x080020f8   0x0000000c   Code   RO         1403    i.Get2msFlag        timer.o
    0x08002104   0x0000000c   Code   RO         1786    i.GetAuxState       radio.o
    0x08002110   0x0000000c   Code   RO         1511    i.GetUART1TxSts     uart1.o
    0x0800211c   0x00000014   Code   RO          208    i.GetUnPackRslt     packunpack.o
    0x08002130   0x00000004   Code   RO         3650    i.HardFault_Handler  stm32f10x_it.o
    0x08002134   0x0000002c   Code   RO         1613    i.InitADC           adc.o
    0x08002160   0x00000034   Code   RO            1    i.InitHardware      main.o
    0x08002194   0x00000008   Code   RO          165    i.InitLED           led.o
    0x0800219c   0x00000038   Code   RO         1787    i.InitLORA          radio.o
    0x080021d4   0x00000008   Code   RO         3621    i.InitNVIC          nvic.o
    0x080021dc   0x00000034   Code   RO          209    i.InitPackUnpack    packunpack.o
    0x08002210   0x00000002   Code   RO          267    i.InitProcHostCmd   prochostcmd.o
    0x08002212   0x00000024   Code   RO         1467    i.InitQueue         queue.o
    0x08002236   0x00000008   Code   RO         1382    i.InitRCC           rcc.o
    0x0800223e   0x00000002   PAD
    0x08002240   0x0000005c   Code   RO         1278    i.InitRouTab        route.o
    0x0800229c   0x0000002a   Code   RO         1279    i.InitRoute         route.o
    0x080022c6   0x00000002   Code   RO          316    i.InitSendDataToHost  senddatatohost.o
    0x080022c8   0x00000014   Code   RO            2    i.InitSoftware      main.o
    0x080022dc   0x00000068   Code   RO         3741    i.InitSysTick       systick.o
    0x08002344   0x00000018   Code   RO         1404    i.InitTimer         timer.o
    0x0800235c   0x00000026   Code   RO         1669    i.InitU16Queue      u16queue.o
    0x08002382   0x00000010   Code   RO         1512    i.InitUART1         uart1.o
    0x08002392   0x00000002   PAD
    0x08002394   0x00000044   Code   RO         1513    i.InitUART1Buf      uart1.o
    0x080023d8   0x00000010   Code   RO         1878    i.InitUART2         uart2.o
    0x080023e8   0x00000044   Code   RO         1879    i.InitUART2Buf      uart2.o
    0x0800242c   0x00000040   Code   RO         1280    i.InsertRou         route.o
    0x0800246c   0x0000005c   Code   RO          166    i.LEDFlicker        led.o
    0x080024c8   0x00000004   Code   RO         3651    i.MemManage_Handler  stm32f10x_it.o
    0x080024cc   0x00000002   Code   RO         3652    i.NMI_Handler       stm32f10x_it.o
    0x080024ce   0x00000002   PAD
    0x080024d0   0x00000018   Code   RO         1514    i.NVIC_ClearPendingIRQ  uart1.o
    0x080024e8   0x00000018   Code   RO         1880    i.NVIC_ClearPendingIRQ  uart2.o
    0x08002500   0x00000070   Code   RO         1942    i.NVIC_Init         misc.o
    0x08002570   0x00000014   Code   RO         1943    i.NVIC_PriorityGroupConfig  misc.o
    0x08002584   0x00000026   Code   RO          210    i.PackData          packunpack.o
    0x080025aa   0x00000002   Code   RO         3653    i.PendSV_Handler    stm32f10x_it.o
    0x080025ac   0x0000007c   Code   RO            3    i.Proc1SecTask      main.o
    0x08002628   0x0000012c   Code   RO            4    i.Proc2msTask       main.o
    0x08002754   0x000001c4   Code   RO          269    i.ProcCloudCmd      prochostcmd.o
    0x08002918   0x00000002   Code   RO          270    i.ProcCmdPack       prochostcmd.o
    0x0800291a   0x00000002   PAD
    0x0800291c   0x00000138   Code   RO          271    i.ProcDatePack      prochostcmd.o
    0x08002a54   0x00000094   Code   RO          272    i.ProcHostCmd       prochostcmd.o
    0x08002ae8   0x0000000e   Code   RO         1468    i.QueueEmpty        queue.o
    0x08002af6   0x00000002   PAD
    0x08002af8   0x00000018   Code   RO         2266    i.RCC_ADCCLKConfig  stm32f10x_rcc.o
    0x08002b10   0x00000020   Code   RO         2267    i.RCC_AHBPeriphClockCmd  stm32f10x_rcc.o
    0x08002b30   0x00000020   Code   RO         2268    i.RCC_APB1PeriphClockCmd  stm32f10x_rcc.o
    0x08002b50   0x00000020   Code   RO         2270    i.RCC_APB2PeriphClockCmd  stm32f10x_rcc.o
    0x08002b70   0x00000020   Code   RO         2271    i.RCC_APB2PeriphResetCmd  stm32f10x_rcc.o
    0x08002b90   0x0000004c   Code   RO         2277    i.RCC_DeInit        stm32f10x_rcc.o
    0x08002bdc   0x000000d4   Code   RO         2278    i.RCC_GetClocksFreq  stm32f10x_rcc.o
    0x08002cb0   0x0000003c   Code   RO         2279    i.RCC_GetFlagStatus  stm32f10x_rcc.o
    0x08002cec   0x00000010   Code   RO         2281    i.RCC_GetSYSCLKSource  stm32f10x_rcc.o
    0x08002cfc   0x00000018   Code   RO         2282    i.RCC_HCLKConfig    stm32f10x_rcc.o
    0x08002d14   0x0000004c   Code   RO         2283    i.RCC_HSEConfig     stm32f10x_rcc.o
    0x08002d60   0x00000018   Code   RO         2289    i.RCC_PCLK1Config   stm32f10x_rcc.o
    0x08002d78   0x00000018   Code   RO         2290    i.RCC_PCLK2Config   stm32f10x_rcc.o
    0x08002d90   0x0000000c   Code   RO         2291    i.RCC_PLLCmd        stm32f10x_rcc.o
    0x08002d9c   0x0000001c   Code   RO         2292    i.RCC_PLLConfig     stm32f10x_rcc.o
    0x08002db8   0x00000018   Code   RO         2295    i.RCC_SYSCLKConfig  stm32f10x_rcc.o
    0x08002dd0   0x00000038   Code   RO         2297    i.RCC_WaitForHSEStartUp  stm32f10x_rcc.o
    0x08002e08   0x00000160   Code   RO         1789    i.RadioSendData     radio.o
    0x08002f68   0x0000001c   Code   RO         1614    i.ReadADCBuf        adc.o
    0x08002f84   0x0000001c   Code   RO         1515    i.ReadSendBuf1      uart1.o
    0x08002fa0   0x0000001c   Code   RO         1881    i.ReadSendBuf2      uart2.o
    0x08002fbc   0x0000001c   Code   RO         1516    i.ReadUART1         uart1.o
    0x08002fd8   0x0000001c   Code   RO         1882    i.ReadUART2         uart2.o
    0x08002ff4   0x00000014   Code   RO         1281    i.RouteTimerTask    route.o
    0x08003008   0x00000008   Code   RO         1282    i.RouteTimerTasks   route.o
    0x08003010   0x00000002   Code   RO         3654    i.SVC_Handler       stm32f10x_it.o
    0x08003012   0x00000054   Code   RO          318    i.SendCmdPack       senddatatohost.o
    0x08003066   0x00000046   Code   RO          320    i.SendPackToHost    senddatatohost.o
    0x080030ac   0x00000044   Code   RO         1283    i.SendRouteTask     route.o
    0x080030f0   0x00000032   Code   RO          321    i.SendRouteToNeighbor  senddatatohost.o
    0x08003122   0x00000008   Code   RO         3705    i.SetSysClock       system_stm32f10x.o
    0x0800312a   0x00000002   PAD
    0x0800312c   0x000000e0   Code   RO         3706    i.SetSysClockTo72   system_stm32f10x.o
    0x0800320c   0x00000008   Code   RO         3742    i.SysTick_Handler   systick.o
    0x08003214   0x00000060   Code   RO         3708    i.SystemInit        system_stm32f10x.o
    0x08003274   0x0000004c   Code   RO         1405    i.TIM2_IRQHandler   timer.o
    0x080032c0   0x00000028   Code   RO         1615    i.TIM3_IRQHandler   adc.o
    0x080032e8   0x00000048   Code   RO         1406    i.TIM5_IRQHandler   timer.o
    0x08003330   0x00000006   Code   RO         2477    i.TIM_ClearITPendingBit  stm32f10x_tim.o
    0x08003336   0x00000018   Code   RO         2482    i.TIM_Cmd           stm32f10x_tim.o
    0x0800334e   0x00000022   Code   RO         2503    i.TIM_GetITStatus   stm32f10x_tim.o
    0x08003370   0x00000012   Code   RO         2507    i.TIM_ITConfig      stm32f10x_tim.o
    0x08003382   0x00000012   Code   RO         2539    i.TIM_SelectOutputTrigger  stm32f10x_tim.o
    0x08003394   0x000000a4   Code   RO         2553    i.TIM_TimeBaseInit  stm32f10x_tim.o
    0x08003438   0x00000018   Code   RO         3743    i.TimDelayDec       systick.o
    0x08003450   0x0000009c   Code   RO         1518    i.USART1_IRQHandler  uart1.o
    0x080034ec   0x0000009c   Code   RO         1883    i.USART2_IRQHandler  uart2.o
    0x08003588   0x00000012   Code   RO         3014    i.USART_ClearFlag   stm32f10x_usart.o
    0x0800359a   0x0000001e   Code   RO         3015    i.USART_ClearITPendingBit  stm32f10x_usart.o
    0x080035b8   0x00000018   Code   RO         3018    i.USART_Cmd         stm32f10x_usart.o
    0x080035d0   0x0000001a   Code   RO         3021    i.USART_GetFlagStatus  stm32f10x_usart.o
    0x080035ea   0x00000054   Code   RO         3022    i.USART_GetITStatus  stm32f10x_usart.o
    0x0800363e   0x0000004a   Code   RO         3024    i.USART_ITConfig    stm32f10x_usart.o
    0x08003688   0x000000d8   Code   RO         3025    i.USART_Init        stm32f10x_usart.o
    0x08003760   0x0000000a   Code   RO         3032    i.USART_ReceiveData  stm32f10x_usart.o
    0x0800376a   0x00000008   Code   RO         3035    i.USART_SendData    stm32f10x_usart.o
    0x08003772   0x00000018   Code   RO         3041    i.USART_StructInit  stm32f10x_usart.o
    0x0800378a   0x00000002   PAD
    0x0800378c   0x000000e8   Code   RO          212    i.UnPackData        packunpack.o
    0x08003874   0x0000001a   Code   RO          213    i.UnpackWithCheckSum  packunpack.o
    0x0800388e   0x00000002   PAD
    0x08003890   0x00000034   Code   RO         1285    i.UpdateParent      route.o
    0x080038c4   0x00000052   Code   RO         1287    i.UpdateRouTab2     route.o
    0x08003916   0x00000002   PAD
    0x08003918   0x00000044   Code   RO         1288    i.UpdateTable       route.o
    0x0800395c   0x00000004   Code   RO         3655    i.UsageFault_Handler  stm32f10x_it.o
    0x08003960   0x00000018   Code   RO         1616    i.WriteADCBuf       adc.o
    0x08003978   0x00000018   Code   RO         1519    i.WriteReceiveBuf1  uart1.o
    0x08003990   0x00000018   Code   RO         1884    i.WriteReceiveBuf2  uart2.o
    0x080039a8   0x00000060   Code   RO         1520    i.WriteUART1        uart1.o
    0x08003a08   0x0000007c   Code   RO         1885    i.WriteUART2        uart2.o
    0x08003a84   0x00000028   Code   RO         4054    i.__0sprintf        mc_w.l(printfa.o)
    0x08003aac   0x00000024   Code   RO         4058    i.__0vsprintf       mc_w.l(printfa.o)
    0x08003ad0   0x0000005c   Code   RO         4084    i.__free$realloc    mc_w.l(mallocr.o)
    0x08003b2c   0x00000050   Code   RO         4085    i.__malloc$realloc  mc_w.l(mallocr.o)
    0x08003b7c   0x0000000e   Code   RO         4191    i.__scatterload_copy  mc_w.l(handlers.o)
    0x08003b8a   0x00000002   Code   RO         4192    i.__scatterload_null  mc_w.l(handlers.o)
    0x08003b8c   0x0000000e   Code   RO         4193    i.__scatterload_zeroinit  mc_w.l(handlers.o)
    0x08003b9a   0x00000002   PAD
    0x08003b9c   0x00000164   Code   RO         4059    i._fp_digits        mc_w.l(printfa.o)
    0x08003d00   0x0000000e   Code   RO         4112    i._is_digit         mc_w.l(scanf_fp.o)
    0x08003d0e   0x00000002   PAD
    0x08003d10   0x000006dc   Code   RO         4060    i._printf_core      mc_w.l(printfa.o)
    0x080043ec   0x00000024   Code   RO         4061    i._printf_post_padding  mc_w.l(printfa.o)
    0x08004410   0x0000002e   Code   RO         4062    i._printf_pre_padding  mc_w.l(printfa.o)
    0x0800443e   0x0000000a   Code   RO         4064    i._sputc            mc_w.l(printfa.o)
    0x08004448   0x00000036   Code   RO          595    i.add_item_to_array  cjson.o
    0x0800447e   0x0000007a   Code   RO          596    i.add_item_to_object  cjson.o
    0x080044f8   0x00000048   Code   RO          597    i.buffer_skip_whitespace  cjson.o
    0x08004540   0x00000020   Code   RO          604    i.cJSON_AddItemToObject  cjson.o
    0x08004560   0x0000003c   Code   RO          607    i.cJSON_AddNumberToObject  cjson.o
    0x0800459c   0x00000034   Code   RO          610    i.cJSON_AddStringToObject  cjson.o
    0x080045d0   0x00000064   Code   RO          621    i.cJSON_CreateNumber  cjson.o
    0x08004634   0x00000018   Code   RO          622    i.cJSON_CreateObject  cjson.o
    0x0800464c   0x00000034   Code   RO          625    i.cJSON_CreateString  cjson.o
    0x08004680   0x00000058   Code   RO          629    i.cJSON_Delete      cjson.o
    0x080046d8   0x00000012   Code   RO          642    i.cJSON_GetObjectItem  cjson.o
    0x080046ea   0x0000001a   Code   RO          659    i.cJSON_New_Item    cjson.o
    0x08004704   0x00000010   Code   RO          660    i.cJSON_Parse       cjson.o
    0x08004714   0x000000d4   Code   RO          662    i.cJSON_ParseWithLengthOpts  cjson.o
    0x080047e8   0x00000028   Code   RO          663    i.cJSON_ParseWithOpts  cjson.o
    0x08004810   0x00000014   Code   RO          664    i.cJSON_Print       cjson.o
    0x08004824   0x00000038   Code   RO          677    i.cJSON_strdup      cjson.o
    0x0800485c   0x00000048   Code   RO          678    i.case_insensitive_strcmp  cjson.o
    0x080048a4   0x00000002   Code   RO          679    i.cast_away_const   cjson.o
    0x080048a6   0x00000002   PAD
    0x080048a8   0x00000074   Code   RO          680    i.compare_double    cjson.o
    0x0800491c   0x00000048   Code   RO         1521    i.debug             uart1.o
    0x08004964   0x000000b8   Code   RO          682    i.ensure            cjson.o
    0x08004a1c   0x00000034   Code   RO         1289    i.find              route.o
    0x08004a50   0x00000094   Code   RO         1791    i.getAddress        radio.o
    0x08004ae4   0x00000004   Code   RO          684    i.get_decimal_point  cjson.o
    0x08004ae8   0x00000052   Code   RO          685    i.get_object_item   cjson.o
    0x08004b3a   0x00000002   PAD
    0x08004b3c   0x00000050   Code   RO         4086    i.internal_alloc    mc_w.l(mallocr.o)
    0x08004b8c   0x00000008   Code   RO         1792    i.isLoRaReady       radio.o
    0x08004b94   0x00000040   Code   RO            6    i.main              main.o
    0x08004bd4   0x0000000c   Code   RO         1407    i.millis            timer.o
    0x08004be0   0x000000f8   Code   RO          687    i.parse_array       cjson.o
    0x08004cd8   0x0000005a   Code   RO          688    i.parse_hex4        cjson.o
    0x08004d32   0x00000002   PAD
    0x08004d34   0x00000138   Code   RO          689    i.parse_number      cjson.o
    0x08004e6c   0x0000013e   Code   RO          690    i.parse_object      cjson.o
    0x08004faa   0x0000018c   Code   RO          691    i.parse_string      cjson.o
    0x08005136   0x00000002   PAD
    0x08005138   0x0000013c   Code   RO          692    i.parse_value       cjson.o
    0x08005274   0x000000b2   Code   RO          693    i.print             cjson.o
    0x08005326   0x000000b2   Code   RO          694    i.print_array       cjson.o
    0x080053d8   0x00000154   Code   RO          695    i.print_number      cjson.o
    0x0800552c   0x00000174   Code   RO          696    i.print_object      cjson.o
    0x080056a0   0x00000010   Code   RO          697    i.print_string      cjson.o
    0x080056b0   0x00000174   Code   RO          698    i.print_string_ptr  cjson.o
    0x08005824   0x00000104   Code   RO          699    i.print_value       cjson.o
    0x08005928   0x00000078   Code   RO         1794    i.readRegisters     radio.o
    0x080059a0   0x0000006c   Code   RO         4087    i.realloc           mc_w.l(mallocr.o)
    0x08005a0c   0x0000003c   Code   RO          703    i.skip_utf8_bom     cjson.o
    0x08005a48   0x0000001c   Code   RO         3788    i.strtod            m_ws.l(strtod.o)
    0x08005a64   0x00000006   Code   RO          704    i.suffix_object     cjson.o
    0x08005a6a   0x00000024   Code   RO          705    i.update_offset     cjson.o
    0x08005a8e   0x0000012c   Code   RO          706    i.utf16_literal_to_utf8  cjson.o
    0x08005bba   0x00000040   Data   RO         4187    .constdata          mc_w.l(ctype_c.o)
    0x08005bfa   0x00000002   PAD
    0x08005bfc   0x00000020   Data   RO         4189    Region$$Table       anon$$obj.o


    Execution Region ER_RW (Base: 0x20000000, Size: 0x00000090, Max: 0xffffffff, ABSOLUTE)

    Base Addr    Size         Type   Attr      Idx    E Section Name        Object

    0x20000000   0x00000006   Data   RW            8    .data               main.o
    0x20000006   0x00000002   Data   RW          167    .data               led.o
    0x20000008   0x00000008   Data   RW          215    .data               packunpack.o
    0x20000010   0x00000008   Data   RW          275    .data               prochostcmd.o
    0x20000018   0x00000014   Data   RW          708    .data               cjson.o
    0x2000002c   0x00000009   Data   RW         1292    .data               route.o
    0x20000035   0x00000003   PAD
    0x20000038   0x0000000c   Data   RW         1408    .data               timer.o
    0x20000044   0x00000001   Data   RW         1524    .data               uart1.o
    0x20000045   0x00000001   PAD
    0x20000046   0x00000002   Data   RW         1618    .data               adc.o
    0x20000048   0x00000008   Data   RW         1714    .data               dac.o
    0x20000050   0x00000006   Data   RW         1797    .data               radio.o
    0x20000056   0x00000001   Data   RW         1887    .data               uart2.o
    0x20000057   0x00000014   Data   RW         2298    .data               stm32f10x_rcc.o
    0x2000006b   0x00000001   PAD
    0x2000006c   0x00000014   Data   RW         3709    .data               system_stm32f10x.o
    0x20000080   0x00000004   Data   RW         3744    .data               systick.o
    0x20000084   0x00000004   Data   RW         3797    .data               mc_w.l(rand.o)
    0x20000088   0x00000004   Data   RW         4163    .data               mc_w.l(mvars.o)
    0x2000008c   0x00000004   Data   RW         4164    .data               mc_w.l(mvars.o)


    Execution Region ER_ZI (Base: 0x20000090, Size: 0x00002a18, Max: 0xffffffff, ABSOLUTE)

    Base Addr    Size         Type   Attr      Idx    E Section Name        Object

    0x20000090   0x00000046   Zero   RW            7    .bss                main.o
    0x200000d6   0x00000040   Zero   RW          214    .bss                packunpack.o
    0x20000116   0x0000000a   Zero   RW          274    .bss                prochostcmd.o
    0x20000120   0x00000080   Zero   RW         1291    .bss                route.o
    0x200001a0   0x00001018   Zero   RW         1523    .bss                uart1.o
    0x200011b8   0x000000d4   Zero   RW         1617    .bss                adc.o
    0x2000128c   0x00000818   Zero   RW         1886    .bss                uart2.o
    0x20001aa4   0x00000004   PAD
    0x20001aa8   0x00000800   Zero   RW         3781    HEAP                startup_stm32f10x_hd.o
    0x200022a8   0x00000800   Zero   RW         3780    STACK               startup_stm32f10x_hd.o


==============================================================================

Image component sizes


      Code (inc. data)   RO Data    RW Data    ZI Data      Debug   Object Name

       532         64          0          2        212       4973   adc.o
      5302        188          0         20          0      33826   cjson.o
         0          0          0          0          0         32   core_cm3.o
       192         26          0          8          0       1343   dac.o
       204         20          0          2          0     218275   led.o
       560         84          0          6         70     279291   main.o
       132         22          0          0          0       1427   misc.o
         0          0          0          0          0        392   mqtt.o
        20          0          0          0          0        823   nvic.o
       422         54          0          8         64       6301   packunpack.o
       916        306          0          8         10       4348   prochostcmd.o
       190          0          0          0          0       3057   queue.o
      1052        208          0          6          0       6333   radio.o
       108          0          0          0          0        926   rcc.o
       696         56          0          9        128       8494   route.o
       206          0          0          0          0       3161   senddatatohost.o
        36          8        304          0       4096        796   startup_stm32f10x_hd.o
       518         30          0          0          0       8092   stm32f10x_adc.o
       506         26          0          0          0       4903   stm32f10x_dma.o
       200         18          0          0          0       1964   stm32f10x_exti.o
        52         12          0          0          0       1033   stm32f10x_flash.o
       388          4          0          0          0       4199   stm32f10x_gpio.o
        24          0          0          0          0       3472   stm32f10x_it.o
       784        110          0         20          0      11586   stm32f10x_rcc.o
       264         42          0          0          0       3880   stm32f10x_tim.o
       514          6          0          0          0       7532   stm32f10x_usart.o
       328         28          0         20          0       2185   system_stm32f10x.o
       186         22          0          4          0      18109   systick.o
       420         60          0         12          0       5011   timer.o
       196          0          0          0          0       2621   u16queue.o
       752        120          0          1       4120      23100   uart1.o
       692        134          0          1       2072       6253   uart2.o

    ----------------------------------------------------------------------
     16426       1648        336        132      10776     677738   Object Totals
         0          0         32          0          0          0   (incl. Generated)
        34          0          0          5          4          0   (incl. Padding)

    ----------------------------------------------------------------------

      Code (inc. data)   RO Data    RW Data    ZI Data      Debug   Library Member Name

        28          0          0          0          0         80   strtod.o
        56          8          0          0          0         84   __0sscanf.o
       812          4          0          0          0        112   _scanf.o
        64          0          0          0          0         84   _sgetc.o
        40          6         64          0          0         68   ctype_c.o
         0          0          0          0          0          0   entry.o
         0          0          0          0          0          0   entry10a.o
         0          0          0          0          0          0   entry11a.o
         8          4          0          0          0          0   entry2.o
         4          0          0          0          0          0   entry5.o
         0          0          0          0          0          0   entry7b.o
         0          0          0          0          0          0   entry8b.o
         8          4          0          0          0          0   entry9a.o
        30          0          0          0          0          0   handlers.o
        36          8          0          0          0         68   init.o
        10          0          0          0          0         68   isspace_c.o
         0          0          0          0          0          0   iusefp.o
        30          0          0          0          0         68   llshl.o
        36          0          0          0          0         68   llsshr.o
        32          0          0          0          0         68   llushr.o
       360         30          0          0          0        356   mallocr.o
        36          0          0          0          0         68   memcpya.o
        36          0          0          0          0        108   memseta.o
         0          0          0          8          0          0   mvars.o
      2280         92          0          0          0        592   printfa.o
        36         10          0          4          0        136   rand.o
        40          8          0          0          0         84   scanf_char.o
       838         12          0          0          0        216   scanf_fp.o
        28          0          0          0          0         76   strcmp.o
        18          0          0          0          0         68   strcpy.o
        14          0          0          0          0         68   strlen.o
        30          0          0          0          0         80   strncmp.o
       156         14          0          0          0        120   strtod.o
        12          0          0          0          0         68   tolower.o
        44          0          0          0          0         80   uidiv.o
        98          0          0          0          0         92   uldiv.o
        48          0          0          0          0         68   cdcmple.o
        48          0          0          0          0         68   cdrcmple.o
        56          0          0          0          0         88   d2f.o
       334          0          0          0          0        148   dadd.o
       222          0          0          0          0        100   ddiv.o
       186          0          0          0          0        176   depilogue.o
        62          0          0          0          0         80   dfixi.o
        48          0          0          0          0         68   dfixul.o
        34          0          0          0          0         76   dflti.o
        26          0          0          0          0         76   dfltui.o
        24          0          0          0          0         76   dfltul.o
       228          0          0          0          0         96   dmul.o
        38          0          0          0          0         68   f2d.o
       110          0          0          0          0        168   fepilogue.o
        50          0          0          0          0         68   ffixi.o
        10          0          0          0          0         68   ffltui.o

    ----------------------------------------------------------------------
      6752        200         66         12          0       4472   Library Totals
         8          0          2          0          0          0   (incl. Padding)

    ----------------------------------------------------------------------

      Code (inc. data)   RO Data    RW Data    ZI Data      Debug   Library Name

        28          0          0          0          0         80   m_ws.l
      5192        200         64         12          0       2900   mc_w.l
      1524          0          0          0          0       1492   mf_w.l

    ----------------------------------------------------------------------
      6752        200         66         12          0       4472   Library Totals

    ----------------------------------------------------------------------

==============================================================================


      Code (inc. data)   RO Data    RW Data    ZI Data      Debug   

     23178       1848        402        144      10776     668842   Grand Totals
     23178       1848        402        144      10776     668842   ELF Image Totals
     23178       1848        402        144          0          0   ROM Totals

==============================================================================

    Total RO  Size (Code + RO Data)                23580 (  23.03kB)
    Total RW  Size (RW Data + ZI Data)             10920 (  10.66kB)
    Total ROM Size (Code + RO Data + RW Data)      23724 (  23.17kB)

==============================================================================

