Component: ARM Compiler 5.06 update 2 (build 183) Tool: armlink [4d35b7]

==============================================================================

Section Cross References

    main.o(i.InitHardware) refers to system_stm32f10x.o(i.SystemInit) for SystemInit
    main.o(i.InitHardware) refers to rcc.o(i.InitRCC) for InitRCC
    main.o(i.InitHardware) refers to nvic.o(i.InitNVIC) for InitNVIC
    main.o(i.InitHardware) refers to uart1.o(i.InitUART1) for InitUART1
    main.o(i.InitHardware) refers to timer.o(i.InitTimer) for InitTimer
    main.o(i.InitHardware) refers to led.o(i.InitLED) for InitLED
    main.o(i.InitHardware) refers to systick.o(i.InitSysTick) for InitSysTick
    main.o(i.InitHardware) refers to adc.o(i.InitADC) for InitADC
    main.o(i.InitHardware) refers to radio.o(i.InitLORA) for InitLORA
    main.o(i.InitSoftware) refers to packunpack.o(i.InitPackUnpack) for InitPackUnpack
    main.o(i.InitSoftware) refers to prochostcmd.o(i.InitProcHostCmd) for InitProcHostCmd
    main.o(i.InitSoftware) refers to senddatatohost.o(i.InitSendDataToHost) for InitSendDataToHost
    main.o(i.InitSoftware) refers to route.o(i.InitRoute) for InitRoute
    main.o(i.Proc1SecTask) refers to memseta.o(.text) for __aeabi_memclr4
    main.o(i.Proc1SecTask) refers to timer.o(i.Get1SecFlag) for Get1SecFlag
    main.o(i.Proc1SecTask) refers to route.o(i.RouteTimerTasks) for RouteTimerTasks
    main.o(i.Proc1SecTask) refers to timer.o(i.Clr1SecFlag) for Clr1SecFlag
    main.o(i.Proc1SecTask) refers to main.o(.data) for s_iCnt
    main.o(i.Proc2msTask) refers to timer.o(i.Get2msFlag) for Get2msFlag
    main.o(i.Proc2msTask) refers to uart1.o(i.ReadUART1) for ReadUART1
    main.o(i.Proc2msTask) refers to prochostcmd.o(i.ProcHostCmd) for ProcHostCmd
    main.o(i.Proc2msTask) refers to adc.o(i.ReadADCBuf) for ReadADCBuf
    main.o(i.Proc2msTask) refers to adc.o(i.ClearADCBuf) for ClearADCBuf
    main.o(i.Proc2msTask) refers to ffltui.o(.text) for __aeabi_ui2f
    main.o(i.Proc2msTask) refers to f2d.o(.text) for __aeabi_f2d
    main.o(i.Proc2msTask) refers to dmul.o(.text) for __aeabi_dmul
    main.o(i.Proc2msTask) refers to d2f.o(.text) for __aeabi_d2f
    main.o(i.Proc2msTask) refers to dadd.o(.text) for __aeabi_drsub
    main.o(i.Proc2msTask) refers to ddiv.o(.text) for __aeabi_ddiv
    main.o(i.Proc2msTask) refers to ffixui.o(.text) for __aeabi_f2uiz
    main.o(i.Proc2msTask) refers to led.o(i.LEDFlicker) for LEDFlicker
    main.o(i.Proc2msTask) refers to timer.o(i.Clr2msFlag) for Clr2msFlag
    main.o(i.Proc2msTask) refers to main.o(.data) for s_iCnt4
    main.o(i.main) refers to main.o(i.InitHardware) for InitHardware
    main.o(i.main) refers to main.o(i.InitSoftware) for InitSoftware
    main.o(i.main) refers to printfa.o(i.__0printf) for __2printf
    main.o(i.main) refers to main.o(i.Proc2msTask) for Proc2msTask
    main.o(i.main) refers to main.o(i.Proc1SecTask) for Proc1SecTask
    led.o(i.ConfigLEDGPIO) refers to stm32f10x_rcc.o(i.RCC_APB2PeriphClockCmd) for RCC_APB2PeriphClockCmd
    led.o(i.ConfigLEDGPIO) refers to stm32f10x_gpio.o(i.GPIO_Init) for GPIO_Init
    led.o(i.ConfigLEDGPIO) refers to stm32f10x_gpio.o(i.GPIO_WriteBit) for GPIO_WriteBit
    led.o(i.InitLED) refers to led.o(i.ConfigLEDGPIO) for ConfigLEDGPIO
    led.o(i.LEDFlicker) refers to stm32f10x_gpio.o(i.GPIO_ReadOutputDataBit) for GPIO_ReadOutputDataBit
    led.o(i.LEDFlicker) refers to stm32f10x_gpio.o(i.GPIO_WriteBit) for GPIO_WriteBit
    led.o(i.LEDFlicker) refers to led.o(.data) for s_iCnt
    packunpack.o(i.GetUnPackRslt) refers to memcpya.o(.text) for __aeabi_memcpy
    packunpack.o(i.GetUnPackRslt) refers to packunpack.o(.bss) for s_ptPack
    packunpack.o(i.InitPackUnpack) refers to memseta.o(.text) for __aeabi_memclr
    packunpack.o(i.InitPackUnpack) refers to packunpack.o(.bss) for s_ptPack
    packunpack.o(i.InitPackUnpack) refers to packunpack.o(.data) for s_iPackLen
    packunpack.o(i.PackData) refers to packunpack.o(i.CalculatePackCheckSum) for CalculatePackCheckSum
    packunpack.o(i.UnPackData) refers to timer.o(i.millis) for millis
    packunpack.o(i.UnPackData) refers to packunpack.o(i.UnpackWithCheckSum) for UnpackWithCheckSum
    packunpack.o(i.UnPackData) refers to packunpack.o(.bss) for s_ptPack
    packunpack.o(i.UnPackData) refers to packunpack.o(.data) for s_iGotPackId
    prochostcmd.o(i.OnGenWave) refers to wave.o(i.GetSineWave100PointAddr) for GetSineWave100PointAddr
    prochostcmd.o(i.OnGenWave) refers to wave.o(i.GetTriWave100PointAddr) for GetTriWave100PointAddr
    prochostcmd.o(i.OnGenWave) refers to wave.o(i.GetRectWave100PointAddr) for GetRectWave100PointAddr
    prochostcmd.o(i.OnGenWave) refers to dac.o(i.SetDACWave) for SetDACWave
    prochostcmd.o(i.ProcDatePack) refers to senddatatohost.o(i.SendDateToParent) for SendDateToParent
    prochostcmd.o(i.ProcHostCmd) refers to memseta.o(.text) for __aeabi_memclr4
    prochostcmd.o(i.ProcHostCmd) refers to packunpack.o(i.GetUnPackRslt) for GetUnPackRslt
[...]
    ..\HW\RCC\RCC.c                          0x00000000   Number         0  rcc.o ABSOLUTE
    ..\HW\Timer\Timer.c                      0x00000000   Number         0  timer.o ABSOLUTE
    ..\HW\UART1\Queue.c                      0x00000000   Number         0  queue.o ABSOLUTE
    ..\HW\UART1\UART1.c                      0x00000000   Number         0  uart1.o ABSOLUTE
    ..\HW\UART2\UART2.c                      0x00000000   Number         0  uart2.o ABSOLUTE
    ..\\ARM\\System\\core_cm3.c              0x00000000   Number         0  core_cm3.o ABSOLUTE
    cdcmple.s                                0x00000000   Number         0  cdcmple.o ABSOLUTE
    cdrcmple.s                               0x00000000   Number         0  cdrcmple.o ABSOLUTE
    dc.s                                     0x00000000   Number         0  dc.o ABSOLUTE
    handlers.s                               0x00000000   Number         0  handlers.o ABSOLUTE
    init.s                                   0x00000000   Number         0  init.o ABSOLUTE
    RESET                                    0x08000000   Section      304  startup_stm32f10x_hd.o(RESET)
    .ARM.Collect$$$$00000000                 0x08000130   Section        0  entry.o(.ARM.Collect$$$$00000000)
    .ARM.Collect$$$$00000001                 0x08000130   Section        4  entry2.o(.ARM.Collect$$$$00000001)
    .ARM.Collect$$$$00000004                 0x08000134   Section        4  entry5.o(.ARM.Collect$$$$00000004)
    .ARM.Collect$$$$00000008                 0x08000138   Section        0  entry7b.o(.ARM.Collect$$$$00000008)
    .ARM.Collect$$$$0000000A                 0x08000138   Section        0  entry8b.o(.ARM.Collect$$$$0000000A)
    .ARM.Collect$$$$0000000B                 0x08000138   Section        8  entry9a.o(.ARM.Collect$$$$0000000B)
    .ARM.Collect$$$$0000000D                 0x08000140   Section        0  entry10a.o(.ARM.Collect$$$$0000000D)
    .ARM.Collect$$$$0000000F                 0x08000140   Section        0  entry11a.o(.ARM.Collect$$$$0000000F)
    .ARM.Collect$$$$00002712                 0x08000140   Section        4  entry2.o(.ARM.Collect$$$$00002712)
    __lit__00000000                          0x08000140   Data           4  entry2.o(.ARM.Collect$$$$00002712)
    .text                                    0x08000144   Section       36  startup_stm32f10x_hd.o(.text)
    .text                                    0x08000168   Section        0  memcpya.o(.text)
    .text                                    0x0800018c   Section        0  memseta.o(.text)
    .text                                    0x080001b0   Section        0  strlen.o(.text)
    .text                                    0x080001be   Section        0  dadd.o(.text)
    .text                                    0x0800030c   Section        0  dmul.o(.text)
    .text                                    0x080003f0   Section        0  ddiv.o(.text)
    .text                                    0x080004ce   Section        0  ffltui.o(.text)
    .text                                    0x080004d8   Section        0  ffixui.o(.text)
    .text                                    0x08000500   Section        0  f2d.o(.text)
    .text                                    0x08000528   Section       48  cdrcmple.o(.text)
    .text                                    0x08000558   Section        0  d2f.o(.text)
    .text                                    0x08000590   Section        0  uidiv.o(.text)
    .text                                    0x080005bc   Section        0  uldiv.o(.text)
    .text                                    0x0800061e   Section        0  llshl.o(.text)
    .text                                    0x0800063c   Section        0  llushr.o(.text)
    .text                                    0x0800065c   Section        0  llsshr.o(.text)
    .text                                    0x08000680   Section        0  iusefp.o(.text)
    .text                                    0x08000680   Section        0  fepilogue.o(.text)
    .text                                    0x080006ee   Section        0  depilogue.o(.text)
    .text                                    0x080007a8   Section        0  dfixul.o(.text)
    .text                                    0x080007d8   Section       36  init.o(.text)
    i.ADC_Cmd                                0x080007fc   Section        0  stm32f10x_adc.o(i.ADC_Cmd)
    i.ADC_DMACmd                             0x08000812   Section        0  stm32f10x_adc.o(i.ADC_DMACmd)
    i.ADC_DeInit                             0x08000828   Section        0  stm32f10x_adc.o(i.ADC_DeInit)
    i.ADC_ExternalTrigConvCmd                0x08000884   Section        0  stm32f10x_adc.o(i.ADC_ExternalTrigConvCmd)
    i.ADC_GetCalibrationStatus               0x0800089a   Section        0  stm32f10x_adc.o(i.ADC_GetCalibrationStatus)
    i.ADC_GetResetCalibrationStatus          0x080008ae   Section        0  stm32f10x_adc.o(i.ADC_GetResetCalibrationStatus)
    i.ADC_Init                               0x080008c4   Section        0  stm32f10x_adc.o(i.ADC_Init)
    i.ADC_RegularChannelConfig               0x08000914   Section        0  stm32f10x_adc.o(i.ADC_RegularChannelConfig)
    i.ADC_ResetCalibration                   0x080009cc   Section        0  stm32f10x_adc.o(i.ADC_ResetCalibration)
    i.ADC_StartCalibration                   0x080009d6   Section        0  stm32f10x_adc.o(i.ADC_StartCalibration)
    i.ADC_TempSensorVrefintCmd               0x080009e0   Section        0  stm32f10x_adc.o(i.ADC_TempSensorVrefintCmd)
    i.BusFault_Handler                       0x08000a04   Section        0  stm32f10x_it.o(i.BusFault_Handler)
    i.CalculatePackCheckSum                  0x08000a08   Section        0  packunpack.o(i.CalculatePackCheckSum)
    CalculatePackCheckSum                    0x08000a09   Thumb Code    64  packunpack.o(i.CalculatePackCheckSum)
    i.ClearADCBuf                            0x08000a48   Section        0  adc.o(i.ClearADCBuf)
    i.ClearU16Queue                          0x08000a58   Section        0  u16queue.o(i.ClearU16Queue)
    i.Clr1SecFlag                            0x08000a64   Section        0  timer.o(i.Clr1SecFlag)
    i.Clr2msFlag                             0x08000a70   Section        0  timer.o(i.Clr2msFlag)
    i.ConfigADC1                             0x08000a7c   Section        0  adc.o(i.ConfigADC1)
    ConfigADC1                               0x08000a7d   Thumb Code   172  adc.o(i.ConfigADC1)
    i.ConfigDMA1Ch1                          0x08000b30   Section        0  adc.o(i.ConfigDMA1Ch1)
    ConfigDMA1Ch1                            0x08000b31   Thumb Code    82  adc.o(i.ConfigDMA1Ch1)
    i.ConfigDMA2Ch3ForDAC1                   0x08000b90   Section        0  dac.o(i.ConfigDMA2Ch3ForDAC1)
    ConfigDMA2Ch3ForDAC1                     0x08000b91   Thumb Code   120  dac.o(i.ConfigDMA2Ch3ForDAC1)
    i.ConfigLEDGPIO                          0x08000c10   Section        0  led.o(i.ConfigLEDGPIO)
    ConfigLEDGPIO                            0x08000c11   Thumb Code    96  led.o(i.ConfigLEDGPIO)
    i.ConfigLRGPIO                           0x08000c78   Section        0  radio.o(i.ConfigLRGPIO)
    ConfigLRGPIO                             0x08000c79   Thumb Code   176  radio.o(i.ConfigLRGPIO)
    i.ConfigLRMode                           0x08000d2c   Section        0  radio.o(i.ConfigLRMode)
    ConfigLRMode                             0x08000d2d   Thumb Code    84  radio.o(i.ConfigLRMode)
    i.ConfigNVIC                             0x08000d8c   Section        0  nvic.o(i.ConfigNVIC)
    ConfigNVIC                               0x08000d8d   Thumb Code    12  nvic.o(i.ConfigNVIC)
    i.ConfigRCC                              0x08000d98   Section        0  rcc.o(i.ConfigRCC)
    ConfigRCC                                0x08000d99   Thumb Code   100  rcc.o(i.ConfigRCC)
    i.ConfigTimer2                           0x08000dfc   Section        0  timer.o(i.ConfigTimer2)
    ConfigTimer2                             0x08000dfd   Thumb Code    92  timer.o(i.ConfigTimer2)
    i.ConfigTimer3                           0x08000e58   Section        0  adc.o(i.ConfigTimer3)
    ConfigTimer3                             0x08000e59   Thumb Code    98  adc.o(i.ConfigTimer3)
    i.ConfigTimer5                           0x08000ec0   Section        0  timer.o(i.ConfigTimer5)
    ConfigTimer5                             0x08000ec1   Thumb Code    90  timer.o(i.ConfigTimer5)
    i.ConfigUART1                            0x08000f20   Section        0  uart1.o(i.ConfigUART1)
    ConfigUART1                              0x08000f21   Thumb Code   184  uart1.o(i.ConfigUART1)
    i.DMA2_Channel3_IRQHandler               0x08000fe4   Section        0  dac.o(i.DMA2_Channel3_IRQHandler)
    i.DMA_ClearITPendingBit                  0x08001024   Section        0  stm32f10x_dma.o(i.DMA_ClearITPendingBit)
    i.DMA_Cmd                                0x08001040   Section        0  stm32f10x_dma.o(i.DMA_Cmd)
    i.DMA_DeInit                             0x08001058   Section        0  stm32f10x_dma.o(i.DMA_DeInit)
    i.DMA_GetITStatus                        0x080011a4   Section        0  stm32f10x_dma.o(i.DMA_GetITStatus)
    i.DMA_ITConfig                           0x080011d0   Section        0  stm32f10x_dma.o(i.DMA_ITConfig)
    i.DMA_Init                               0x080011e2   Section        0  stm32f10x_dma.o(i.DMA_Init)
    i.DeQueue                                0x0800121e   Section        0  queue.o(i.DeQueue)
    i.DeU16Queue                             0x08001262   Section        0  u16queue.o(i.DeU16Queue)
    i.DebugMon_Handler                       0x080012aa   Section        0  stm32f10x_it.o(i.DebugMon_Handler)
    i.DecreaseLiveTime                       0x080012ac   Section        0  route.o(i.DecreaseLiveTime)
    DecreaseLiveTime                         0x080012ad   Thumb Code    38  route.o(i.DecreaseLiveTime)
    i.DelayNms                               0x080012d8   Section        0  systick.o(i.DelayNms)
    i.DeleteTable                            0x080012f0   Section        0  route.o(i.DeleteTable)
    DeleteTable                              0x080012f1   Thumb Code   100  route.o(i.DeleteTable)
    i.EXTI4_IRQHandler                       0x08001358   Section        0  radio.o(i.EXTI4_IRQHandler)
    i.EXTI_ClearITPendingBit                 0x08001378   Section        0  stm32f10x_exti.o(i.EXTI_ClearITPendingBit)
    i.EXTI_GetITStatus                       0x08001384   Section        0  stm32f10x_exti.o(i.EXTI_GetITStatus)
    i.EXTI_Init                              0x080013ac   Section        0  stm32f10x_exti.o(i.EXTI_Init)
    i.EnQueue                                0x08001440   Section        0  queue.o(i.EnQueue)
    i.EnU16Queue                             0x08001488   Section        0  u16queue.o(i.EnU16Queue)
    i.EnableUART1Tx                          0x080014d4   Section        0  uart1.o(i.EnableUART1Tx)
    EnableUART1Tx                            0x080014d5   Thumb Code    22  uart1.o(i.EnableUART1Tx)
    i.EnableUART2Tx                          0x080014f4   Section        0  uart2.o(i.EnableUART2Tx)
    EnableUART2Tx                            0x080014f5   Thumb Code    22  uart2.o(i.EnableUART2Tx)
    i.FLASH_PrefetchBufferCmd                0x08001514   Section        0  stm32f10x_flash.o(i.FLASH_PrefetchBufferCmd)
    i.FLASH_SetLatency                       0x08001530   Section        0  stm32f10x_flash.o(i.FLASH_SetLatency)
    i.GPIO_EXTILineConfig                    0x08001548   Section        0  stm32f10x_gpio.o(i.GPIO_EXTILineConfig)
    i.GPIO_Init                              0x08001588   Section        0  stm32f10x_gpio.o(i.GPIO_Init)
    i.GPIO_ReadOutputDataBit                 0x0800169e   Section        0  stm32f10x_gpio.o(i.GPIO_ReadOutputDataBit)
    i.GPIO_WriteBit                          0x080016b0   Section        0  stm32f10x_gpio.o(i.GPIO_WriteBit)
    i.Get1SecFlag                            0x080016bc   Section        0  timer.o(i.Get1SecFlag)
    i.Get2msFlag                             0x080016c8   Section        0  timer.o(i.Get2msFlag)
    i.GetAuxState                            0x080016d4   Section        0  radio.o(i.GetAuxState)
    GetAuxState                              0x080016d5   Thumb Code     8  radio.o(i.GetAuxState)
    i.GetParentAddr                          0x080016e0   Section        0  route.o(i.GetParentAddr)
    i.GetUnPackRslt                          0x0800170c   Section        0  packunpack.o(i.GetUnPackRslt)
    i.HardFault_Handler                      0x08001720   Section        0  stm32f10x_it.o(i.HardFault_Handler)
    i.InitADC                                0x08001724   Section        0  adc.o(i.InitADC)
    i.InitHardware                           0x08001750   Section        0  main.o(i.InitHardware)
    InitHardware                             0x08001751   Thumb Code    44  main.o(i.InitHardware)
    i.InitLED                                0x0800177c   Section        0  led.o(i.InitLED)
    i.InitLORA                               0x08001784   Section        0  radio.o(i.InitLORA)
    i.InitNVIC                               0x080017bc   Section        0  nvic.o(i.InitNVIC)
    i.InitPackUnpack                         0x080017c4   Section        0  packunpack.o(i.InitPackUnpack)
    i.InitProcHostCmd                        0x080017f8   Section        0  prochostcmd.o(i.InitProcHostCmd)
    i.InitQueue                              0x080017fa   Section        0  queue.o(i.InitQueue)
    i.InitRCC                                0x0800181e   Section        0  rcc.o(i.InitRCC)
    i.InitRouTab                             0x08001828   Section        0  route.o(i.InitRouTab)
    InitRouTab                               0x08001829   Thumb Code    82  route.o(i.InitRouTab)
    i.InitRoute                              0x08001884   Section        0  route.o(i.InitRoute)
    i.InitSendDataToHost                     0x080018ae   Section        0  senddatatohost.o(i.InitSendDataToHost)
    i.InitSoftware                           0x080018b0   Section        0  main.o(i.InitSoftware)
    InitSoftware                             0x080018b1   Thumb Code    20  main.o(i.InitSoftware)
    i.InitSysTick                            0x080018c4   Section        0  systick.o(i.InitSysTick)
    i.InitTimer                              0x0800192c   Section        0  timer.o(i.InitTimer)
    i.InitU16Queue                           0x08001944   Section        0  u16queue.o(i.InitU16Queue)
    i.InitUART1                              0x0800196a   Section        0  uart1.o(i.InitUART1)
    i.InitUART1Buf                           0x0800197c   Section        0  uart1.o(i.InitUART1Buf)
    InitUART1Buf                             0x0800197d   Thumb Code    52  uart1.o(i.InitUART1Buf)
    i.InsertRou                              0x080019c0   Section        0  route.o(i.InsertRou)
    InsertRou                                0x080019c1   Thumb Code    56  route.o(i.InsertRou)
    i.LEDFlicker                             0x08001a00   Section        0  led.o(i.LEDFlicker)
    i.MemManage_Handler                      0x08001a5c   Section        0  stm32f10x_it.o(i.MemManage_Handler)
    i.NMI_Handler                            0x08001a60   Section        0  stm32f10x_it.o(i.NMI_Handler)
    i.NVIC_ClearPendingIRQ                   0x08001a64   Section        0  uart1.o(i.NVIC_ClearPendingIRQ)
    NVIC_ClearPendingIRQ                     0x08001a65   Thumb Code    18  uart1.o(i.NVIC_ClearPendingIRQ)
    i.NVIC_ClearPendingIRQ                   0x08001a7c   Section        0  uart2.o(i.NVIC_ClearPendingIRQ)
    NVIC_ClearPendingIRQ                     0x08001a7d   Thumb Code    18  uart2.o(i.NVIC_ClearPendingIRQ)
    i.NVIC_Init                              0x08001a94   Section        0  misc.o(i.NVIC_Init)
    i.NVIC_PriorityGroupConfig               0x08001b04   Section        0  misc.o(i.NVIC_PriorityGroupConfig)
    i.PackData                               0x08001b18   Section        0  packunpack.o(i.PackData)
    i.PendSV_Handler                         0x08001b3e   Section        0  stm32f10x_it.o(i.PendSV_Handler)
    i.Proc1SecTask                           0x08001b40   Section        0  main.o(i.Proc1SecTask)
    Proc1SecTask                             0x08001b41   Thumb Code    54  main.o(i.Proc1SecTask)
    i.Proc2msTask                            0x08001b7c   Section        0  main.o(i.Proc2msTask)
    Proc2msTask                              0x08001b7d   Thumb Code   196  main.o(i.Proc2msTask)
    i.ProcDatePack                           0x08001c68   Section        0  prochostcmd.o(i.ProcDatePack)
    i.ProcHostCmd                            0x08001c78   Section        0  prochostcmd.o(i.ProcHostCmd)
    i.QueueEmpty                             0x08001d0c   Section        0  queue.o(i.QueueEmpty)
    i.RCC_ADCCLKConfig                       0x08001d1c   Section        0  stm32f10x_rcc.o(i.RCC_ADCCLKConfig)
    i.RCC_AHBPeriphClockCmd                  0x08001d34   Section        0  stm32f10x_rcc.o(i.RCC_AHBPeriphClockCmd)
    i.RCC_APB1PeriphClockCmd                 0x08001d54   Section        0  stm32f10x_rcc.o(i.RCC_APB1PeriphClockCmd)
    i.RCC_APB2PeriphClockCmd                 0x08001d74   Section        0  stm32f10x_rcc.o(i.RCC_APB2PeriphClockCmd)
    i.RCC_APB2PeriphResetCmd                 0x08001d94   Section        0  stm32f10x_rcc.o(i.RCC_APB2PeriphResetCmd)
    i.RCC_DeInit                             0x08001db4   Section        0  stm32f10x_rcc.o(i.RCC_DeInit)
    i.RCC_GetClocksFreq                      0x08001e00   Section        0  stm32f10x_rcc.o(i.RCC_GetClocksFreq)
    i.RCC_GetFlagStatus                      0x08001ed4   Section        0  stm32f10x_rcc.o(i.RCC_GetFlagStatus)
    i.RCC_GetSYSCLKSource                    0x08001f10   Section        0  stm32f10x_rcc.o(i.RCC_GetSYSCLKSource)
    i.RCC_HCLKConfig                         0x08001f20   Section        0  stm32f10x_rcc.o(i.RCC_HCLKConfig)
    i.RCC_HSEConfig                          0x08001f38   Section        0  stm32f10x_rcc.o(i.RCC_HSEConfig)
    i.RCC_PCLK1Config                        0x08001f84   Section        0  stm32f10x_rcc.o(i.RCC_PCLK1Config)
    i.RCC_PCLK2Config                        0x08001f9c   Section        0  stm32f10x_rcc.o(i.RCC_PCLK2Config)
    i.RCC_PLLCmd                             0x08001fb4   Section        0  stm32f10x_rcc.o(i.RCC_PLLCmd)
    i.RCC_PLLConfig                          0x08001fc0   Section        0  stm32f10x_rcc.o(i.RCC_PLLConfig)
    i.RCC_SYSCLKConfig                       0x08001fdc   Section        0  stm32f10x_rcc.o(i.RCC_SYSCLKConfig)
    i.RCC_WaitForHSEStartUp                  0x08001ff4   Section        0  stm32f10x_rcc.o(i.RCC_WaitForHSEStartUp)
    i.RadioSendData                          0x0800202c   Section        0  radio.o(i.RadioSendData)
    i.ReadADCBuf                             0x08002100   Section        0  adc.o(i.ReadADCBuf)
    i.ReadSendBuf1                           0x0800211c   Section        0  uart1.o(i.ReadSendBuf1)
    ReadSendBuf1                             0x0800211d   Thumb Code    22  uart1.o(i.ReadSendBuf1)
    i.ReadSendBuf2                           0x08002138   Section        0  uart2.o(i.ReadSendBuf2)
    ReadSendBuf2                             0x08002139   Thumb Code    22  uart2.o(i.ReadSendBuf2)
    i.ReadUART1                              0x08002154   Section        0  uart1.o(i.ReadUART1)
    i.RouteTimerTask                         0x08002170   Section        0  route.o(i.RouteTimerTask)
    RouteTimerTask                           0x08002171   Thumb Code    20  route.o(i.RouteTimerTask)
    i.RouteTimerTasks                        0x08002184   Section        0  route.o(i.RouteTimerTasks)
    i.SVC_Handler                            0x0800218c   Section        0  stm32f10x_it.o(i.SVC_Handler)
    i.SendAckPack                            0x0800218e   Section        0  senddatatohost.o(i.SendAckPack)
    i.SendCharUsedByFputc                    0x080021c4   Section        0  uart1.o(i.SendCharUsedByFputc)
    SendCharUsedByFputc                      0x080021c5   Thumb Code    28  uart1.o(i.SendCharUsedByFputc)
    i.SendDateToParent                       0x080021e4   Section        0  senddatatohost.o(i.SendDateToParent)
    i.SendPackToHost                         0x08002214   Section        0  senddatatohost.o(i.SendPackToHost)
    SendPackToHost                           0x08002215   Thumb Code    70  senddatatohost.o(i.SendPackToHost)
    i.SendRouteTask                          0x0800225c   Section        0  route.o(i.SendRouteTask)
    SendRouteTask                            0x0800225d   Thumb Code    58  route.o(i.SendRouteTask)
    i.SendRouteToNeighbor                    0x080022a0   Section        0  senddatatohost.o(i.SendRouteToNeighbor)
    i.SetSysClock                            0x080022ca   Section        0  system_stm32f10x.o(i.SetSysClock)
    SetSysClock                              0x080022cb   Thumb Code     8  system_stm32f10x.o(i.SetSysClock)
    i.SetSysClockTo72                        0x080022d4   Section        0  system_stm32f10x.o(i.SetSysClockTo72)
    SetSysClockTo72                          0x080022d5   Thumb Code   214  system_stm32f10x.o(i.SetSysClockTo72)
    i.SysTick_Handler                        0x080023b4   Section        0  systick.o(i.SysTick_Handler)
    i.SystemInit                             0x080023bc   Section        0  system_stm32f10x.o(i.SystemInit)
    i.TIM2_IRQHandler                        0x0800241c   Section        0  timer.o(i.TIM2_IRQHandler)
    i.TIM3_IRQHandler                        0x08002468   Section        0  adc.o(i.TIM3_IRQHandler)
    i.TIM5_IRQHandler                        0x08002490   Section        0  timer.o(i.TIM5_IRQHandler)
    i.TIM_ClearITPendingBit                  0x080024d8   Section        0  stm32f10x_tim.o(i.TIM_ClearITPendingBit)
    i.TIM_Cmd                                0x080024de   Section        0  stm32f10x_tim.o(i.TIM_Cmd)
    i.TIM_GetITStatus                        0x080024f6   Section        0  stm32f10x_tim.o(i.TIM_GetITStatus)
    i.TIM_ITConfig                           0x08002518   Section        0  stm32f10x_tim.o(i.TIM_ITConfig)
    i.TIM_SelectOutputTrigger                0x0800252a   Section        0  stm32f10x_tim.o(i.TIM_SelectOutputTrigger)
    i.TIM_TimeBaseInit                       0x0800253c   Section        0  stm32f10x_tim.o(i.TIM_TimeBaseInit)
    i.TimDelayDec                            0x080025e0   Section        0  systick.o(i.TimDelayDec)
    TimDelayDec                              0x080025e1   Thumb Code    18  systick.o(i.TimDelayDec)
    i.USART1_IRQHandler                      0x080025f8   Section        0  uart1.o(i.USART1_IRQHandler)
    i.USART2_IRQHandler                      0x08002694   Section        0  uart2.o(i.USART2_IRQHandler)
    i.USART_ClearFlag                        0x08002730   Section        0  stm32f10x_usart.o(i.USART_ClearFlag)
    i.USART_ClearITPendingBit                0x08002742   Section        0  stm32f10x_usart.o(i.USART_ClearITPendingBit)
    i.USART_Cmd                              0x08002760   Section        0  stm32f10x_usart.o(i.USART_Cmd)
    i.USART_GetFlagStatus                    0x08002778   Section        0  stm32f10x_usart.o(i.USART_GetFlagStatus)
    i.USART_GetITStatus                      0x08002792   Section        0  stm32f10x_usart.o(i.USART_GetITStatus)
    i.USART_ITConfig                         0x080027e6   Section        0  stm32f10x_usart.o(i.USART_ITConfig)
    i.USART_Init                             0x08002830   Section        0  stm32f10x_usart.o(i.USART_Init)
    i.USART_ReceiveData                      0x08002908   Section        0  stm32f10x_usart.o(i.USART_ReceiveData)
    i.USART_SendData                         0x08002912   Section        0  stm32f10x_usart.o(i.USART_SendData)
    i.USART_StructInit                       0x0800291a   Section        0  stm32f10x_usart.o(i.USART_StructInit)
    i.UnPackData                             0x08002934   Section        0  packunpack.o(i.UnPackData)
    i.UnpackWithCheckSum                     0x080029f4   Section        0  packunpack.o(i.UnpackWithCheckSum)
    UnpackWithCheckSum                       0x080029f5   Thumb Code     6  packunpack.o(i.UnpackWithCheckSum)
    i.UpdateParent                           0x080029fc   Section        0  route.o(i.UpdateParent)
    UpdateParent                             0x080029fd   Thumb Code    44  route.o(i.UpdateParent)
    i.UpdateRouTab2                          0x08002a30   Section        0  route.o(i.UpdateRouTab2)
    i.UpdateTable                            0x08002a84   Section        0  route.o(i.UpdateTable)
    UpdateTable                              0x08002a85   Thumb Code    62  route.o(i.UpdateTable)
    i.UsageFault_Handler                     0x08002ac8   Section        0  stm32f10x_it.o(i.UsageFault_Handler)
    i.WriteADCBuf                            0x08002acc   Section        0  adc.o(i.WriteADCBuf)
    i.WriteReceiveBuf1                       0x08002ae4   Section        0  uart1.o(i.WriteReceiveBuf1)
    WriteReceiveBuf1                         0x08002ae5   Thumb Code    20  uart1.o(i.WriteReceiveBuf1)
    i.WriteReceiveBuf2                       0x08002afc   Section        0  uart2.o(i.WriteReceiveBuf2)
    WriteReceiveBuf2                         0x08002afd   Thumb Code    20  uart2.o(i.WriteReceiveBuf2)
    i.WriteUART1                             0x08002b14   Section        0  uart1.o(i.WriteUART1)
    i.WriteUART2                             0x08002b74   Section        0  uart2.o(i.WriteUART2)
    i.__0printf                              0x08002bd4   Section        0  printfa.o(i.__0printf)
    i.__0sprintf                             0x08002bf4   Section        0  printfa.o(i.__0sprintf)
    i.__0vsprintf                            0x08002c1c   Section        0  printfa.o(i.__0vsprintf)
    i.__scatterload_copy                     0x08002c40   Section       14  handlers.o(i.__scatterload_copy)
    i.__scatterload_null                     0x08002c4e   Section        2  handlers.o(i.__scatterload_null)
    i.__scatterload_zeroinit                 0x08002c50   Section       14  handlers.o(i.__scatterload_zeroinit)
    i._fp_digits                             0x08002c60   Section        0  printfa.o(i._fp_digits)
    _fp_digits                               0x08002c61   Thumb Code   334  printfa.o(i._fp_digits)
    i._printf_core                           0x08002dc4   Section        0  printfa.o(i._printf_core)
    _printf_core                             0x08002dc5   Thumb Code  1744  printfa.o(i._printf_core)
    i._printf_post_padding                   0x080034a0   Section        0  printfa.o(i._printf_post_padding)
    _printf_post_padding                     0x080034a1   Thumb Code    36  printfa.o(i._printf_post_padding)
    i._printf_pre_padding                    0x080034c4   Section        0  printfa.o(i._printf_pre_padding)
    _printf_pre_padding                      0x080034c5   Thumb Code    46  printfa.o(i._printf_pre_padding)
    i._sputc                                 0x080034f2   Section        0  printfa.o(i._sputc)
    _sputc                                   0x080034f3   Thumb Code    10  printfa.o(i._sputc)
    i.debug                                  0x080034fc   Section        0  uart1.o(i.debug)
    i.find                                   0x08003544   Section        0  route.o(i.find)
    find                                     0x08003545   Thumb Code    48  route.o(i.find)
    i.fputc                                  0x08003578   Section        0  uart1.o(i.fputc)
    i.getAddress                             0x08003588   Section        0  radio.o(i.getAddress)
    i.isLoRaReady                            0x080035cc   Section        0  radio.o(i.isLoRaReady)
    i.main                                   0x080035d4   Section        0  main.o(i.main)
    i.millis                                 0x08003614   Section        0  timer.o(i.millis)
    i.readRegisters                          0x08003620   Section        0  radio.o(i.readRegisters)
    readRegisters                            0x08003621   Thumb Code   114  radio.o(i.readRegisters)
    .data                                    0x20000000   Section        9  main.o(.data)
    s_iCnt4                                  0x20000000   Data           2  main.o(.data)
    s_iPointCnt                              0x20000002   Data           1  main.o(.data)
    s_arrWaveData                            0x20000003   Data           5  main.o(.data)
    s_iCnt                                   0x20000008   Data           1  main.o(.data)
    .data                                    0x2000000a   Section        2  led.o(.data)
    s_iCnt                                   0x2000000a   Data           2  led.o(.data)
    .data                                    0x2000000c   Section        8  packunpack.o(.data)
    s_iPackLen                               0x2000000c   Data           1  packunpack.o(.data)
    s_iGotPackId                             0x2000000d   Data           1  packunpack.o(.data)
    s_iRestByteNum                           0x2000000e   Data           1  packunpack.o(.data)
    s_millis_last                            0x20000010   Data           4  packunpack.o(.data)
    .data                                    0x20000014   Section        9  route.o(.data)
    s_structRouteTable                       0x20000014   Data           8  route.o(.data)
    IndexOfParent                            0x2000001c   Data           1  route.o(.data)
    .data                                    0x20000020   Section       12  timer.o(.data)
    s_i2msFlag                               0x20000020   Data           1  timer.o(.data)
    s_i1secFlag                              0x20000021   Data           1  timer.o(.data)
    s_millis_cur                             0x20000024   Data           4  timer.o(.data)
    s_iCnt2                                  0x20000028   Data           2  timer.o(.data)
    s_iCnt1000                               0x2000002a   Data           2  timer.o(.data)
    .data                                    0x2000002c   Section        1  uart1.o(.data)
    s_iUART1TxSts                            0x2000002c   Data           1  uart1.o(.data)
    .data                                    0x2000002e   Section        2  adc.o(.data)
    s_arrADC1Data                            0x2000002e   Data           2  adc.o(.data)
    .data                                    0x20000030   Section        8  dac.o(.data)
    s_strDAC1WaveBuf                         0x20000030   Data           8  dac.o(.data)
    .data                                    0x20000038   Section        6  radio.o(.data)
    s_curMode                                0x20000038   Data           1  radio.o(.data)
    s_Aux                                    0x20000039   Data           1  radio.o(.data)
    s_address                                0x2000003a   Data           2  radio.o(.data)
    s_RadioBuf                               0x2000003c   Data           2  radio.o(.data)
    .data                                    0x2000003e   Section        1  uart2.o(.data)
    s_iUART2TxSts                            0x2000003e   Data           1  uart2.o(.data)
    .data                                    0x2000003f   Section       20  stm32f10x_rcc.o(.data)
    APBAHBPrescTable                         0x2000003f   Data          16  stm32f10x_rcc.o(.data)
    ADCPrescTable                            0x2000004f   Data           4  stm32f10x_rcc.o(.data)
    .data                                    0x20000054   Section       20  system_stm32f10x.o(.data)
    .data                                    0x20000068   Section        4  systick.o(.data)
    s_iTimDelayCnt                           0x20000068   Data           4  systick.o(.data)
    .data                                    0x2000006c   Section        4  stdout.o(.data)
    .bss                                     0x20000070   Section       64  packunpack.o(.bss)
    s_ptPack                                 0x20000070   Data          64  packunpack.o(.bss)
    .bss                                     0x200000b0   Section      128  route.o(.bss)
    s_structRouteBuf                         0x200000b0   Data         128  route.o(.bss)
    .bss                                     0x20000130   Section     2072  uart1.o(.bss)
    s_structUART1SendCirQue                  0x20000130   Data          12  uart1.o(.bss)
    s_structUART1RecCirQue                   0x2000013c   Data          12  uart1.o(.bss)
    s_arrSendBuf1                            0x20000148   Data        1024  uart1.o(.bss)
    s_arrRecBuf1                             0x20000548   Data        1024  uart1.o(.bss)
    .bss                                     0x20000948   Section      212  adc.o(.bss)
    s_structADCCirQue                        0x20000948   Data          12  adc.o(.bss)
    s_arrADCBuf                              0x20000954   Data         200  adc.o(.bss)
    .bss                                     0x20000a1c   Section     2072  uart2.o(.bss)
    s_structUART2SendCirQue                  0x20000a1c   Data          12  uart2.o(.bss)
    s_structUART2RecCirQue                   0x20000a28   Data          12  uart2.o(.bss)
    s_arrSendBuf2                            0x20000a34   Data        1024  uart2.o(.bss)
    s_arrRecBuf2                             0x20000e34   Data        1024  uart2.o(.bss)
    STACK                                    0x20001238   Section     2048  startup_stm32f10x_hd.o(STACK)

    Global Symbols

    Symbol Name                              Value     Ov Type        Size  Object(Section)

    BuildAttributes$$THM_ISAv4$P$D$K$B$S$PE$A:L22UL41UL21$X:L11$S22US41US21$IEEE1$IW$USESV6$~STKCKD$USESV7$~SHL$OTIME$ROPI$IEEEJ$EBA8$MICROLIB$REQ8$PRES8$EABIv2 0x00000000   Number         0  anon$$obj.o ABSOLUTE
    __ARM_use_no_argv                        0x00000000   Number         0  main.o ABSOLUTE
    _printf_a                                0x00000000   Number         0  stubs.o ABSOLUTE
    _printf_c                                0x00000000   Number         0  stubs.o ABSOLUTE
    _printf_charcount                        0x00000000   Number         0  stubs.o ABSOLUTE
    _printf_d                                0x00000000   Number         0  stubs.o ABSOLUTE
    _printf_e                                0x00000000   Number         0  stubs.o ABSOLUTE
    _printf_f                                0x00000000   Number         0  stubs.o ABSOLUTE
    _printf_flags                            0x00000000   Number         0  stubs.o ABSOLUTE
    _printf_fp_dec                           0x00000000   Number         0  stubs.o ABSOLUTE
    _printf_fp_hex                           0x00000000   Number         0  stubs.o ABSOLUTE
    _printf_g                                0x00000000   Number         0  stubs.o ABSOLUTE
    _printf_i                                0x00000000   Number         0  stubs.o ABSOLUTE
    _printf_int_dec                          0x00000000   Number         0  stubs.o ABSOLUTE
    _printf_l                                0x00000000   Number         0  stubs.o ABSOLUTE
    _printf_lc                               0x00000000   Number         0  stubs.o ABSOLUTE
    _printf_ll                               0x00000000   Number         0  stubs.o ABSOLUTE
    _printf_lld                              0x00000000   Number         0  stubs.o ABSOLUTE
    _printf_lli                              0x00000000   Number         0  stubs.o ABSOLUTE
    _printf_llo                              0x00000000   Number         0  stubs.o ABSOLUTE
    _printf_llu                              0x00000000   Number         0  stubs.o ABSOLUTE
    _printf_llx                              0x00000000   Number         0  stubs.o ABSOLUTE
    _printf_longlong_dec                     0x00000000   Number         0  stubs.o ABSOLUTE
    _printf_longlong_hex                     0x00000000   Number         0  stubs.o ABSOLUTE
    _printf_longlong_oct                     0x00000000   Number         0  stubs.o ABSOLUTE
    _printf_ls                               0x00000000   Number         0  stubs.o ABSOLUTE
    _printf_mbtowc                           0x00000000   Number         0  stubs.o ABSOLUTE
    _printf_n                                0x00000000   Number         0  stubs.o ABSOLUTE
    _printf_o                                0x00000000   Number         0  stubs.o ABSOLUTE
    _printf_p                                0x00000000   Number         0  stubs.o ABSOLUTE
    _printf_percent                          0x00000000   Number         0  stubs.o ABSOLUTE
    _printf_pre_padding                      0x00000000   Number         0  stubs.o ABSOLUTE
    _printf_return_value                     0x00000000   Number         0  stubs.o ABSOLUTE
    _printf_s                                0x00000000   Number         0  stubs.o ABSOLUTE
    _printf_sizespec                         0x00000000   Number         0  stubs.o ABSOLUTE
    _printf_str                              0x00000000   Number         0  stubs.o ABSOLUTE
    _printf_truncate_signed                  0x00000000   Number         0  stubs.o ABSOLUTE
    _printf_truncate_unsigned                0x00000000   Number         0  stubs.o ABSOLUTE
    _printf_u                                0x00000000   Number         0  stubs.o ABSOLUTE
    _printf_wc                               0x00000000   Number         0  stubs.o ABSOLUTE
    _printf_wctomb                           0x00000000   Number         0  stubs.o ABSOLUTE
    _printf_widthprec                        0x00000000   Number         0  stubs.o ABSOLUTE
    _printf_x                                0x00000000   Number         0  stubs.o ABSOLUTE
    __cpp_initialize__aeabi_                  - Undefined Weak Reference
    __cxa_finalize                            - Undefined Weak Reference
    __decompress                              - Undefined Weak Reference
    _clock_init                               - Undefined Weak Reference
    _microlib_exit                            - Undefined Weak Reference
    _scanf_int                                - Undefined Weak Reference
    _scanf_longlong                           - Undefined Weak Reference
    _scanf_string                             - Undefined Weak Reference
    __Vectors_Size                           0x00000130   Number         0  startup_stm32f10x_hd.o ABSOLUTE
    __Vectors                                0x08000000   Data           4  startup_stm32f10x_hd.o(RESET)
    __Vectors_End                            0x08000130   Data           0  startup_stm32f10x_hd.o(RESET)
    __main                                   0x08000131   Thumb Code     0  entry.o(.ARM.Collect$$$$00000000)
    _main_stk                                0x08000131   Thumb Code     0  entry2.o(.ARM.Collect$$$$00000001)
    _main_scatterload                        0x08000135   Thumb Code     0  entry5.o(.ARM.Collect$$$$00000004)
    __main_after_scatterload                 0x08000139   Thumb Code     0  entry5.o(.ARM.Collect$$$$00000004)
    _main_clock                              0x08000139   Thumb Code     0  entry7b.o(.ARM.Collect$$$$00000008)
    _main_cpp_init                           0x08000139   Thumb Code     0  entry8b.o(.ARM.Collect$$$$0000000A)
    _main_init                               0x08000139   Thumb Code     0  entry9a.o(.ARM.Collect$$$$0000000B)
    __rt_final_cpp                           0x08000141   Thumb Code     0  entry10a.o(.ARM.Collect$$$$0000000D)
    __rt_final_exit                          0x08000141   Thumb Code     0  entry11a.o(.ARM.Collect$$$$0000000F)
    Reset_Handler                            0x08000145   Thumb Code     8  startup_stm32f10x_hd.o(.text)
    ADC1_2_IRQHandler                        0x0800015f   Thumb Code     0  startup_stm32f10x_hd.o(.text)
    ADC3_IRQHandler                          0x0800015f   Thumb Code     0  startup_stm32f10x_hd.o(.text)
    CAN1_RX1_IRQHandler                      0x0800015f   Thumb Code     0  startup_stm32f10x_hd.o(.text)
    CAN1_SCE_IRQHandler                      0x0800015f   Thumb Code     0  startup_stm32f10x_hd.o(.text)
    DMA1_Channel1_IRQHandler                 0x0800015f   Thumb Code     0  startup_stm32f10x_hd.o(.text)
    DMA1_Channel2_IRQHandler                 0x0800015f   Thumb Code     0  startup_stm32f10x_hd.o(.text)
    DMA1_Channel3_IRQHandler                 0x0800015f   Thumb Code     0  startup_stm32f10x_hd.o(.text)
    DMA1_Channel4_IRQHandler                 0x0800015f   Thumb Code     0  startup_stm32f10x_hd.o(.text)
    DMA1_Channel5_IRQHandler                 0x0800015f   Thumb Code     0  startup_stm32f10x_hd.o(.text)
    DMA1_Channel6_IRQHandler                 0x0800015f   Thumb Code     0  startup_stm32f10x_hd.o(.text)
    DMA1_Channel7_IRQHandler                 0x0800015f   Thumb Code     0  startup_stm32f10x_hd.o(.text)
    DMA2_Channel1_IRQHandler                 0x0800015f   Thumb Code     0  startup_stm32f10x_hd.o(.text)
    DMA2_Channel2_IRQHandler                 0x0800015f   Thumb Code     0  startup_stm32f10x_hd.o(.text)
    DMA2_Channel4_5_IRQHandler               0x0800015f   Thumb Code     0  startup_stm32f10x_hd.o(.text)
    EXTI0_IRQHandler                         0x0800015f   Thumb Code     0  startup_stm32f10x_hd.o(.text)
    EXTI15_10_IRQHandler                     0x0800015f   Thumb Code     0  startup_stm32f10x_hd.o(.text)
    EXTI1_IRQHandler                         0x0800015f   Thumb Code     0  startup_stm32f10x_hd.o(.text)
    EXTI2_IRQHandler                         0x0800015f   Thumb Code     0  startup_stm32f10x_hd.o(.text)
    EXTI3_IRQHandler                         0x0800015f   Thumb Code     0  startup_stm32f10x_hd.o(.text)
    EXTI9_5_IRQHandler                       0x0800015f   Thumb Code     0  startup_stm32f10x_hd.o(.text)
    FLASH_IRQHandler                         0x0800015f   Thumb Code     0  startup_stm32f10x_hd.o(.text)
    FSMC_IRQHandler                          0x0800015f   Thumb Code     0  startup_stm32f10x_hd.o(.text)
    I2C1_ER_IRQHandler                       0x0800015f   Thumb Code     0  startup_stm32f10x_hd.o(.text)
    I2C1_EV_IRQHandler                       0x0800015f   Thumb Code     0  startup_stm32f10x_hd.o(.text)
    I2C2_ER_IRQHandler                       0x0800015f   Thumb Code     0  startup_stm32f10x_hd.o(.text)
    I2C2_EV_IRQHandler                       0x0800015f   Thumb Code     0  startup_stm32f10x_hd.o(.text)
    PVD_IRQHandler                           0x0800015f   Thumb Code     0  startup_stm32f10x_hd.o(.text)
    RCC_IRQHandler                           0x0800015f   Thumb Code     0  startup_stm32f10x_hd.o(.text)
    RTCAlarm_IRQHandler                      0x0800015f   Thumb Code     0  startup_stm32f10x_hd.o(.text)
    RTC_IRQHandler                           0x0800015f   Thumb Code     0  startup_stm32f10x_hd.o(.text)
    SDIO_IRQHandler                          0x0800015f   Thumb Code     0  startup_stm32f10x_hd.o(.text)
    SPI1_IRQHandler                          0x0800015f   Thumb Code     0  startup_stm32f10x_hd.o(.text)
    SPI2_IRQHandler                          0x0800015f   Thumb Code     0  startup_stm32f10x_hd.o(.text)
    SPI3_IRQHandler                          0x0800015f   Thumb Code     0  startup_stm32f10x_hd.o(.text)
    TAMPER_IRQHandler                        0x0800015f   Thumb Code     0  startup_stm32f10x_hd.o(.text)
    TIM1_BRK_IRQHandler                      0x0800015f   Thumb Code     0  startup_stm32f10x_hd.o(.text)
    TIM1_CC_IRQHandler                       0x0800015f   Thumb Code     0  startup_stm32f10x_hd.o(.text)
    TIM1_TRG_COM_IRQHandler                  0x0800015f   Thumb Code     0  startup_stm32f10x_hd.o(.text)
    TIM1_UP_IRQHandler                       0x0800015f   Thumb Code     0  startup_stm32f10x_hd.o(.text)
    TIM4_IRQHandler                          0x0800015f   Thumb Code     0  startup_stm32f10x_hd.o(.text)
    TIM6_IRQHandler                          0x0800015f   Thumb Code     0  startup_stm32f10x_hd.o(.text)
    TIM7_IRQHandler                          0x0800015f   Thumb Code     0  startup_stm32f10x_hd.o(.text)
    TIM8_BRK_IRQHandler                      0x0800015f   Thumb Code     0  startup_stm32f10x_hd.o(.text)
    TIM8_CC_IRQHandler                       0x0800015f   Thumb Code     0  startup_stm32f10x_hd.o(.text)
    TIM8_TRG_COM_IRQHandler                  0x0800015f   Thumb Code     0  startup_stm32f10x_hd.o(.text)
    TIM8_UP_IRQHandler                       0x0800015f   Thumb Code     0  startup_stm32f10x_hd.o(.text)
    UART4_IRQHandler                         0x0800015f   Thumb Code     0  startup_stm32f10x_hd.o(.text)
    UART5_IRQHandler                         0x0800015f   Thumb Code     0  startup_stm32f10x_hd.o(.text)
    USART3_IRQHandler                        0x0800015f   Thumb Code     0  startup_stm32f10x_hd.o(.text)
    USBWakeUp_IRQHandler                     0x0800015f   Thumb Code     0  startup_stm32f10x_hd.o(.text)
    USB_HP_CAN1_TX_IRQHandler                0x0800015f   Thumb Code     0  startup_stm32f10x_hd.o(.text)
    USB_LP_CAN1_RX0_IRQHandler               0x0800015f   Thumb Code     0  startup_stm32f10x_hd.o(.text)
    WWDG_IRQHandler                          0x0800015f   Thumb Code     0  startup_stm32f10x_hd.o(.text)
    __aeabi_memcpy                           0x08000169   Thumb Code    36  memcpya.o(.text)
    __aeabi_memcpy4                          0x08000169   Thumb Code     0  memcpya.o(.text)
    __aeabi_memcpy8                          0x08000169   Thumb Code     0  memcpya.o(.text)
    __aeabi_memset                           0x0800018d   Thumb Code    14  memseta.o(.text)
    __aeabi_memset4                          0x0800018d   Thumb Code     0  memseta.o(.text)
    __aeabi_memset8                          0x0800018d   Thumb Code     0  memseta.o(.text)
    __aeabi_memclr                           0x0800019b   Thumb Code     4  memseta.o(.text)
    __aeabi_memclr4                          0x0800019b   Thumb Code     0  memseta.o(.text)
    __aeabi_memclr8                          0x0800019b   Thumb Code     0  memseta.o(.text)
    _memset$wrapper                          0x0800019f   Thumb Code    18  memseta.o(.text)
    strlen                                   0x080001b1   Thumb Code    14  strlen.o(.text)
    __aeabi_dadd                             0x080001bf   Thumb Code   322  dadd.o(.text)
    __aeabi_dsub                             0x08000301   Thumb Code     6  dadd.o(.text)
    __aeabi_drsub                            0x08000307   Thumb Code     6  dadd.o(.text)
    __aeabi_dmul                             0x0800030d   Thumb Code   228  dmul.o(.text)
    __aeabi_ddiv                             0x080003f1   Thumb Code   222  ddiv.o(.text)
    __aeabi_ui2f                             0x080004cf   Thumb Code    10  ffltui.o(.text)
    __aeabi_f2uiz                            0x080004d9   Thumb Code    40  ffixui.o(.text)
    __aeabi_f2d                              0x08000501   Thumb Code    38  f2d.o(.text)
    __aeabi_cdrcmple                         0x08000529   Thumb Code    48  cdrcmple.o(.text)
    __aeabi_d2f                              0x08000559   Thumb Code    56  d2f.o(.text)
    __aeabi_uidiv                            0x08000591   Thumb Code     0  uidiv.o(.text)
    __aeabi_uidivmod                         0x08000591   Thumb Code    44  uidiv.o(.text)
    __aeabi_uldivmod                         0x080005bd   Thumb Code    98  uldiv.o(.text)
    __aeabi_llsl                             0x0800061f   Thumb Code    30  llshl.o(.text)
    _ll_shift_l                              0x0800061f   Thumb Code     0  llshl.o(.text)
    __aeabi_llsr                             0x0800063d   Thumb Code    32  llushr.o(.text)
    _ll_ushift_r                             0x0800063d   Thumb Code     0  llushr.o(.text)
    __aeabi_lasr                             0x0800065d   Thumb Code    36  llsshr.o(.text)
    _ll_sshift_r                             0x0800065d   Thumb Code     0  llsshr.o(.text)
    __I$use$fp                               0x08000681   Thumb Code     0  iusefp.o(.text)
    _float_round                             0x08000681   Thumb Code    18  fepilogue.o(.text)
    _float_epilogue                          0x08000693   Thumb Code    92  fepilogue.o(.text)
    _double_round                            0x080006ef   Thumb Code    30  depilogue.o(.text)
    _double_epilogue                         0x0800070d   Thumb Code   156  depilogue.o(.text)
    __aeabi_d2ulz                            0x080007a9   Thumb Code    48  dfixul.o(.text)
    __scatterload                            0x080007d9   Thumb Code    28  init.o(.text)
    __scatterload_rt2                        0x080007d9   Thumb Code     0  init.o(.text)
    ADC_Cmd                                  0x080007fd   Thumb Code    22  stm32f10x_adc.o(i.ADC_Cmd)
    ADC_DMACmd                               0x08000813   Thumb Code    22  stm32f10x_adc.o(i.ADC_DMACmd)
    ADC_DeInit                               0x08000829   Thumb Code    78  stm32f10x_adc.o(i.ADC_DeInit)
    ADC_ExternalTrigConvCmd                  0x08000885   Thumb Code    22  stm32f10x_adc.o(i.ADC_ExternalTrigConvCmd)
    ADC_GetCalibrationStatus                 0x0800089b   Thumb Code    20  stm32f10x_adc.o(i.ADC_GetCalibrationStatus)
    ADC_GetResetCalibrationStatus            0x080008af   Thumb Code    20  stm32f10x_adc.o(i.ADC_GetResetCalibrationStatus)
    ADC_Init                                 0x080008c5   Thumb Code    70  stm32f10x_adc.o(i.ADC_Init)
    ADC_RegularChannelConfig                 0x08000915   Thumb Code   184  stm32f10x_adc.o(i.ADC_RegularChannelConfig)
    ADC_ResetCalibration                     0x080009cd   Thumb Code    10  stm32f10x_adc.o(i.ADC_ResetCalibration)
    ADC_StartCalibration                     0x080009d7   Thumb Code    10  stm32f10x_adc.o(i.ADC_StartCalibration)
    ADC_TempSensorVrefintCmd                 0x080009e1   Thumb Code    30  stm32f10x_adc.o(i.ADC_TempSensorVrefintCmd)
    BusFault_Handler                         0x08000a05   Thumb Code     4  stm32f10x_it.o(i.BusFault_Handler)
    ClearADCBuf                              0x08000a49   Thumb Code    10  adc.o(i.ClearADCBuf)
    ClearU16Queue                            0x08000a59   Thumb Code    10  u16queue.o(i.ClearU16Queue)
    Clr1SecFlag                              0x08000a65   Thumb Code     8  timer.o(i.Clr1SecFlag)
    Clr2msFlag                               0x08000a71   Thumb Code     8  timer.o(i.Clr2msFlag)
    DMA2_Channel3_IRQHandler                 0x08000fe5   Thumb Code    46  dac.o(i.DMA2_Channel3_IRQHandler)
    DMA_ClearITPendingBit                    0x08001025   Thumb Code    18  stm32f10x_dma.o(i.DMA_ClearITPendingBit)
    DMA_Cmd                                  0x08001041   Thumb Code    24  stm32f10x_dma.o(i.DMA_Cmd)
    DMA_DeInit                               0x08001059   Thumb Code   324  stm32f10x_dma.o(i.DMA_DeInit)
    DMA_GetITStatus                          0x080011a5   Thumb Code    36  stm32f10x_dma.o(i.DMA_GetITStatus)
    DMA_ITConfig                             0x080011d1   Thumb Code    18  stm32f10x_dma.o(i.DMA_ITConfig)
    DMA_Init                                 0x080011e3   Thumb Code    60  stm32f10x_dma.o(i.DMA_Init)
    DeQueue                                  0x0800121f   Thumb Code    68  queue.o(i.DeQueue)
    DeU16Queue                               0x08001263   Thumb Code    72  u16queue.o(i.DeU16Queue)
    DebugMon_Handler                         0x080012ab   Thumb Code     2  stm32f10x_it.o(i.DebugMon_Handler)
    DelayNms                                 0x080012d9   Thumb Code    20  systick.o(i.DelayNms)
    EXTI4_IRQHandler                         0x08001359   Thumb Code    26  radio.o(i.EXTI4_IRQHandler)
    EXTI_ClearITPendingBit                   0x08001379   Thumb Code     6  stm32f10x_exti.o(i.EXTI_ClearITPendingBit)
    EXTI_GetITStatus                         0x08001385   Thumb Code    34  stm32f10x_exti.o(i.EXTI_GetITStatus)
    EXTI_Init                                0x080013ad   Thumb Code   142  stm32f10x_exti.o(i.EXTI_Init)
    EnQueue                                  0x08001441   Thumb Code    72  queue.o(i.EnQueue)
    EnU16Queue                               0x08001489   Thumb Code    76  u16queue.o(i.EnU16Queue)
    FLASH_PrefetchBufferCmd                  0x08001515   Thumb Code    22  stm32f10x_flash.o(i.FLASH_PrefetchBufferCmd)
    FLASH_SetLatency                         0x08001531   Thumb Code    18  stm32f10x_flash.o(i.FLASH_SetLatency)
    GPIO_EXTILineConfig                      0x08001549   Thumb Code    60  stm32f10x_gpio.o(i.GPIO_EXTILineConfig)
    GPIO_Init                                0x08001589   Thumb Code   278  stm32f10x_gpio.o(i.GPIO_Init)
    GPIO_ReadOutputDataBit                   0x0800169f   Thumb Code    18  stm32f10x_gpio.o(i.GPIO_ReadOutputDataBit)
    GPIO_WriteBit                            0x080016b1   Thumb Code    10  stm32f10x_gpio.o(i.GPIO_WriteBit)
    Get1SecFlag                              0x080016bd   Thumb Code     6  timer.o(i.Get1SecFlag)
    Get2msFlag                               0x080016c9   Thumb Code     6  timer.o(i.Get2msFlag)
    GetParentAddr                            0x080016e1   Thumb Code    36  route.o(i.GetParentAddr)
    GetUnPackRslt                            0x0800170d   Thumb Code    16  packunpack.o(i.GetUnPackRslt)
    HardFault_Handler                        0x08001721   Thumb Code     4  stm32f10x_it.o(i.HardFault_Handler)
    InitADC                                  0x08001725   Thumb Code    34  adc.o(i.InitADC)
    InitLED                                  0x0800177d   Thumb Code     8  led.o(i.InitLED)
    InitLORA                                 0x08001785   Thumb Code    44  radio.o(i.InitLORA)
    InitNVIC                                 0x080017bd   Thumb Code     8  nvic.o(i.InitNVIC)
    InitPackUnpack                           0x080017c5   Thumb Code    30  packunpack.o(i.InitPackUnpack)
    InitProcHostCmd                          0x080017f9   Thumb Code     2  prochostcmd.o(i.InitProcHostCmd)
    InitQueue                                0x080017fb   Thumb Code    36  queue.o(i.InitQueue)
    InitRCC                                  0x0800181f   Thumb Code     8  rcc.o(i.InitRCC)
    InitRoute                                0x08001885   Thumb Code    42  route.o(i.InitRoute)
    InitSendDataToHost                       0x080018af   Thumb Code     2  senddatatohost.o(i.InitSendDataToHost)
    InitSysTick                              0x080018c5   Thumb Code    92  systick.o(i.InitSysTick)
    InitTimer                                0x0800192d   Thumb Code    24  timer.o(i.InitTimer)
    InitU16Queue                             0x08001945   Thumb Code    38  u16queue.o(i.InitU16Queue)
    InitUART1                                0x0800196b   Thumb Code    16  uart1.o(i.InitUART1)
    LEDFlicker                               0x08001a01   Thumb Code    80  led.o(i.LEDFlicker)
    MemManage_Handler                        0x08001a5d   Thumb Code     4  stm32f10x_it.o(i.MemManage_Handler)
    NMI_Handler                              0x08001a61   Thumb Code     2  stm32f10x_it.o(i.NMI_Handler)
    NVIC_Init                                0x08001a95   Thumb Code   100  misc.o(i.NVIC_Init)
    NVIC_PriorityGroupConfig                 0x08001b05   Thumb Code    10  misc.o(i.NVIC_PriorityGroupConfig)
    PackData                                 0x08001b19   Thumb Code    38  packunpack.o(i.PackData)
    PendSV_Handler                           0x08001b3f   Thumb Code     2  stm32f10x_it.o(i.PendSV_Handler)
    ProcDatePack                             0x08001c69   Thumb Code    14  prochostcmd.o(i.ProcDatePack)
    ProcHostCmd                              0x08001c79   Thumb Code   122  prochostcmd.o(i.ProcHostCmd)
    QueueEmpty                               0x08001d0d   Thumb Code    14  queue.o(i.QueueEmpty)
    RCC_ADCCLKConfig                         0x08001d1d   Thumb Code    18  stm32f10x_rcc.o(i.RCC_ADCCLKConfig)
    RCC_AHBPeriphClockCmd                    0x08001d35   Thumb Code    26  stm32f10x_rcc.o(i.RCC_AHBPeriphClockCmd)
    RCC_APB1PeriphClockCmd                   0x08001d55   Thumb Code    26  stm32f10x_rcc.o(i.RCC_APB1PeriphClockCmd)
    RCC_APB2PeriphClockCmd                   0x08001d75   Thumb Code    26  stm32f10x_rcc.o(i.RCC_APB2PeriphClockCmd)
    RCC_APB2PeriphResetCmd                   0x08001d95   Thumb Code    26  stm32f10x_rcc.o(i.RCC_APB2PeriphResetCmd)
    RCC_DeInit                               0x08001db5   Thumb Code    64  stm32f10x_rcc.o(i.RCC_DeInit)
    RCC_GetClocksFreq                        0x08001e01   Thumb Code   192  stm32f10x_rcc.o(i.RCC_GetClocksFreq)
    RCC_GetFlagStatus                        0x08001ed5   Thumb Code    56  stm32f10x_rcc.o(i.RCC_GetFlagStatus)
    RCC_GetSYSCLKSource                      0x08001f11   Thumb Code    10  stm32f10x_rcc.o(i.RCC_GetSYSCLKSource)
    RCC_HCLKConfig                           0x08001f21   Thumb Code    18  stm32f10x_rcc.o(i.RCC_HCLKConfig)
    RCC_HSEConfig                            0x08001f39   Thumb Code    70  stm32f10x_rcc.o(i.RCC_HSEConfig)
    RCC_PCLK1Config                          0x08001f85   Thumb Code    18  stm32f10x_rcc.o(i.RCC_PCLK1Config)
    RCC_PCLK2Config                          0x08001f9d   Thumb Code    20  stm32f10x_rcc.o(i.RCC_PCLK2Config)
    RCC_PLLCmd                               0x08001fb5   Thumb Code     6  stm32f10x_rcc.o(i.RCC_PLLCmd)
    RCC_PLLConfig                            0x08001fc1   Thumb Code    24  stm32f10x_rcc.o(i.RCC_PLLConfig)
    RCC_SYSCLKConfig                         0x08001fdd   Thumb Code    18  stm32f10x_rcc.o(i.RCC_SYSCLKConfig)
    RCC_WaitForHSEStartUp                    0x08001ff5   Thumb Code    56  stm32f10x_rcc.o(i.RCC_WaitForHSEStartUp)
    RadioSendData                            0x0800202d   Thumb Code   122  radio.o(i.RadioSendData)
    ReadADCBuf                               0x08002101   Thumb Code    22  adc.o(i.ReadADCBuf)
    ReadUART1                                0x08002155   Thumb Code    24  uart1.o(i.ReadUART1)
    RouteTimerTasks                          0x08002185   Thumb Code     8  route.o(i.RouteTimerTasks)
    SVC_Handler                              0x0800218d   Thumb Code     2  stm32f10x_it.o(i.SVC_Handler)
    SendAckPack                              0x0800218f   Thumb Code    54  senddatatohost.o(i.SendAckPack)
    SendDateToParent                         0x080021e5   Thumb Code    48  senddatatohost.o(i.SendDateToParent)
    SendRouteToNeighbor                      0x080022a1   Thumb Code    42  senddatatohost.o(i.SendRouteToNeighbor)
    SysTick_Handler                          0x080023b5   Thumb Code     8  systick.o(i.SysTick_Handler)
    SystemInit                               0x080023bd   Thumb Code    78  system_stm32f10x.o(i.SystemInit)
    TIM2_IRQHandler                          0x0800241d   Thumb Code    62  timer.o(i.TIM2_IRQHandler)
    TIM3_IRQHandler                          0x08002469   Thumb Code    30  adc.o(i.TIM3_IRQHandler)
    TIM5_IRQHandler                          0x08002491   Thumb Code    58  timer.o(i.TIM5_IRQHandler)
    TIM_ClearITPendingBit                    0x080024d9   Thumb Code     6  stm32f10x_tim.o(i.TIM_ClearITPendingBit)
    TIM_Cmd                                  0x080024df   Thumb Code    24  stm32f10x_tim.o(i.TIM_Cmd)
    TIM_GetITStatus                          0x080024f7   Thumb Code    34  stm32f10x_tim.o(i.TIM_GetITStatus)
    TIM_ITConfig                             0x08002519   Thumb Code    18  stm32f10x_tim.o(i.TIM_ITConfig)
    TIM_SelectOutputTrigger                  0x0800252b   Thumb Code    18  stm32f10x_tim.o(i.TIM_SelectOutputTrigger)
    TIM_TimeBaseInit                         0x0800253d   Thumb Code   122  stm32f10x_tim.o(i.TIM_TimeBaseInit)
    USART1_IRQHandler                        0x080025f9   Thumb Code   144  uart1.o(i.USART1_IRQHandler)
    USART2_IRQHandler                        0x08002695   Thumb Code   144  uart2.o(i.USART2_IRQHandler)
    USART_ClearFlag                          0x08002731   Thumb Code    18  stm32f10x_usart.o(i.USART_ClearFlag)
    USART_ClearITPendingBit                  0x08002743   Thumb Code    30  stm32f10x_usart.o(i.USART_ClearITPendingBit)
    USART_Cmd                                0x08002761   Thumb Code    24  stm32f10x_usart.o(i.USART_Cmd)
    USART_GetFlagStatus                      0x08002779   Thumb Code    26  stm32f10x_usart.o(i.USART_GetFlagStatus)
    USART_GetITStatus                        0x08002793   Thumb Code    84  stm32f10x_usart.o(i.USART_GetITStatus)
    USART_ITConfig                           0x080027e7   Thumb Code    74  stm32f10x_usart.o(i.USART_ITConfig)
    USART_Init                               0x08002831   Thumb Code   210  stm32f10x_usart.o(i.USART_Init)
    USART_ReceiveData                        0x08002909   Thumb Code    10  stm32f10x_usart.o(i.USART_ReceiveData)
    USART_SendData                           0x08002913   Thumb Code     8  stm32f10x_usart.o(i.USART_SendData)
    USART_StructInit                         0x0800291b   Thumb Code    24  stm32f10x_usart.o(i.USART_StructInit)
    UnPackData                               0x08002935   Thumb Code   170  packunpack.o(i.UnPackData)
    UpdateRouTab2                            0x08002a31   Thumb Code    82  route.o(i.UpdateRouTab2)
    UsageFault_Handler                       0x08002ac9   Thumb Code     4  stm32f10x_it.o(i.UsageFault_Handler)
    WriteADCBuf                              0x08002acd   Thumb Code    20  adc.o(i.WriteADCBuf)
    WriteUART1                               0x08002b15   Thumb Code    52  uart1.o(i.WriteUART1)
    WriteUART2                               0x08002b75   Thumb Code    52  uart2.o(i.WriteUART2)
    __0printf                                0x08002bd5   Thumb Code    22  printfa.o(i.__0printf)
    __1printf                                0x08002bd5   Thumb Code     0  printfa.o(i.__0printf)
    __2printf                                0x08002bd5   Thumb Code     0  printfa.o(i.__0printf)
    __c89printf                              0x08002bd5   Thumb Code     0  printfa.o(i.__0printf)
    printf                                   0x08002bd5   Thumb Code     0  printfa.o(i.__0printf)
    __0sprintf                               0x08002bf5   Thumb Code    34  printfa.o(i.__0sprintf)
    __1sprintf                               0x08002bf5   Thumb Code     0  printfa.o(i.__0sprintf)
    __2sprintf                               0x08002bf5   Thumb Code     0  printfa.o(i.__0sprintf)
    __c89sprintf                             0x08002bf5   Thumb Code     0  printfa.o(i.__0sprintf)
    sprintf                                  0x08002bf5   Thumb Code     0  printfa.o(i.__0sprintf)
    __0vsprintf                              0x08002c1d   Thumb Code    30  printfa.o(i.__0vsprintf)
    __1vsprintf                              0x08002c1d   Thumb Code     0  printfa.o(i.__0vsprintf)
    __2vsprintf                              0x08002c1d   Thumb Code     0  printfa.o(i.__0vsprintf)
    __c89vsprintf                            0x08002c1d   Thumb Code     0  printfa.o(i.__0vsprintf)
    vsprintf                                 0x08002c1d   Thumb Code     0  printfa.o(i.__0vsprintf)
    __scatterload_copy                       0x08002c41   Thumb Code    14  handlers.o(i.__scatterload_copy)
    __scatterload_null                       0x08002c4f   Thumb Code     2  handlers.o(i.__scatterload_null)
    __scatterload_zeroinit                   0x08002c51   Thumb Code    14  handlers.o(i.__scatterload_zeroinit)
    debug                                    0x080034fd   Thumb Code    70  uart1.o(i.debug)
    fputc                                    0x08003579   Thumb Code    16  uart1.o(i.fputc)
    getAddress                               0x08003589   Thumb Code    62  radio.o(i.getAddress)
    isLoRaReady                              0x080035cd   Thumb Code     8  radio.o(i.isLoRaReady)
    main                                     0x080035d5   Thumb Code    26  main.o(i.main)
    millis                                   0x08003615   Thumb Code     6  timer.o(i.millis)
    Region$$Table$$Base                      0x08003698   Number         0  anon$$obj.o(Region$$Table)
    Region$$Table$$Limit                     0x080036b8   Number         0  anon$$obj.o(Region$$Table)
    SystemCoreClock                          0x20000054   Data           4  system_stm32f10x.o(.data)
    AHBPrescTable                            0x20000058   Data          16  system_stm32f10x.o(.data)
    __stdout                                 0x2000006c   Data           4  stdout.o(.data)
    __initial_sp                             0x20001a38   Data           0  startup_stm32f10x_hd.o(STACK)



==============================================================================

Memory Map of the image

  Image Entry point : 0x08000145

  Load Region LR_1 (Base: 0x08000000, Size: 0x00003728, Max: 0xffffffff, ABSOLUTE)

    Execution Region ER_RO (Base: 0x08000000, Size: 0x000036b8, Max: 0xffffffff, ABSOLUTE)

    Base Addr    Size         Type   Attr      Idx    E Section Name        Object

    0x08000000   0x00000130   Data   RO         3736    RESET               startup_stm32f10x_hd.o
    0x08000130   0x00000000   Code   RO         3745  * .ARM.Collect$$$$00000000  mc_w.l(entry.o)
    0x08000130   0x00000004   Code   RO         4087    .ARM.Collect$$$$00000001  mc_w.l(entry2.o)
    0x08000134   0x00000004   Code   RO         4090    .ARM.Collect$$$$00000004  mc_w.l(entry5.o)
    0x08000138   0x00000000   Code   RO         4092    .ARM.Collect$$$$00000008  mc_w.l(entry7b.o)
    0x08000138   0x00000000   Code   RO         4094    .ARM.Collect$$$$0000000A  mc_w.l(entry8b.o)
    0x08000138   0x00000008   Code   RO         4095    .ARM.Collect$$$$0000000B  mc_w.l(entry9a.o)
    0x08000140   0x00000000   Code   RO         4097    .ARM.Collect$$$$0000000D  mc_w.l(entry10a.o)
    0x08000140   0x00000000   Code   RO         4099    .ARM.Collect$$$$0000000F  mc_w.l(entry11a.o)
    0x08000140   0x00000004   Code   RO         4088    .ARM.Collect$$$$00002712  mc_w.l(entry2.o)
    0x08000144   0x00000024   Code   RO         3737  * .text               startup_stm32f10x_hd.o
    0x08000168   0x00000024   Code   RO         3750    .text               mc_w.l(memcpya.o)
    0x0800018c   0x00000024   Code   RO         3752    .text               mc_w.l(memseta.o)
    0x080001b0   0x0000000e   Code   RO         3758    .text               mc_w.l(strlen.o)
    0x080001be   0x0000014e   Code   RO         4065    .text               mf_w.l(dadd.o)
    0x0800030c   0x000000e4   Code   RO         4067    .text               mf_w.l(dmul.o)
    0x080003f0   0x000000de   Code   RO         4069    .text               mf_w.l(ddiv.o)
    0x080004ce   0x0000000a   Code   RO         4071    .text               mf_w.l(ffltui.o)
    0x080004d8   0x00000028   Code   RO         4075    .text               mf_w.l(ffixui.o)
    0x08000500   0x00000026   Code   RO         4079    .text               mf_w.l(f2d.o)
    0x08000526   0x00000002   PAD
    0x08000528   0x00000030   Code   RO         4083    .text               mf_w.l(cdrcmple.o)
    0x08000558   0x00000038   Code   RO         4085    .text               mf_w.l(d2f.o)
    0x08000590   0x0000002c   Code   RO         4102    .text               mc_w.l(uidiv.o)
    0x080005bc   0x00000062   Code   RO         4104    .text               mc_w.l(uldiv.o)
    0x0800061e   0x0000001e   Code   RO         4106    .text               mc_w.l(llshl.o)
    0x0800063c   0x00000020   Code   RO         4108    .text               mc_w.l(llushr.o)
    0x0800065c   0x00000024   Code   RO         4110    .text               mc_w.l(llsshr.o)
    0x08000680   0x00000000   Code   RO         4120    .text               mc_w.l(iusefp.o)
    0x08000680   0x0000006e   Code   RO         4121    .text               mf_w.l(fepilogue.o)
    0x080006ee   0x000000ba   Code   RO         4123    .text               mf_w.l(depilogue.o)
    0x080007a8   0x00000030   Code   RO         4127    .text               mf_w.l(dfixul.o)
    0x080007d8   0x00000024   Code   RO         4129    .text               mc_w.l(init.o)
    0x080007fc   0x00000016   Code   RO         3154    i.ADC_Cmd           stm32f10x_adc.o
    0x08000812   0x00000016   Code   RO         3155    i.ADC_DMACmd        stm32f10x_adc.o
    0x08000828   0x0000005c   Code   RO         3156    i.ADC_DeInit        stm32f10x_adc.o
    0x08000884   0x00000016   Code   RO         3159    i.ADC_ExternalTrigConvCmd  stm32f10x_adc.o
    0x0800089a   0x00000014   Code   RO         3162    i.ADC_GetCalibrationStatus  stm32f10x_adc.o
    0x080008ae   0x00000014   Code   RO         3168    i.ADC_GetResetCalibrationStatus  stm32f10x_adc.o
    0x080008c2   0x00000002   PAD
    0x080008c4   0x00000050   Code   RO         3172    i.ADC_Init          stm32f10x_adc.o
    0x08000914   0x000000b8   Code   RO         3176    i.ADC_RegularChannelConfig  stm32f10x_adc.o
    0x080009cc   0x0000000a   Code   RO         3177    i.ADC_ResetCalibration  stm32f10x_adc.o
    0x080009d6   0x0000000a   Code   RO         3181    i.ADC_StartCalibration  stm32f10x_adc.o
    0x080009e0   0x00000024   Code   RO         3183    i.ADC_TempSensorVrefintCmd  stm32f10x_adc.o
    0x08000a04   0x00000004   Code   RO         3602    i.BusFault_Handler  stm32f10x_it.o
    0x08000a08   0x00000040   Code   RO          196    i.CalculatePackCheckSum  packunpack.o
    0x08000a48   0x00000010   Code   RO         1566    i.ClearADCBuf       adc.o
    0x08000a58   0x0000000a   Code   RO         1623    i.ClearU16Queue     u16queue.o
    0x08000a62   0x00000002   PAD
    0x08000a64   0x0000000c   Code   RO         1361    i.Clr1SecFlag       timer.o
    0x08000a70   0x0000000c   Code   RO         1362    i.Clr2msFlag        timer.o
    0x08000a7c   0x000000b4   Code   RO         1567    i.ConfigADC1        adc.o
    0x08000b30   0x00000060   Code   RO         1568    i.ConfigDMA1Ch1     adc.o
    0x08000b90   0x00000080   Code   RO         1666    i.ConfigDMA2Ch3ForDAC1  dac.o
    0x08000c10   0x00000068   Code   RO          153    i.ConfigLEDGPIO     led.o
    0x08000c78   0x000000b4   Code   RO         1738    i.ConfigLRGPIO      radio.o
    0x08000d2c   0x00000060   Code   RO         1739    i.ConfigLRMode      radio.o
    0x08000d8c   0x0000000c   Code   RO         3574    i.ConfigNVIC        nvic.o
    0x08000d98   0x00000064   Code   RO         1344    i.ConfigRCC         rcc.o
    0x08000dfc   0x0000005c   Code   RO         1363    i.ConfigTimer2      timer.o
    0x08000e58   0x00000068   Code   RO         1569    i.ConfigTimer3      adc.o
    0x08000ec0   0x00000060   Code   RO         1364    i.ConfigTimer5      timer.o
    0x08000f20   0x000000c4   Code   RO         1472    i.ConfigUART1       uart1.o
    0x08000fe4   0x00000040   Code   RO         1668    i.DMA2_Channel3_IRQHandler  dac.o
    0x08001024   0x0000001c   Code   RO         3449    i.DMA_ClearITPendingBit  stm32f10x_dma.o
    0x08001040   0x00000018   Code   RO         3450    i.DMA_Cmd           stm32f10x_dma.o
    0x08001058   0x0000014c   Code   RO         3451    i.DMA_DeInit        stm32f10x_dma.o
    0x080011a4   0x0000002c   Code   RO         3454    i.DMA_GetITStatus   stm32f10x_dma.o
    0x080011d0   0x00000012   Code   RO         3455    i.DMA_ITConfig      stm32f10x_dma.o
    0x080011e2   0x0000003c   Code   RO         3456    i.DMA_Init          stm32f10x_dma.o
    0x0800121e   0x00000044   Code   RO         1428    i.DeQueue           queue.o
    0x08001262   0x00000048   Code   RO         1624    i.DeU16Queue        u16queue.o
    0x080012aa   0x00000002   Code   RO         3603    i.DebugMon_Handler  stm32f10x_it.o
    0x080012ac   0x0000002c   Code   RO         1238    i.DecreaseLiveTime  route.o
    0x080012d8   0x00000018   Code   RO         3693    i.DelayNms          systick.o
    0x080012f0   0x00000068   Code   RO         1239    i.DeleteTable       route.o
    0x08001358   0x00000020   Code   RO         1742    i.EXTI4_IRQHandler  radio.o
    0x08001378   0x0000000c   Code   RO         3521    i.EXTI_ClearITPendingBit  stm32f10x_exti.o
    0x08001384   0x00000028   Code   RO         3525    i.EXTI_GetITStatus  stm32f10x_exti.o
    0x080013ac   0x00000094   Code   RO         3526    i.EXTI_Init         stm32f10x_exti.o
    0x08001440   0x00000048   Code   RO         1429    i.EnQueue           queue.o
    0x08001488   0x0000004c   Code   RO         1625    i.EnU16Queue        u16queue.o
    0x080014d4   0x00000020   Code   RO         1473    i.EnableUART1Tx     uart1.o
    0x080014f4   0x00000020   Code   RO         1831    i.EnableUART2Tx     uart2.o
    0x08001514   0x0000001c   Code   RO         1949    i.FLASH_PrefetchBufferCmd  stm32f10x_flash.o
    0x08001530   0x00000018   Code   RO         1954    i.FLASH_SetLatency  stm32f10x_flash.o
    0x08001548   0x00000040   Code   RO         2109    i.GPIO_EXTILineConfig  stm32f10x_gpio.o
    0x08001588   0x00000116   Code   RO         2112    i.GPIO_Init         stm32f10x_gpio.o
    0x0800169e   0x00000012   Code   RO         2118    i.GPIO_ReadOutputDataBit  stm32f10x_gpio.o
    0x080016b0   0x0000000a   Code   RO         2123    i.GPIO_WriteBit     stm32f10x_gpio.o
    0x080016ba   0x00000002   PAD
    0x080016bc   0x0000000c   Code   RO         1365    i.Get1SecFlag       timer.o
    0x080016c8   0x0000000c   Code   RO         1366    i.Get2msFlag        timer.o
    0x080016d4   0x0000000c   Code   RO         1743    i.GetAuxState       radio.o
    0x080016e0   0x0000002c   Code   RO         1240    i.GetParentAddr     route.o
    0x0800170c   0x00000014   Code   RO          197    i.GetUnPackRslt     packunpack.o
    0x08001720   0x00000004   Code   RO         3604    i.HardFault_Handler  stm32f10x_it.o
    0x08001724   0x0000002c   Code   RO         1570    i.InitADC           adc.o
    0x08001750   0x0000002c   Code   RO            1    i.InitHardware      main.o
    0x0800177c   0x00000008   Code   RO          154    i.InitLED           led.o
    0x08001784   0x00000038   Code   RO         1744    i.InitLORA          radio.o
    0x080017bc   0x00000008   Code   RO         3575    i.InitNVIC          nvic.o
    0x080017c4   0x00000034   Code   RO          198    i.InitPackUnpack    packunpack.o
    0x080017f8   0x00000002   Code   RO          256    i.InitProcHostCmd   prochostcmd.o
    0x080017fa   0x00000024   Code   RO         1430    i.InitQueue         queue.o
    0x0800181e   0x00000008   Code   RO         1345    i.InitRCC           rcc.o
    0x08001826   0x00000002   PAD
    0x08001828   0x0000005c   Code   RO         1241    i.InitRouTab        route.o
    0x08001884   0x0000002a   Code   RO         1242    i.InitRoute         route.o
    0x080018ae   0x00000002   Code   RO          285    i.InitSendDataToHost  senddatatohost.o
    0x080018b0   0x00000014   Code   RO            2    i.InitSoftware      main.o
    0x080018c4   0x00000068   Code   RO         3695    i.InitSysTick       systick.o
    0x0800192c   0x00000018   Code   RO         1367    i.InitTimer         timer.o
    0x08001944   0x00000026   Code   RO         1626    i.InitU16Queue      u16queue.o
    0x0800196a   0x00000010   Code   RO         1474    i.InitUART1         uart1.o
    0x0800197a   0x00000002   PAD
    0x0800197c   0x00000044   Code   RO         1475    i.InitUART1Buf      uart1.o
    0x080019c0   0x00000040   Code   RO         1243    i.InsertRou         route.o
    0x08001a00   0x0000005c   Code   RO          155    i.LEDFlicker        led.o
    0x08001a5c   0x00000004   Code   RO         3605    i.MemManage_Handler  stm32f10x_it.o
    0x08001a60   0x00000002   Code   RO         3606    i.NMI_Handler       stm32f10x_it.o
    0x08001a62   0x00000002   PAD
    0x08001a64   0x00000018   Code   RO         1476    i.NVIC_ClearPendingIRQ  uart1.o
    0x08001a7c   0x00000018   Code   RO         1834    i.NVIC_ClearPendingIRQ  uart2.o
    0x08001a94   0x00000070   Code   RO         1896    i.NVIC_Init         misc.o
    0x08001b04   0x00000014   Code   RO         1897    i.NVIC_PriorityGroupConfig  misc.o
    0x08001b18   0x00000026   Code   RO          199    i.PackData          packunpack.o
    0x08001b3e   0x00000002   Code   RO         3607    i.PendSV_Handler    stm32f10x_it.o
    0x08001b40   0x0000003c   Code   RO            3    i.Proc1SecTask      main.o
    0x08001b7c   0x000000ec   Code   RO            4    i.Proc2msTask       main.o
    0x08001c68   0x0000000e   Code   RO          258    i.ProcDatePack      prochostcmd.o
    0x08001c76   0x00000002   PAD
    0x08001c78   0x00000094   Code   RO          259    i.ProcHostCmd       prochostcmd.o
    0x08001d0c   0x0000000e   Code   RO         1431    i.QueueEmpty        queue.o
    0x08001d1a   0x00000002   PAD
    0x08001d1c   0x00000018   Code   RO         2220    i.RCC_ADCCLKConfig  stm32f10x_rcc.o
    0x08001d34   0x00000020   Code   RO         2221    i.RCC_AHBPeriphClockCmd  stm32f10x_rcc.o
    0x08001d54   0x00000020   Code   RO         2222    i.RCC_APB1PeriphClockCmd  stm32f10x_rcc.o
    0x08001d74   0x00000020   Code   RO         2224    i.RCC_APB2PeriphClockCmd  stm32f10x_rcc.o
    0x08001d94   0x00000020   Code   RO         2225    i.RCC_APB2PeriphResetCmd  stm32f10x_rcc.o
    0x08001db4   0x0000004c   Code   RO         2231    i.RCC_DeInit        stm32f10x_rcc.o
    0x08001e00   0x000000d4   Code   RO         2232    i.RCC_GetClocksFreq  stm32f10x_rcc.o
    0x08001ed4   0x0000003c   Code   RO         2233    i.RCC_GetFlagStatus  stm32f10x_rcc.o
    0x08001f10   0x00000010   Code   RO         2235    i.RCC_GetSYSCLKSource  stm32f10x_rcc.o
    0x08001f20   0x00000018   Code   RO         2236    i.RCC_HCLKConfig    stm32f10x_rcc.o
    0x08001f38   0x0000004c   Code   RO         2237    i.RCC_HSEConfig     stm32f10x_rcc.o
    0x08001f84   0x00000018   Code   RO         2243    i.RCC_PCLK1Config   stm32f10x_rcc.o
    0x08001f9c   0x00000018   Code   RO         2244    i.RCC_PCLK2Config   stm32f10x_rcc.o
    0x08001fb4   0x0000000c   Code   RO         2245    i.RCC_PLLCmd        stm32f10x_rcc.o
    0x08001fc0   0x0000001c   Code   RO         2246    i.RCC_PLLConfig     stm32f10x_rcc.o
    0x08001fdc   0x00000018   Code   RO         2249    i.RCC_SYSCLKConfig  stm32f10x_rcc.o
    0x08001ff4   0x00000038   Code   RO         2251    i.RCC_WaitForHSEStartUp  stm32f10x_rcc.o
    0x0800202c   0x000000d4   Code   RO         1746    i.RadioSendData     radio.o
    0x08002100   0x0000001c   Code   RO         1571    i.ReadADCBuf        adc.o
    0x0800211c   0x0000001c   Code   RO         1477    i.ReadSendBuf1      uart1.o
    0x08002138   0x0000001c   Code   RO         1835    i.ReadSendBuf2      uart2.o
    0x08002154   0x0000001c   Code   RO         1478    i.ReadUART1         uart1.o
    0x08002170   0x00000014   Code   RO         1244    i.RouteTimerTask    route.o
    0x08002184   0x00000008   Code   RO         1245    i.RouteTimerTasks   route.o
    0x0800218c   0x00000002   Code   RO         3608    i.SVC_Handler       stm32f10x_it.o
    0x0800218e   0x00000036   Code   RO          286    i.SendAckPack       senddatatohost.o
    0x080021c4   0x00000020   Code   RO         1479    i.SendCharUsedByFputc  uart1.o
    0x080021e4   0x00000030   Code   RO          287    i.SendDateToParent  senddatatohost.o
    0x08002214   0x00000046   Code   RO          288    i.SendPackToHost    senddatatohost.o
    0x0800225a   0x00000002   PAD
    0x0800225c   0x00000044   Code   RO         1246    i.SendRouteTask     route.o
    0x080022a0   0x0000002a   Code   RO          289    i.SendRouteToNeighbor  senddatatohost.o
    0x080022ca   0x00000008   Code   RO         3659    i.SetSysClock       system_stm32f10x.o
    0x080022d2   0x00000002   PAD
    0x080022d4   0x000000e0   Code   RO         3660    i.SetSysClockTo72   system_stm32f10x.o
    0x080023b4   0x00000008   Code   RO         3696    i.SysTick_Handler   systick.o
    0x080023bc   0x00000060   Code   RO         3662    i.SystemInit        system_stm32f10x.o
    0x0800241c   0x0000004c   Code   RO         1368    i.TIM2_IRQHandler   timer.o
    0x08002468   0x00000028   Code   RO         1572    i.TIM3_IRQHandler   adc.o
    0x08002490   0x00000048   Code   RO         1369    i.TIM5_IRQHandler   timer.o
    0x080024d8   0x00000006   Code   RO         2431    i.TIM_ClearITPendingBit  stm32f10x_tim.o
    0x080024de   0x00000018   Code   RO         2436    i.TIM_Cmd           stm32f10x_tim.o
    0x080024f6   0x00000022   Code   RO         2457    i.TIM_GetITStatus   stm32f10x_tim.o
    0x08002518   0x00000012   Code   RO         2461    i.TIM_ITConfig      stm32f10x_tim.o
    0x0800252a   0x00000012   Code   RO         2493    i.TIM_SelectOutputTrigger  stm32f10x_tim.o
    0x0800253c   0x000000a4   Code   RO         2507    i.TIM_TimeBaseInit  stm32f10x_tim.o
    0x080025e0   0x00000018   Code   RO         3697    i.TimDelayDec       systick.o
    0x080025f8   0x0000009c   Code   RO         1480    i.USART1_IRQHandler  uart1.o
    0x08002694   0x0000009c   Code   RO         1837    i.USART2_IRQHandler  uart2.o
    0x08002730   0x00000012   Code   RO         2968    i.USART_ClearFlag   stm32f10x_usart.o
    0x08002742   0x0000001e   Code   RO         2969    i.USART_ClearITPendingBit  stm32f10x_usart.o
    0x08002760   0x00000018   Code   RO         2972    i.USART_Cmd         stm32f10x_usart.o
    0x08002778   0x0000001a   Code   RO         2975    i.USART_GetFlagStatus  stm32f10x_usart.o
    0x08002792   0x00000054   Code   RO         2976    i.USART_GetITStatus  stm32f10x_usart.o
    0x080027e6   0x0000004a   Code   RO         2978    i.USART_ITConfig    stm32f10x_usart.o
    0x08002830   0x000000d8   Code   RO         2979    i.USART_Init        stm32f10x_usart.o
    0x08002908   0x0000000a   Code   RO         2986    i.USART_ReceiveData  stm32f10x_usart.o
    0x08002912   0x00000008   Code   RO         2989    i.USART_SendData    stm32f10x_usart.o
    0x0800291a   0x00000018   Code   RO         2995    i.USART_StructInit  stm32f10x_usart.o
    0x08002932   0x00000002   PAD
    0x08002934   0x000000c0   Code   RO          201    i.UnPackData        packunpack.o
    0x080029f4   0x00000006   Code   RO          202    i.UnpackWithCheckSum  packunpack.o
    0x080029fa   0x00000002   PAD
    0x080029fc   0x00000034   Code   RO         1248    i.UpdateParent      route.o
    0x08002a30   0x00000052   Code   RO         1250    i.UpdateRouTab2     route.o
    0x08002a82   0x00000002   PAD
    0x08002a84   0x00000044   Code   RO         1251    i.UpdateTable       route.o
    0x08002ac8   0x00000004   Code   RO         3609    i.UsageFault_Handler  stm32f10x_it.o
    0x08002acc   0x00000018   Code   RO         1573    i.WriteADCBuf       adc.o
    0x08002ae4   0x00000018   Code   RO         1481    i.WriteReceiveBuf1  uart1.o
    0x08002afc   0x00000018   Code   RO         1838    i.WriteReceiveBuf2  uart2.o
    0x08002b14   0x00000060   Code   RO         1482    i.WriteUART1        uart1.o
    0x08002b74   0x00000060   Code   RO         1839    i.WriteUART2        uart2.o
    0x08002bd4   0x00000020   Code   RO         4003    i.__0printf         mc_w.l(printfa.o)
    0x08002bf4   0x00000028   Code   RO         4005    i.__0sprintf        mc_w.l(printfa.o)
    0x08002c1c   0x00000024   Code   RO         4009    i.__0vsprintf       mc_w.l(printfa.o)
    0x08002c40   0x0000000e   Code   RO         4140    i.__scatterload_copy  mc_w.l(handlers.o)
    0x08002c4e   0x00000002   Code   RO         4141    i.__scatterload_null  mc_w.l(handlers.o)
    0x08002c50   0x0000000e   Code   RO         4142    i.__scatterload_zeroinit  mc_w.l(handlers.o)
    0x08002c5e   0x00000002   PAD
    0x08002c60   0x00000164   Code   RO         4010    i._fp_digits        mc_w.l(printfa.o)
    0x08002dc4   0x000006dc   Code   RO         4011    i._printf_core      mc_w.l(printfa.o)
    0x080034a0   0x00000024   Code   RO         4012    i._printf_post_padding  mc_w.l(printfa.o)
    0x080034c4   0x0000002e   Code   RO         4013    i._printf_pre_padding  mc_w.l(printfa.o)
    0x080034f2   0x0000000a   Code   RO         4015    i._sputc            mc_w.l(printfa.o)
    0x080034fc   0x00000046   Code   RO         1483    i.debug             uart1.o
    0x08003542   0x00000002   PAD
    0x08003544   0x00000034   Code   RO         1252    i.find              route.o
    0x08003578   0x00000010   Code   RO         1484    i.fputc             uart1.o
    0x08003588   0x00000044   Code   RO         1748    i.getAddress        radio.o
    0x080035cc   0x00000008   Code   RO         1749    i.isLoRaReady       radio.o
    0x080035d4   0x00000040   Code   RO            5    i.main              main.o
    0x08003614   0x0000000c   Code   RO         1370    i.millis            timer.o
    0x08003620   0x00000078   Code   RO         1751    i.readRegisters     radio.o
    0x08003698   0x00000020   Data   RO         4138    Region$$Table       anon$$obj.o


    Execution Region ER_RW (Base: 0x20000000, Size: 0x00000070, Max: 0xffffffff, ABSOLUTE)

    Base Addr    Size         Type   Attr      Idx    E Section Name        Object

    0x20000000   0x00000009   Data   RW            6    .data               main.o
    0x20000009   0x00000001   PAD
    0x2000000a   0x00000002   Data   RW          156    .data               led.o
    0x2000000c   0x00000008   Data   RW          204    .data               packunpack.o
    0x20000014   0x00000009   Data   RW         1255    .data               route.o
    0x2000001d   0x00000003   PAD
    0x20000020   0x0000000c   Data   RW         1371    .data               timer.o
    0x2000002c   0x00000001   Data   RW         1486    .data               uart1.o
    0x2000002d   0x00000001   PAD
    0x2000002e   0x00000002   Data   RW         1575    .data               adc.o
    0x20000030   0x00000008   Data   RW         1671    .data               dac.o
    0x20000038   0x00000006   Data   RW         1754    .data               radio.o
    0x2000003e   0x00000001   Data   RW         1841    .data               uart2.o
    0x2000003f   0x00000014   Data   RW         2252    .data               stm32f10x_rcc.o
    0x20000053   0x00000001   PAD
    0x20000054   0x00000014   Data   RW         3663    .data               system_stm32f10x.o
    0x20000068   0x00000004   Data   RW         3698    .data               systick.o
    0x2000006c   0x00000004   Data   RW         4101    .data               mc_w.l(stdout.o)


    Execution Region ER_ZI (Base: 0x20000070, Size: 0x000019c8, Max: 0xffffffff, ABSOLUTE)

    Base Addr    Size         Type   Attr      Idx    E Section Name        Object

    0x20000070   0x00000040   Zero   RW          203    .bss                packunpack.o
    0x200000b0   0x00000080   Zero   RW         1254    .bss                route.o
    0x20000130   0x00000818   Zero   RW         1485    .bss                uart1.o
    0x20000948   0x000000d4   Zero   RW         1574    .bss                adc.o
    0x20000a1c   0x00000818   Zero   RW         1840    .bss                uart2.o
    0x20001234   0x00000004   PAD
    0x20001238   0x00000800   Zero   RW         3734    STACK               startup_stm32f10x_hd.o


==============================================================================

Image component sizes


      Code (inc. data)   RO Data    RW Data    ZI Data      Debug   Object Name

       532         64          0          2        212       4973   adc.o
         0          0          0          0          0         32   core_cm3.o
       192         26          0          8          0       1343   dac.o
       204         20          0          2          0     218275   led.o
       424         84          0          9          0     276195   main.o
       132         22          0          0          0       1427   misc.o
        20          0          0          0          0        823   nvic.o
       372         48          0          8         64       6145   packunpack.o
       164         26          0          0          0       2291   prochostcmd.o
       190          0          0          0          0       3057   queue.o
       784        140          0          6          0       6133   radio.o
       108          0          0          0          0        926   rcc.o
       740         64          0          9        128       8966   route.o
       216          0          0          0          0       3788   senddatatohost.o
        36          8        304          0       2048        796   startup_stm32f10x_hd.o
       518         30          0          0          0       8092   stm32f10x_adc.o
       506         26          0          0          0       4903   stm32f10x_dma.o
       200         18          0          0          0       1964   stm32f10x_exti.o
        52         12          0          0          0       1033   stm32f10x_flash.o
       370          4          0          0          0       3607   stm32f10x_gpio.o
        24          0          0          0          0       3472   stm32f10x_it.o
       784        110          0         20          0      11586   stm32f10x_rcc.o
       264         42          0          0          0       3880   stm32f10x_tim.o
       514          6          0          0          0       7532   stm32f10x_usart.o
       328         28          0         20          0       2185   system_stm32f10x.o
       160         22          0          4          0      17594   systick.o
       420         60          0         12          0       5011   timer.o
       196          0          0          0          0       2621   u16queue.o
       786        118          0          1       2072      24852   uart1.o
       360         82          0          1       2072       4045   uart2.o

    ----------------------------------------------------------------------
      9624       1060        336        108       6600     637547   Object Totals
         0          0         32          0          0          0   (incl. Generated)
        28          0          0          6          4          0   (incl. Padding)

    ----------------------------------------------------------------------

      Code (inc. data)   RO Data    RW Data    ZI Data      Debug   Library Member Name

         0          0          0          0          0          0   entry.o
         0          0          0          0          0          0   entry10a.o
         0          0          0          0          0          0   entry11a.o
         8          4          0          0          0          0   entry2.o
         4          0          0          0          0          0   entry5.o
         0          0          0          0          0          0   entry7b.o
         0          0          0          0          0          0   entry8b.o
         8          4          0          0          0          0   entry9a.o
        30          0          0          0          0          0   handlers.o
        36          8          0          0          0         68   init.o
         0          0          0          0          0          0   iusefp.o
        30          0          0          0          0         68   llshl.o
        36          0          0          0          0         68   llsshr.o
        32          0          0          0          0         68   llushr.o
        36          0          0          0          0         68   memcpya.o
        36          0          0          0          0        108   memseta.o
      2312        102          0          0          0        676   printfa.o
         0          0          0          4          0          0   stdout.o
        14          0          0          0          0         68   strlen.o
        44          0          0          0          0         80   uidiv.o
        98          0          0          0          0         92   uldiv.o
        48          0          0          0          0         68   cdrcmple.o
        56          0          0          0          0         88   d2f.o
       334          0          0          0          0        148   dadd.o
       222          0          0          0          0        100   ddiv.o
       186          0          0          0          0        176   depilogue.o
        48          0          0          0          0         68   dfixul.o
       228          0          0          0          0         96   dmul.o
        38          0          0          0          0         68   f2d.o
       110          0          0          0          0        168   fepilogue.o
        40          0          0          0          0         68   ffixui.o
        10          0          0          0          0         68   ffltui.o

    ----------------------------------------------------------------------
      4048        118          0          4          0       2480   Library Totals
         4          0          0          0          0          0   (incl. Padding)

    ----------------------------------------------------------------------

      Code (inc. data)   RO Data    RW Data    ZI Data      Debug   Library Name

      2724        118          0          4          0       1364   mc_w.l
      1320          0          0          0          0       1116   mf_w.l

    ----------------------------------------------------------------------
      4048        118          0          4          0       2480   Library Totals

    ----------------------------------------------------------------------

==============================================================================


      Code (inc. data)   RO Data    RW Data    ZI Data      Debug   

     13672       1178        336        112       6600     630247   Grand Totals
     13672       1178        336        112       6600     630247   ELF Image Totals
     13672       1178        336        112          0          0   ROM Totals

==============================================================================

    Total RO  Size (Code + RO Data)                14008 (  13.68kB)
    Total RW  Size (RW Data + ZI Data)              6712 (   6.55kB)
    Total ROM Size (Code + RO Data + RW Data)      14120 (  13.79kB)

==============================================================================

